Archive member included because of file (symbol)

c:/winavr-20100110/bin/../lib/gcc/avr/4.3.3/../../../../avr/lib/avr51\libm.a(addsf3.o)
                              ./Blocks.o (__subsf3)
c:/winavr-20100110/bin/../lib/gcc/avr/4.3.3/../../../../avr/lib/avr51\libm.a(addsf3x.o)
                              c:/winavr-20100110/bin/../lib/gcc/avr/4.3.3/../../../../avr/lib/avr51\libm.a(addsf3.o) (__addsf3x)
c:/winavr-20100110/bin/../lib/gcc/avr/4.3.3/../../../../avr/lib/avr51\libm.a(cos.o)
                              ./Blocks.o (cos)
c:/winavr-20100110/bin/../lib/gcc/avr/4.3.3/../../../../avr/lib/avr51\libm.a(divsf3.o)
                              ./Blocks.o (__divsf3)
c:/winavr-20100110/bin/../lib/gcc/avr/4.3.3/../../../../avr/lib/avr51\libm.a(divsf3x.o)
                              c:/winavr-20100110/bin/../lib/gcc/avr/4.3.3/../../../../avr/lib/avr51\libm.a(divsf3.o) (__divsf3x)
c:/winavr-20100110/bin/../lib/gcc/avr/4.3.3/../../../../avr/lib/avr51\libm.a(floatsisf.o)
                              ./Blocks.o (__floatsisf)
c:/winavr-20100110/bin/../lib/gcc/avr/4.3.3/../../../../avr/lib/avr51\libm.a(fp_inf.o)
                              c:/winavr-20100110/bin/../lib/gcc/avr/4.3.3/../../../../avr/lib/avr51\libm.a(addsf3x.o) (__fp_inf)
c:/winavr-20100110/bin/../lib/gcc/avr/4.3.3/../../../../avr/lib/avr51\libm.a(fp_nan.o)
                              c:/winavr-20100110/bin/../lib/gcc/avr/4.3.3/../../../../avr/lib/avr51\libm.a(addsf3x.o) (__fp_nan)
c:/winavr-20100110/bin/../lib/gcc/avr/4.3.3/../../../../avr/lib/avr51\libm.a(fp_pscA.o)
                              c:/winavr-20100110/bin/../lib/gcc/avr/4.3.3/../../../../avr/lib/avr51\libm.a(addsf3x.o) (__fp_pscA)
c:/winavr-20100110/bin/../lib/gcc/avr/4.3.3/../../../../avr/lib/avr51\libm.a(fp_pscB.o)
                              c:/winavr-20100110/bin/../lib/gcc/avr/4.3.3/../../../../avr/lib/avr51\libm.a(addsf3x.o) (__fp_pscB)
c:/winavr-20100110/bin/../lib/gcc/avr/4.3.3/../../../../avr/lib/avr51\libm.a(fp_rempio2.o)
                              c:/winavr-20100110/bin/../lib/gcc/avr/4.3.3/../../../../avr/lib/avr51\libm.a(cos.o) (__fp_rempio2)
c:/winavr-20100110/bin/../lib/gcc/avr/4.3.3/../../../../avr/lib/avr51\libm.a(fp_round.o)
                              c:/winavr-20100110/bin/../lib/gcc/avr/4.3.3/../../../../avr/lib/avr51\libm.a(addsf3.o) (__fp_round)
c:/winavr-20100110/bin/../lib/gcc/avr/4.3.3/../../../../avr/lib/avr51\libm.a(fp_sinus.o)
                              c:/winavr-20100110/bin/../lib/gcc/avr/4.3.3/../../../../avr/lib/avr51\libm.a(cos.o) (__fp_sinus)
c:/winavr-20100110/bin/../lib/gcc/avr/4.3.3/../../../../avr/lib/avr51\libm.a(fp_split3.o)
                              c:/winavr-20100110/bin/../lib/gcc/avr/4.3.3/../../../../avr/lib/avr51\libm.a(addsf3x.o) (__fp_split3)
c:/winavr-20100110/bin/../lib/gcc/avr/4.3.3/../../../../avr/lib/avr51\libm.a(fp_zero.o)
                              c:/winavr-20100110/bin/../lib/gcc/avr/4.3.3/../../../../avr/lib/avr51\libm.a(addsf3x.o) (__fp_zero)
c:/winavr-20100110/bin/../lib/gcc/avr/4.3.3/../../../../avr/lib/avr51\libm.a(mulsf3.o)
                              ./Blocks.o (__mulsf3)
c:/winavr-20100110/bin/../lib/gcc/avr/4.3.3/../../../../avr/lib/avr51\libm.a(mulsf3x.o)
                              c:/winavr-20100110/bin/../lib/gcc/avr/4.3.3/../../../../avr/lib/avr51\libm.a(mulsf3.o) (__mulsf3x)
c:/winavr-20100110/bin/../lib/gcc/avr/4.3.3/../../../../avr/lib/avr51\libm.a(sin.o)
                              ./Blocks.o (sin)
c:/winavr-20100110/bin/../lib/gcc/avr/4.3.3/../../../../avr/lib/avr51\libm.a(tan.o)
                              ./Blocks.o (tan)
c:/winavr-20100110/bin/../lib/gcc/avr/4.3.3/../../../../avr/lib/avr51\libm.a(fp_mpack.o)
                              c:/winavr-20100110/bin/../lib/gcc/avr/4.3.3/../../../../avr/lib/avr51\libm.a(fp_rempio2.o) (__fp_mpack_finite)
c:/winavr-20100110/bin/../lib/gcc/avr/4.3.3/../../../../avr/lib/avr51\libm.a(fp_powsodd.o)
                              c:/winavr-20100110/bin/../lib/gcc/avr/4.3.3/../../../../avr/lib/avr51\libm.a(fp_sinus.o) (__fp_powsodd)
c:/winavr-20100110/bin/../lib/gcc/avr/4.3.3/../../../../avr/lib/avr51\libm.a(inverse.o)
                              c:/winavr-20100110/bin/../lib/gcc/avr/4.3.3/../../../../avr/lib/avr51\libm.a(tan.o) (inverse)
c:/winavr-20100110/bin/../lib/gcc/avr/4.3.3/../../../../avr/lib/avr51\libm.a(fp_powser.o)
                              c:/winavr-20100110/bin/../lib/gcc/avr/4.3.3/../../../../avr/lib/avr51\libm.a(fp_powsodd.o) (__fp_powser)
c:/winavr-20100110/bin/../lib/gcc/avr/4.3.3/avr51\libgcc.a(_udivmodqi4.o)
                              ./PWM.o (__udivmodqi4)
c:/winavr-20100110/bin/../lib/gcc/avr/4.3.3/avr51\libgcc.a(_divmodhi4.o)
                              ./Blocks.o (__divmodhi4)
c:/winavr-20100110/bin/../lib/gcc/avr/4.3.3/avr51\libgcc.a(_exit.o)
                              c:/winavr-20100110/bin/../lib/gcc/avr/4.3.3/../../../../avr/lib/avr51/crtm128.o (exit)
c:/winavr-20100110/bin/../lib/gcc/avr/4.3.3/avr51\libgcc.a(_clear_bss.o)
                              ./Blocks.o (__do_clear_bss)
c:/winavr-20100110/bin/../lib/gcc/avr/4.3.3/avr51\libgcc.a(_udivmodhi4.o)
                              c:/winavr-20100110/bin/../lib/gcc/avr/4.3.3/avr51\libgcc.a(_divmodhi4.o) (__udivmodhi4)
c:/winavr-20100110/bin/../lib/gcc/avr/4.3.3/../../../../avr/lib/avr51\libc.a(memcpy.o)
                              ./queue.o (memcpy)
c:/winavr-20100110/bin/../lib/gcc/avr/4.3.3/../../../../avr/lib/avr51\libc.a(memset.o)
                              ./tasks.o (memset)
c:/winavr-20100110/bin/../lib/gcc/avr/4.3.3/../../../../avr/lib/avr51\libc.a(strncpy.o)
                              ./tasks.o (strncpy)

Allocating common symbols
Common symbol       size              file

kd                  0x1               ./Blocks.o

Memory Configuration

Name             Origin             Length             Attributes
text             0x00000000         0x00020000         xr
data             0x00800060         0x0000ffa0         rw !x
eeprom           0x00810000         0x00010000         rw !x
fuse             0x00820000         0x00000400         rw !x
lock             0x00830000         0x00000400         rw !x
signature        0x00840000         0x00000400         rw !x
*default*        0x00000000         0xffffffff

Linker script and memory map

Address of section .data set to 0x800100
LOAD c:/winavr-20100110/bin/../lib/gcc/avr/4.3.3/../../../../avr/lib/avr51/crtm128.o
LOAD ./Blocks.o
LOAD ./DDIO_128.o
LOAD ./PWM.o
LOAD ./USART_128.o
LOAD ./croutine.o
LOAD ./heap_1.o
LOAD ./list.o
LOAD ./main.o
LOAD ./port.o
LOAD ./queue.o
LOAD ./tasks.o
LOAD ./timers.o
LOAD c:/winavr-20100110/bin/../lib/gcc/avr/4.3.3/../../../../avr/lib/avr51\libm.a
LOAD c:/winavr-20100110/bin/../lib/gcc/avr/4.3.3/avr51\libgcc.a
LOAD c:/winavr-20100110/bin/../lib/gcc/avr/4.3.3/../../../../avr/lib/avr51\libc.a
LOAD c:/winavr-20100110/bin/../lib/gcc/avr/4.3.3/avr51\libgcc.a

.hash
 *(.hash)

.dynsym
 *(.dynsym)

.dynstr
 *(.dynstr)

.gnu.version
 *(.gnu.version)

.gnu.version_d
 *(.gnu.version_d)

.gnu.version_r
 *(.gnu.version_r)

.rel.init
 *(.rel.init)

.rela.init
 *(.rela.init)

.rel.text
 *(.rel.text)
 *(.rel.text.*)
 *(.rel.gnu.linkonce.t*)

.rela.text
 *(.rela.text)
 *(.rela.text.*)
 *(.rela.gnu.linkonce.t*)

.rel.fini
 *(.rel.fini)

.rela.fini
 *(.rela.fini)

.rel.rodata
 *(.rel.rodata)
 *(.rel.rodata.*)
 *(.rel.gnu.linkonce.r*)

.rela.rodata
 *(.rela.rodata)
 *(.rela.rodata.*)
 *(.rela.gnu.linkonce.r*)

.rel.data
 *(.rel.data)
 *(.rel.data.*)
 *(.rel.gnu.linkonce.d*)

.rela.data
 *(.rela.data)
 *(.rela.data.*)
 *(.rela.gnu.linkonce.d*)

.rel.ctors
 *(.rel.ctors)

.rela.ctors
 *(.rela.ctors)

.rel.dtors
 *(.rel.dtors)

.rela.dtors
 *(.rela.dtors)

.rel.got
 *(.rel.got)

.rela.got
 *(.rela.got)

.rel.bss
 *(.rel.bss)

.rela.bss
 *(.rela.bss)

.rel.plt
 *(.rel.plt)

.rela.plt
 *(.rela.plt)

.text           0x00000000     0x4894
 *(.vectors)
 .vectors       0x00000000       0x8c c:/winavr-20100110/bin/../lib/gcc/avr/4.3.3/../../../../avr/lib/avr51/crtm128.o
                0x00000000                __vectors
                0x00000000                __vector_default
 *(.vectors)
 *(.progmem.gcc*)
 .progmem.gcc_fplib
                0x0000008c       0x1e c:/winavr-20100110/bin/../lib/gcc/avr/4.3.3/../../../../avr/lib/avr51\libm.a(fp_sinus.o)
 .progmem.gcc_fplib
                0x000000aa       0x23 c:/winavr-20100110/bin/../lib/gcc/avr/4.3.3/../../../../avr/lib/avr51\libm.a(tan.o)
 *(.progmem*)
                0x000000ce                . = ALIGN (0x2)
 *fill*         0x000000cd        0x1 00
                0x000000ce                __trampolines_start = .
 *(.trampolines)
 .trampolines   0x000000ce        0x0 linker stubs
 *(.trampolines*)
                0x000000ce                __trampolines_end = .
 *(.jumptables)
 *(.jumptables*)
 *(.lowtext)
 *(.lowtext*)
                0x000000ce                __ctors_start = .
 *(.ctors)
                0x000000ce                __ctors_end = .
                0x000000ce                __dtors_start = .
 *(.dtors)
                0x000000ce                __dtors_end = .
 SORT(*)(.ctors)
 SORT(*)(.dtors)
 *(.init0)
 .init0         0x000000ce        0x0 c:/winavr-20100110/bin/../lib/gcc/avr/4.3.3/../../../../avr/lib/avr51/crtm128.o
                0x000000ce                __init
 *(.init0)
 *(.init1)
 *(.init1)
 *(.init2)
 .init2         0x000000ce        0xc c:/winavr-20100110/bin/../lib/gcc/avr/4.3.3/../../../../avr/lib/avr51/crtm128.o
 *(.init2)
 *(.init3)
 *(.init3)
 *(.init4)
 .init4         0x000000da       0x1a c:/winavr-20100110/bin/../lib/gcc/avr/4.3.3/../../../../avr/lib/avr51/crtm128.o
                0x000000da                __do_copy_data
 .init4         0x000000f4       0x10 c:/winavr-20100110/bin/../lib/gcc/avr/4.3.3/avr51\libgcc.a(_clear_bss.o)
                0x000000f4                __do_clear_bss
 *(.init4)
 *(.init5)
 *(.init5)
 *(.init6)
 *(.init6)
 *(.init7)
 *(.init7)
 *(.init8)
 *(.init8)
 *(.init9)
 .init9         0x00000104        0x8 c:/winavr-20100110/bin/../lib/gcc/avr/4.3.3/../../../../avr/lib/avr51/crtm128.o
 *(.init9)
 *(.text)
 .text          0x0000010c        0x4 c:/winavr-20100110/bin/../lib/gcc/avr/4.3.3/../../../../avr/lib/avr51/crtm128.o
                0x0000010c                __vector_22
                0x0000010c                __vector_28
                0x0000010c                __vector_1
                0x0000010c                __vector_32
                0x0000010c                __vector_34
                0x0000010c                __vector_24
                0x0000010c                __bad_interrupt
                0x0000010c                __vector_6
                0x0000010c                __vector_31
                0x0000010c                __vector_3
                0x0000010c                __vector_23
                0x0000010c                __vector_30
                0x0000010c                __vector_25
                0x0000010c                __vector_11
                0x0000010c                __vector_13
                0x0000010c                __vector_17
                0x0000010c                __vector_19
                0x0000010c                __vector_7
                0x0000010c                __vector_27
                0x0000010c                __vector_5
                0x0000010c                __vector_33
                0x0000010c                __vector_4
                0x0000010c                __vector_9
                0x0000010c                __vector_2
                0x0000010c                __vector_21
                0x0000010c                __vector_15
                0x0000010c                __vector_29
                0x0000010c                __vector_8
                0x0000010c                __vector_26
                0x0000010c                __vector_14
                0x0000010c                __vector_10
                0x0000010c                __vector_16
                0x0000010c                __vector_18
                0x0000010c                __vector_20
 .text          0x00000110        0x0 ./Blocks.o
 .text          0x00000110        0x0 ./DDIO_128.o
 .text          0x00000110        0x0 ./PWM.o
 .text          0x00000110        0x0 ./USART_128.o
 .text          0x00000110        0x0 ./croutine.o
 .text          0x00000110        0x0 ./heap_1.o
 .text          0x00000110        0x0 ./list.o
 .text          0x00000110        0x0 ./main.o
 .text          0x00000110        0x0 ./port.o
 .text          0x00000110        0x0 ./queue.o
 .text          0x00000110        0x0 ./tasks.o
 .text          0x00000110        0x0 ./timers.o
 .text          0x00000110        0x0 c:/winavr-20100110/bin/../lib/gcc/avr/4.3.3/../../../../avr/lib/avr51\libm.a(addsf3.o)
 .text          0x00000110        0x0 c:/winavr-20100110/bin/../lib/gcc/avr/4.3.3/../../../../avr/lib/avr51\libm.a(addsf3x.o)
 .text          0x00000110        0x0 c:/winavr-20100110/bin/../lib/gcc/avr/4.3.3/../../../../avr/lib/avr51\libm.a(cos.o)
 .text          0x00000110        0x0 c:/winavr-20100110/bin/../lib/gcc/avr/4.3.3/../../../../avr/lib/avr51\libm.a(divsf3.o)
 .text          0x00000110        0x0 c:/winavr-20100110/bin/../lib/gcc/avr/4.3.3/../../../../avr/lib/avr51\libm.a(divsf3x.o)
 .text          0x00000110        0x0 c:/winavr-20100110/bin/../lib/gcc/avr/4.3.3/../../../../avr/lib/avr51\libm.a(floatsisf.o)
 .text          0x00000110        0x0 c:/winavr-20100110/bin/../lib/gcc/avr/4.3.3/../../../../avr/lib/avr51\libm.a(fp_inf.o)
 .text          0x00000110        0x0 c:/winavr-20100110/bin/../lib/gcc/avr/4.3.3/../../../../avr/lib/avr51\libm.a(fp_nan.o)
 .text          0x00000110        0x0 c:/winavr-20100110/bin/../lib/gcc/avr/4.3.3/../../../../avr/lib/avr51\libm.a(fp_pscA.o)
 .text          0x00000110        0x0 c:/winavr-20100110/bin/../lib/gcc/avr/4.3.3/../../../../avr/lib/avr51\libm.a(fp_pscB.o)
 .text          0x00000110        0x0 c:/winavr-20100110/bin/../lib/gcc/avr/4.3.3/../../../../avr/lib/avr51\libm.a(fp_rempio2.o)
 .text          0x00000110        0x0 c:/winavr-20100110/bin/../lib/gcc/avr/4.3.3/../../../../avr/lib/avr51\libm.a(fp_round.o)
 .text          0x00000110        0x0 c:/winavr-20100110/bin/../lib/gcc/avr/4.3.3/../../../../avr/lib/avr51\libm.a(fp_sinus.o)
 .text          0x00000110        0x0 c:/winavr-20100110/bin/../lib/gcc/avr/4.3.3/../../../../avr/lib/avr51\libm.a(fp_split3.o)
 .text          0x00000110        0x0 c:/winavr-20100110/bin/../lib/gcc/avr/4.3.3/../../../../avr/lib/avr51\libm.a(fp_zero.o)
 .text          0x00000110        0x0 c:/winavr-20100110/bin/../lib/gcc/avr/4.3.3/../../../../avr/lib/avr51\libm.a(mulsf3.o)
 .text          0x00000110        0x0 c:/winavr-20100110/bin/../lib/gcc/avr/4.3.3/../../../../avr/lib/avr51\libm.a(mulsf3x.o)
 .text          0x00000110        0x0 c:/winavr-20100110/bin/../lib/gcc/avr/4.3.3/../../../../avr/lib/avr51\libm.a(sin.o)
 .text          0x00000110        0x0 c:/winavr-20100110/bin/../lib/gcc/avr/4.3.3/../../../../avr/lib/avr51\libm.a(tan.o)
 .text          0x00000110        0x0 c:/winavr-20100110/bin/../lib/gcc/avr/4.3.3/../../../../avr/lib/avr51\libm.a(fp_mpack.o)
 .text          0x00000110        0x0 c:/winavr-20100110/bin/../lib/gcc/avr/4.3.3/../../../../avr/lib/avr51\libm.a(fp_powsodd.o)
 .text          0x00000110        0x0 c:/winavr-20100110/bin/../lib/gcc/avr/4.3.3/../../../../avr/lib/avr51\libm.a(inverse.o)
 .text          0x00000110        0x0 c:/winavr-20100110/bin/../lib/gcc/avr/4.3.3/../../../../avr/lib/avr51\libm.a(fp_powser.o)
 .text          0x00000110        0x0 c:/winavr-20100110/bin/../lib/gcc/avr/4.3.3/avr51\libgcc.a(_udivmodqi4.o)
 .text          0x00000110        0x0 c:/winavr-20100110/bin/../lib/gcc/avr/4.3.3/avr51\libgcc.a(_divmodhi4.o)
 .text          0x00000110        0x0 c:/winavr-20100110/bin/../lib/gcc/avr/4.3.3/avr51\libgcc.a(_exit.o)
 .text          0x00000110        0x0 c:/winavr-20100110/bin/../lib/gcc/avr/4.3.3/avr51\libgcc.a(_clear_bss.o)
 .text          0x00000110        0x0 c:/winavr-20100110/bin/../lib/gcc/avr/4.3.3/avr51\libgcc.a(_udivmodhi4.o)
 .text          0x00000110        0x0 c:/winavr-20100110/bin/../lib/gcc/avr/4.3.3/../../../../avr/lib/avr51\libc.a(memcpy.o)
 .text          0x00000110        0x0 c:/winavr-20100110/bin/../lib/gcc/avr/4.3.3/../../../../avr/lib/avr51\libc.a(memset.o)
 .text          0x00000110        0x0 c:/winavr-20100110/bin/../lib/gcc/avr/4.3.3/../../../../avr/lib/avr51\libc.a(strncpy.o)
                0x00000110                . = ALIGN (0x2)
 *(.text.*)
 .text.body_rates
                0x00000110      0x296 ./Blocks.o
                0x00000110                body_rates
 .text.roll_pitch
                0x000003a6      0x71c ./Blocks.o
                0x000003a6                roll_pitch
 .text.yaw_controller
                0x00000ac2       0x96 ./Blocks.o
                0x00000ac2                yaw_controller
 .text.altitude_controller
                0x00000b58      0x1e4 ./Blocks.o
                0x00000b58                altitude_controller
 .text.lateral_controller
                0x00000d3c      0x1de ./Blocks.o
                0x00000d3c                lateral_controller
 .text.SetPinDir
                0x00000f1a      0x34e ./DDIO_128.o
                0x00000f1a                SetPinDir
 .text.SetPinVal
                0x00001268      0x34e ./DDIO_128.o
                0x00001268                SetPinVal
 .text.ReadPinVal
                0x000015b6      0x1c0 ./DDIO_128.o
                0x000015b6                ReadPinVal
 .text.ARM_Motors
                0x00001776       0xf8 ./PWM.o
                0x00001776                ARM_Motors
 .text.ISR      0x0000186e       0x2e ./PWM.o
                0x0000186e                ISR
 .text.PWM      0x0000189c      0x170 ./PWM.o
                0x0000189c                PWM
 .text.DISARM_Motors
                0x00001a0c       0x62 ./PWM.o
                0x00001a0c                DISARM_Motors
 .text.UART0_init
                0x00001a6e       0x26 ./USART_128.o
                0x00001a6e                UART0_init
 .text.UART1_init
                0x00001a94       0x26 ./USART_128.o
                0x00001a94                UART1_init
 .text.UART2_init
                0x00001aba       0x26 ./USART_128.o
                0x00001aba                UART2_init
 .text.UART0_sendByte
                0x00001ae0       0x42 ./USART_128.o
                0x00001ae0                UART0_sendByte
 .text.UART0_receiveByte
                0x00001b22       0x1e ./USART_128.o
                0x00001b22                UART0_receiveByte
 .text.UART1_sendByte
                0x00001b40       0x42 ./USART_128.o
                0x00001b40                UART1_sendByte
 .text.UART1_receiveByte
                0x00001b82       0x1e ./USART_128.o
                0x00001b82                UART1_receiveByte
 .text.UART2_sendByte
                0x00001ba0       0x42 ./USART_128.o
                0x00001ba0                UART2_sendByte
 .text.UART2_receiveByte
                0x00001be2       0x1e ./USART_128.o
                0x00001be2                UART2_receiveByte
 .text.UART0_sendString
                0x00001c00       0x38 ./USART_128.o
                0x00001c00                UART0_sendString
 .text.UART0_receiveString
                0x00001c38       0x48 ./USART_128.o
                0x00001c38                UART0_receiveString
 .text.UART1_sendString
                0x00001c80       0x38 ./USART_128.o
                0x00001c80                UART1_sendString
 .text.UART1_receiveString
                0x00001cb8       0x48 ./USART_128.o
                0x00001cb8                UART1_receiveString
 .text.UART2_sendString
                0x00001d00       0x38 ./USART_128.o
                0x00001d00                UART2_sendString
 .text.UART2_receiveString
                0x00001d38       0x48 ./USART_128.o
                0x00001d38                UART2_receiveString
 .text.xCoRoutineCreate
                0x00001d80      0x128 ./croutine.o
                0x00001d80                xCoRoutineCreate
 .text.vCoRoutineAddToDelayedList
                0x00001ea8       0xc2 ./croutine.o
                0x00001ea8                vCoRoutineAddToDelayedList
 .text.prvCheckPendingReadyList
                0x00001f6a       0x94 ./croutine.o
 .text.prvCheckDelayedList
                0x00001ffe      0x15c ./croutine.o
 .text.vCoRoutineSchedule
                0x0000215a       0xf4 ./croutine.o
                0x0000215a                vCoRoutineSchedule
 .text.prvInitialiseCoRoutineLists
                0x0000224e       0x72 ./croutine.o
 .text.xCoRoutineRemoveFromEventList
                0x000022c0       0x70 ./croutine.o
                0x000022c0                xCoRoutineRemoveFromEventList
 .text.pvPortMalloc
                0x00002330       0x8c ./heap_1.o
                0x00002330                pvPortMalloc
 .text.vPortFree
                0x000023bc       0x18 ./heap_1.o
                0x000023bc                vPortFree
 .text.vPortInitialiseBlocks
                0x000023d4       0x16 ./heap_1.o
                0x000023d4                vPortInitialiseBlocks
 .text.xPortGetFreeHeapSize
                0x000023ea       0x1e ./heap_1.o
                0x000023ea                xPortGetFreeHeapSize
 .text.vListInitialise
                0x00002408       0x54 ./list.o
                0x00002408                vListInitialise
 .text.vListInitialiseItem
                0x0000245c       0x20 ./list.o
                0x0000245c                vListInitialiseItem
 .text.vListInsertEnd
                0x0000247c       0x98 ./list.o
                0x0000247c                vListInsertEnd
 .text.vListInsert
                0x00002514       0xd8 ./list.o
                0x00002514                vListInsert
 .text.vListRemove
                0x000025ec       0x92 ./list.o
                0x000025ec                vListRemove
 .text.main     0x0000267e       0x1c ./main.o
                0x0000267e                main
 .text.pxPortInitialiseStack
                0x0000269a      0x306 ./port.o
                0x0000269a                pxPortInitialiseStack
 .text.xPortStartScheduler
                0x000029a0       0x6a ./port.o
                0x000029a0                xPortStartScheduler
 .text.vPortEndScheduler
                0x00002a0a        0xe ./port.o
                0x00002a0a                vPortEndScheduler
 .text.vPortYield
                0x00002a18       0xb2 ./port.o
                0x00002a18                vPortYield
 .text.vPortYieldFromTick
                0x00002aca       0xb6 ./port.o
                0x00002aca                vPortYieldFromTick
 .text.prvSetupTimerInterrupt
                0x00002b80       0xb8 ./port.o
 .text.__vector_12
                0x00002c38        0x6 ./port.o
                0x00002c38                __vector_12
 .text.xQueueCreate
                0x00002c3e      0x152 ./queue.o
                0x00002c3e                xQueueCreate
 .text.xQueueGenericSend
                0x00002d90      0x13c ./queue.o
                0x00002d90                xQueueGenericSend
 .text.xQueueGenericSendFromISR
                0x00002ecc       0x9a ./queue.o
                0x00002ecc                xQueueGenericSendFromISR
 .text.xQueueGenericReceive
                0x00002f66      0x180 ./queue.o
                0x00002f66                xQueueGenericReceive
 .text.xQueueReceiveFromISR
                0x000030e6       0x9e ./queue.o
                0x000030e6                xQueueReceiveFromISR
 .text.uxQueueMessagesWaiting
                0x00003184       0x30 ./queue.o
                0x00003184                uxQueueMessagesWaiting
 .text.uxQueueMessagesWaitingFromISR
                0x000031b4       0x26 ./queue.o
                0x000031b4                uxQueueMessagesWaitingFromISR
 .text.vQueueDelete
                0x000031da       0x2c ./queue.o
                0x000031da                vQueueDelete
 .text.prvCopyDataToQueue
                0x00003206      0x12a ./queue.o
 .text.prvCopyDataFromQueue
                0x00003330       0x90 ./queue.o
 .text.prvUnlockQueue
                0x000033c0       0xa8 ./queue.o
 .text.prvIsQueueEmpty
                0x00003468       0x38 ./queue.o
 .text.xQueueIsQueueEmptyFromISR
                0x000034a0       0x2e ./queue.o
                0x000034a0                xQueueIsQueueEmptyFromISR
 .text.prvIsQueueFull
                0x000034ce       0x3e ./queue.o
 .text.xQueueIsQueueFullFromISR
                0x0000350c       0x34 ./queue.o
                0x0000350c                xQueueIsQueueFullFromISR
 .text.xTaskGenericCreate
                0x00003540      0x1da ./tasks.o
                0x00003540                xTaskGenericCreate
 .text.vTaskDelete
                0x0000371a       0xc6 ./tasks.o
                0x0000371a                vTaskDelete
 .text.vTaskDelayUntil
                0x000037e0       0xe8 ./tasks.o
                0x000037e0                vTaskDelayUntil
 .text.vTaskDelay
                0x000038c8       0x6a ./tasks.o
                0x000038c8                vTaskDelay
 .text.vTaskStartScheduler
                0x00003932       0x6e ./tasks.o
                0x00003932                vTaskStartScheduler
 .text.vTaskEndScheduler
                0x000039a0       0x18 ./tasks.o
                0x000039a0                vTaskEndScheduler
 .text.vTaskSuspendAll
                0x000039b8       0x18 ./tasks.o
                0x000039b8                vTaskSuspendAll
 .text.xTaskResumeAll
                0x000039d0      0x114 ./tasks.o
                0x000039d0                xTaskResumeAll
 .text.xTaskGetTickCount
                0x00003ae4       0x2e ./tasks.o
                0x00003ae4                xTaskGetTickCount
 .text.xTaskGetTickCountFromISR
                0x00003b12       0x2a ./tasks.o
                0x00003b12                xTaskGetTickCountFromISR
 .text.uxTaskGetNumberOfTasks
                0x00003b3c       0x12 ./tasks.o
                0x00003b3c                uxTaskGetNumberOfTasks
 .text.vTaskIncrementTick
                0x00003b4e      0x1aa ./tasks.o
                0x00003b4e                vTaskIncrementTick
 .text.vTaskSwitchContext
                0x00003cf8       0xcc ./tasks.o
                0x00003cf8                vTaskSwitchContext
 .text.vTaskPlaceOnEventList
                0x00003dc4       0x6c ./tasks.o
                0x00003dc4                vTaskPlaceOnEventList
 .text.xTaskRemoveFromEventList
                0x00003e30       0xd0 ./tasks.o
                0x00003e30                xTaskRemoveFromEventList
 .text.vTaskSetTimeOutState
                0x00003f00       0x32 ./tasks.o
                0x00003f00                vTaskSetTimeOutState
 .text.xTaskCheckForTimeOut
                0x00003f32       0xba ./tasks.o
                0x00003f32                xTaskCheckForTimeOut
 .text.vTaskMissedYield
                0x00003fec       0x14 ./tasks.o
                0x00003fec                vTaskMissedYield
 .text.prvIdleTask
                0x00004000       0x14 ./tasks.o
 .text.prvInitialiseTCBVariables
                0x00004014       0xae ./tasks.o
 .text.prvInitialiseTaskLists
                0x000040c2       0x7a ./tasks.o
 .text.prvCheckTasksWaitingTermination
                0x0000413c       0x7c ./tasks.o
 .text.prvAddCurrentTaskToDelayedList
                0x000041b8       0x92 ./tasks.o
 .text.prvAllocateTCBAndStack
                0x0000424a       0xa0 ./tasks.o
 .text.prvDeleteTCB
                0x000042ea       0x2c ./tasks.o
 .text.avr-libc.fplib
                0x00004316        0xa c:/winavr-20100110/bin/../lib/gcc/avr/4.3.3/../../../../avr/lib/avr51\libm.a(addsf3.o)
                0x00004316                __subsf3
                0x00004318                __addsf3
 .text.avr-libc.fplib
                0x00004320       0xc0 c:/winavr-20100110/bin/../lib/gcc/avr/4.3.3/../../../../avr/lib/avr51\libm.a(addsf3x.o)
                0x0000433a                __addsf3x
 .text.avr-libc.fplib
                0x000043e0        0x6 c:/winavr-20100110/bin/../lib/gcc/avr/4.3.3/../../../../avr/lib/avr51\libm.a(cos.o)
                0x000043e0                cos
 .text.avr-libc.fplib
                0x000043e6        0x4 c:/winavr-20100110/bin/../lib/gcc/avr/4.3.3/../../../../avr/lib/avr51\libm.a(divsf3.o)
                0x000043e6                __divsf3
 .text.avr-libc.fplib
                0x000043ea       0xcc c:/winavr-20100110/bin/../lib/gcc/avr/4.3.3/../../../../avr/lib/avr51\libm.a(divsf3x.o)
                0x00004400                __divsf3x
                0x00004404                __divsf3_pse
 .text.avr-libc.fplib
                0x000044b6       0x7a c:/winavr-20100110/bin/../lib/gcc/avr/4.3.3/../../../../avr/lib/avr51\libm.a(floatsisf.o)
                0x000044ba                __floatsisf
                0x000044b6                __floatunsisf
 .text.avr-libc.fplib
                0x00004530        0xc c:/winavr-20100110/bin/../lib/gcc/avr/4.3.3/../../../../avr/lib/avr51\libm.a(fp_inf.o)
                0x00004530                __fp_inf
 .text.avr-libc.fplib
                0x0000453c        0x6 c:/winavr-20100110/bin/../lib/gcc/avr/4.3.3/../../../../avr/lib/avr51\libm.a(fp_nan.o)
                0x0000453c                __fp_nan
 .text.avr-libc.fplib
                0x00004542        0xe c:/winavr-20100110/bin/../lib/gcc/avr/4.3.3/../../../../avr/lib/avr51\libm.a(fp_pscA.o)
                0x00004542                __fp_pscA
 .text.avr-libc.fplib
                0x00004550        0xe c:/winavr-20100110/bin/../lib/gcc/avr/4.3.3/../../../../avr/lib/avr51\libm.a(fp_pscB.o)
                0x00004550                __fp_pscB
 .text.avr-libc.fplib
                0x0000455e       0x50 c:/winavr-20100110/bin/../lib/gcc/avr/4.3.3/../../../../avr/lib/avr51\libm.a(fp_rempio2.o)
                0x00004560                __fp_rempio2
 .text.avr-libc.fplib
                0x000045ae       0x22 c:/winavr-20100110/bin/../lib/gcc/avr/4.3.3/../../../../avr/lib/avr51\libm.a(fp_round.o)
                0x000045ae                __fp_round
 .text.avr-libc.fplib
                0x000045d0       0x22 c:/winavr-20100110/bin/../lib/gcc/avr/4.3.3/../../../../avr/lib/avr51\libm.a(fp_sinus.o)
                0x000045d0                __fp_sinus
 .text.avr-libc.fplib
                0x000045f2       0x44 c:/winavr-20100110/bin/../lib/gcc/avr/4.3.3/../../../../avr/lib/avr51\libm.a(fp_split3.o)
                0x000045f2                __fp_split3
                0x00004602                __fp_splitA
 .text.avr-libc.fplib
                0x00004636        0xe c:/winavr-20100110/bin/../lib/gcc/avr/4.3.3/../../../../avr/lib/avr51\libm.a(fp_zero.o)
                0x00004636                __fp_zero
                0x00004638                __fp_szero
 .text.avr-libc.fplib
                0x00004644        0x4 c:/winavr-20100110/bin/../lib/gcc/avr/4.3.3/../../../../avr/lib/avr51\libm.a(mulsf3.o)
                0x00004644                __mulsf3
 .text.avr-libc.fplib
                0x00004648       0xc2 c:/winavr-20100110/bin/../lib/gcc/avr/4.3.3/../../../../avr/lib/avr51\libm.a(mulsf3x.o)
                0x00004660                __mulsf3_pse
                0x0000465c                __mulsf3x
 .text.avr-libc.fplib
                0x0000470a        0xc c:/winavr-20100110/bin/../lib/gcc/avr/4.3.3/../../../../avr/lib/avr51\libm.a(sin.o)
                0x0000470a                sin
 .text.avr-libc.fplib
                0x00004716       0x40 c:/winavr-20100110/bin/../lib/gcc/avr/4.3.3/../../../../avr/lib/avr51\libm.a(tan.o)
                0x00004716                tan
 .text.avr-libc.fplib
                0x00004756       0x1c c:/winavr-20100110/bin/../lib/gcc/avr/4.3.3/../../../../avr/lib/avr51\libm.a(fp_mpack.o)
                0x0000475a                __fp_mpack_finite
                0x00004756                __fp_mpack
 .text.avr-libc.fplib
                0x00004772       0x22 c:/winavr-20100110/bin/../lib/gcc/avr/4.3.3/../../../../avr/lib/avr51\libm.a(fp_powsodd.o)
                0x00004772                __fp_powsodd
 .text.avr-libc.fplib
                0x00004794        0xe c:/winavr-20100110/bin/../lib/gcc/avr/4.3.3/../../../../avr/lib/avr51\libm.a(inverse.o)
                0x00004794                inverse
 .text.avr-libc.fplib
                0x000047a2       0x4a c:/winavr-20100110/bin/../lib/gcc/avr/4.3.3/../../../../avr/lib/avr51\libm.a(fp_powser.o)
                0x000047a2                __fp_powser
 .text.libgcc   0x000047ec       0x18 c:/winavr-20100110/bin/../lib/gcc/avr/4.3.3/avr51\libgcc.a(_udivmodqi4.o)
                0x000047ec                __udivmodqi4
 .text.libgcc   0x00004804       0x26 c:/winavr-20100110/bin/../lib/gcc/avr/4.3.3/avr51\libgcc.a(_divmodhi4.o)
                0x00004804                __divmodhi4
                0x00004804                _div
 .text.libgcc   0x0000482a        0x0 c:/winavr-20100110/bin/../lib/gcc/avr/4.3.3/avr51\libgcc.a(_exit.o)
 .text.libgcc   0x0000482a        0x0 c:/winavr-20100110/bin/../lib/gcc/avr/4.3.3/avr51\libgcc.a(_clear_bss.o)
 .text.libgcc   0x0000482a       0x28 c:/winavr-20100110/bin/../lib/gcc/avr/4.3.3/avr51\libgcc.a(_udivmodhi4.o)
                0x0000482a                __udivmodhi4
 .text.avr-libc
                0x00004852       0x12 c:/winavr-20100110/bin/../lib/gcc/avr/4.3.3/../../../../avr/lib/avr51\libc.a(memcpy.o)
                0x00004852                memcpy
 .text.avr-libc
                0x00004864        0xe c:/winavr-20100110/bin/../lib/gcc/avr/4.3.3/../../../../avr/lib/avr51\libc.a(memset.o)
                0x00004864                memset
 .text.avr-libc
                0x00004872       0x1e c:/winavr-20100110/bin/../lib/gcc/avr/4.3.3/../../../../avr/lib/avr51\libc.a(strncpy.o)
                0x00004872                strncpy
                0x00004890                . = ALIGN (0x2)
 *(.fini9)
 .fini9         0x00004890        0x0 c:/winavr-20100110/bin/../lib/gcc/avr/4.3.3/avr51\libgcc.a(_exit.o)
                0x00004890                exit
                0x00004890                _exit
 *(.fini9)
 *(.fini8)
 *(.fini8)
 *(.fini7)
 *(.fini7)
 *(.fini6)
 *(.fini6)
 *(.fini5)
 *(.fini5)
 *(.fini4)
 *(.fini4)
 *(.fini3)
 *(.fini3)
 *(.fini2)
 *(.fini2)
 *(.fini1)
 *(.fini1)
 *(.fini0)
 .fini0         0x00004890        0x4 c:/winavr-20100110/bin/../lib/gcc/avr/4.3.3/avr51\libgcc.a(_exit.o)
 *(.fini0)
                0x00004894                _etext = .

.data           0x00800100        0xe load address 0x00004894
                0x00800100                PROVIDE (__data_start, .)
 *(.data)
 .data          0x00800100        0x0 c:/winavr-20100110/bin/../lib/gcc/avr/4.3.3/../../../../avr/lib/avr51/crtm128.o
 .data          0x00800100        0x0 ./Blocks.o
 .data          0x00800100        0x0 ./DDIO_128.o
 .data          0x00800100        0x0 ./PWM.o
 .data          0x00800100        0x0 ./USART_128.o
 .data          0x00800100        0x0 ./croutine.o
 .data          0x00800100        0x0 ./heap_1.o
 .data          0x00800100        0x0 ./list.o
 .data          0x00800100        0x0 ./main.o
 .data          0x00800100        0x0 ./port.o
 .data          0x00800100        0x0 ./queue.o
 .data          0x00800100        0x5 ./tasks.o
 .data          0x00800105        0x0 ./timers.o
 .data          0x00800105        0x0 c:/winavr-20100110/bin/../lib/gcc/avr/4.3.3/../../../../avr/lib/avr51\libm.a(addsf3.o)
 .data          0x00800105        0x0 c:/winavr-20100110/bin/../lib/gcc/avr/4.3.3/../../../../avr/lib/avr51\libm.a(addsf3x.o)
 .data          0x00800105        0x0 c:/winavr-20100110/bin/../lib/gcc/avr/4.3.3/../../../../avr/lib/avr51\libm.a(cos.o)
 .data          0x00800105        0x0 c:/winavr-20100110/bin/../lib/gcc/avr/4.3.3/../../../../avr/lib/avr51\libm.a(divsf3.o)
 .data          0x00800105        0x0 c:/winavr-20100110/bin/../lib/gcc/avr/4.3.3/../../../../avr/lib/avr51\libm.a(divsf3x.o)
 .data          0x00800105        0x0 c:/winavr-20100110/bin/../lib/gcc/avr/4.3.3/../../../../avr/lib/avr51\libm.a(floatsisf.o)
 .data          0x00800105        0x0 c:/winavr-20100110/bin/../lib/gcc/avr/4.3.3/../../../../avr/lib/avr51\libm.a(fp_inf.o)
 .data          0x00800105        0x0 c:/winavr-20100110/bin/../lib/gcc/avr/4.3.3/../../../../avr/lib/avr51\libm.a(fp_nan.o)
 .data          0x00800105        0x0 c:/winavr-20100110/bin/../lib/gcc/avr/4.3.3/../../../../avr/lib/avr51\libm.a(fp_pscA.o)
 .data          0x00800105        0x0 c:/winavr-20100110/bin/../lib/gcc/avr/4.3.3/../../../../avr/lib/avr51\libm.a(fp_pscB.o)
 .data          0x00800105        0x0 c:/winavr-20100110/bin/../lib/gcc/avr/4.3.3/../../../../avr/lib/avr51\libm.a(fp_rempio2.o)
 .data          0x00800105        0x0 c:/winavr-20100110/bin/../lib/gcc/avr/4.3.3/../../../../avr/lib/avr51\libm.a(fp_round.o)
 .data          0x00800105        0x0 c:/winavr-20100110/bin/../lib/gcc/avr/4.3.3/../../../../avr/lib/avr51\libm.a(fp_sinus.o)
 .data          0x00800105        0x0 c:/winavr-20100110/bin/../lib/gcc/avr/4.3.3/../../../../avr/lib/avr51\libm.a(fp_split3.o)
 .data          0x00800105        0x0 c:/winavr-20100110/bin/../lib/gcc/avr/4.3.3/../../../../avr/lib/avr51\libm.a(fp_zero.o)
 .data          0x00800105        0x0 c:/winavr-20100110/bin/../lib/gcc/avr/4.3.3/../../../../avr/lib/avr51\libm.a(mulsf3.o)
 .data          0x00800105        0x0 c:/winavr-20100110/bin/../lib/gcc/avr/4.3.3/../../../../avr/lib/avr51\libm.a(mulsf3x.o)
 .data          0x00800105        0x0 c:/winavr-20100110/bin/../lib/gcc/avr/4.3.3/../../../../avr/lib/avr51\libm.a(sin.o)
 .data          0x00800105        0x0 c:/winavr-20100110/bin/../lib/gcc/avr/4.3.3/../../../../avr/lib/avr51\libm.a(tan.o)
 .data          0x00800105        0x0 c:/winavr-20100110/bin/../lib/gcc/avr/4.3.3/../../../../avr/lib/avr51\libm.a(fp_mpack.o)
 .data          0x00800105        0x0 c:/winavr-20100110/bin/../lib/gcc/avr/4.3.3/../../../../avr/lib/avr51\libm.a(fp_powsodd.o)
 .data          0x00800105        0x0 c:/winavr-20100110/bin/../lib/gcc/avr/4.3.3/../../../../avr/lib/avr51\libm.a(inverse.o)
 .data          0x00800105        0x0 c:/winavr-20100110/bin/../lib/gcc/avr/4.3.3/../../../../avr/lib/avr51\libm.a(fp_powser.o)
 .data          0x00800105        0x0 c:/winavr-20100110/bin/../lib/gcc/avr/4.3.3/avr51\libgcc.a(_udivmodqi4.o)
 .data          0x00800105        0x0 c:/winavr-20100110/bin/../lib/gcc/avr/4.3.3/avr51\libgcc.a(_divmodhi4.o)
 .data          0x00800105        0x0 c:/winavr-20100110/bin/../lib/gcc/avr/4.3.3/avr51\libgcc.a(_exit.o)
 .data          0x00800105        0x0 c:/winavr-20100110/bin/../lib/gcc/avr/4.3.3/avr51\libgcc.a(_clear_bss.o)
 .data          0x00800105        0x0 c:/winavr-20100110/bin/../lib/gcc/avr/4.3.3/avr51\libgcc.a(_udivmodhi4.o)
 .data          0x00800105        0x0 c:/winavr-20100110/bin/../lib/gcc/avr/4.3.3/../../../../avr/lib/avr51\libc.a(memcpy.o)
 .data          0x00800105        0x0 c:/winavr-20100110/bin/../lib/gcc/avr/4.3.3/../../../../avr/lib/avr51\libc.a(memset.o)
 .data          0x00800105        0x0 c:/winavr-20100110/bin/../lib/gcc/avr/4.3.3/../../../../avr/lib/avr51\libc.a(strncpy.o)
 *(.data*)
 .data.kp_rate  0x00800105        0x1 ./Blocks.o
                0x00800105                kp_rate
 .data.Ixx      0x00800106        0x1 ./Blocks.o
                0x00800106                Ixx
 .data.Iyy      0x00800107        0x1 ./Blocks.o
                0x00800107                Iyy
 .data.Izz      0x00800108        0x1 ./Blocks.o
                0x00800108                Izz
 .data.m        0x00800109        0x1 ./Blocks.o
                0x00800109                m
 .data.kp_bank  0x0080010a        0x1 ./Blocks.o
                0x0080010a                kp_bank
 .data.g        0x0080010b        0x1 ./Blocks.o
                0x0080010b                g
 .data.xNextTaskUnblockTime
                0x0080010c        0x2 ./tasks.o
 *(.rodata)
 *(.rodata*)
 *(.gnu.linkonce.d*)
                0x0080010e                . = ALIGN (0x2)
                0x0080010e                _edata = .
                0x0080010e                PROVIDE (__data_end, .)

.bss            0x0080010e      0x2e6
                0x0080010e                PROVIDE (__bss_start, .)
 *(.bss)
 .bss           0x0080010e        0x0 c:/winavr-20100110/bin/../lib/gcc/avr/4.3.3/../../../../avr/lib/avr51/crtm128.o
 .bss           0x0080010e        0x0 ./Blocks.o
 .bss           0x0080010e        0x0 ./DDIO_128.o
 .bss           0x0080010e        0x0 ./PWM.o
 .bss           0x0080010e        0x0 ./USART_128.o
 .bss           0x0080010e        0x0 ./croutine.o
 .bss           0x0080010e        0x0 ./heap_1.o
 .bss           0x0080010e        0x0 ./list.o
 .bss           0x0080010e        0x0 ./main.o
 .bss           0x0080010e        0x0 ./port.o
 .bss           0x0080010e        0x0 ./queue.o
 .bss           0x0080010e        0x0 ./tasks.o
 .bss           0x0080010e        0x0 ./timers.o
 .bss           0x0080010e        0x0 c:/winavr-20100110/bin/../lib/gcc/avr/4.3.3/../../../../avr/lib/avr51\libm.a(addsf3.o)
 .bss           0x0080010e        0x0 c:/winavr-20100110/bin/../lib/gcc/avr/4.3.3/../../../../avr/lib/avr51\libm.a(addsf3x.o)
 .bss           0x0080010e        0x0 c:/winavr-20100110/bin/../lib/gcc/avr/4.3.3/../../../../avr/lib/avr51\libm.a(cos.o)
 .bss           0x0080010e        0x0 c:/winavr-20100110/bin/../lib/gcc/avr/4.3.3/../../../../avr/lib/avr51\libm.a(divsf3.o)
 .bss           0x0080010e        0x0 c:/winavr-20100110/bin/../lib/gcc/avr/4.3.3/../../../../avr/lib/avr51\libm.a(divsf3x.o)
 .bss           0x0080010e        0x0 c:/winavr-20100110/bin/../lib/gcc/avr/4.3.3/../../../../avr/lib/avr51\libm.a(floatsisf.o)
 .bss           0x0080010e        0x0 c:/winavr-20100110/bin/../lib/gcc/avr/4.3.3/../../../../avr/lib/avr51\libm.a(fp_inf.o)
 .bss           0x0080010e        0x0 c:/winavr-20100110/bin/../lib/gcc/avr/4.3.3/../../../../avr/lib/avr51\libm.a(fp_nan.o)
 .bss           0x0080010e        0x0 c:/winavr-20100110/bin/../lib/gcc/avr/4.3.3/../../../../avr/lib/avr51\libm.a(fp_pscA.o)
 .bss           0x0080010e        0x0 c:/winavr-20100110/bin/../lib/gcc/avr/4.3.3/../../../../avr/lib/avr51\libm.a(fp_pscB.o)
 .bss           0x0080010e        0x0 c:/winavr-20100110/bin/../lib/gcc/avr/4.3.3/../../../../avr/lib/avr51\libm.a(fp_rempio2.o)
 .bss           0x0080010e        0x0 c:/winavr-20100110/bin/../lib/gcc/avr/4.3.3/../../../../avr/lib/avr51\libm.a(fp_round.o)
 .bss           0x0080010e        0x0 c:/winavr-20100110/bin/../lib/gcc/avr/4.3.3/../../../../avr/lib/avr51\libm.a(fp_sinus.o)
 .bss           0x0080010e        0x0 c:/winavr-20100110/bin/../lib/gcc/avr/4.3.3/../../../../avr/lib/avr51\libm.a(fp_split3.o)
 .bss           0x0080010e        0x0 c:/winavr-20100110/bin/../lib/gcc/avr/4.3.3/../../../../avr/lib/avr51\libm.a(fp_zero.o)
 .bss           0x0080010e        0x0 c:/winavr-20100110/bin/../lib/gcc/avr/4.3.3/../../../../avr/lib/avr51\libm.a(mulsf3.o)
 .bss           0x0080010e        0x0 c:/winavr-20100110/bin/../lib/gcc/avr/4.3.3/../../../../avr/lib/avr51\libm.a(mulsf3x.o)
 .bss           0x0080010e        0x0 c:/winavr-20100110/bin/../lib/gcc/avr/4.3.3/../../../../avr/lib/avr51\libm.a(sin.o)
 .bss           0x0080010e        0x0 c:/winavr-20100110/bin/../lib/gcc/avr/4.3.3/../../../../avr/lib/avr51\libm.a(tan.o)
 .bss           0x0080010e        0x0 c:/winavr-20100110/bin/../lib/gcc/avr/4.3.3/../../../../avr/lib/avr51\libm.a(fp_mpack.o)
 .bss           0x0080010e        0x0 c:/winavr-20100110/bin/../lib/gcc/avr/4.3.3/../../../../avr/lib/avr51\libm.a(fp_powsodd.o)
 .bss           0x0080010e        0x0 c:/winavr-20100110/bin/../lib/gcc/avr/4.3.3/../../../../avr/lib/avr51\libm.a(inverse.o)
 .bss           0x0080010e        0x0 c:/winavr-20100110/bin/../lib/gcc/avr/4.3.3/../../../../avr/lib/avr51\libm.a(fp_powser.o)
 .bss           0x0080010e        0x0 c:/winavr-20100110/bin/../lib/gcc/avr/4.3.3/avr51\libgcc.a(_udivmodqi4.o)
 .bss           0x0080010e        0x0 c:/winavr-20100110/bin/../lib/gcc/avr/4.3.3/avr51\libgcc.a(_divmodhi4.o)
 .bss           0x0080010e        0x0 c:/winavr-20100110/bin/../lib/gcc/avr/4.3.3/avr51\libgcc.a(_exit.o)
 .bss           0x0080010e        0x0 c:/winavr-20100110/bin/../lib/gcc/avr/4.3.3/avr51\libgcc.a(_clear_bss.o)
 .bss           0x0080010e        0x0 c:/winavr-20100110/bin/../lib/gcc/avr/4.3.3/avr51\libgcc.a(_udivmodhi4.o)
 .bss           0x0080010e        0x0 c:/winavr-20100110/bin/../lib/gcc/avr/4.3.3/../../../../avr/lib/avr51\libc.a(memcpy.o)
 .bss           0x0080010e        0x0 c:/winavr-20100110/bin/../lib/gcc/avr/4.3.3/../../../../avr/lib/avr51\libc.a(memset.o)
 .bss           0x0080010e        0x0 c:/winavr-20100110/bin/../lib/gcc/avr/4.3.3/../../../../avr/lib/avr51\libc.a(strncpy.o)
 *(.bss*)
 .bss.pxCurrentCoRoutine
                0x0080010e        0x2 ./croutine.o
                0x0080010e                pxCurrentCoRoutine
 .bss.uxTopCoRoutineReadyPriority
                0x00800110        0x1 ./croutine.o
 .bss.xCoRoutineTickCount
                0x00800111        0x2 ./croutine.o
 .bss.xLastTickCount
                0x00800113        0x2 ./croutine.o
 .bss.xPassedTicks
                0x00800115        0x2 ./croutine.o
 .bss.pxReadyCoRoutineLists
                0x00800117       0x12 ./croutine.o
 .bss.xDelayedCoRoutineList1
                0x00800129        0x9 ./croutine.o
 .bss.xDelayedCoRoutineList2
                0x00800132        0x9 ./croutine.o
 .bss.pxDelayedCoRoutineList
                0x0080013b        0x2 ./croutine.o
 .bss.pxOverflowDelayedCoRoutineList
                0x0080013d        0x2 ./croutine.o
 .bss.xPendingReadyCoRoutineList
                0x0080013f        0x9 ./croutine.o
 .bss.xNextFreeByte
                0x00800148        0x2 ./heap_1.o
 .bss.xHeap     0x0080014a      0x258 ./heap_1.o
 .bss.pxCurrentTCB
                0x008003a2        0x2 ./tasks.o
                0x008003a2                pxCurrentTCB
 .bss.uxTasksDeleted
                0x008003a4        0x1 ./tasks.o
 .bss.uxCurrentNumberOfTasks
                0x008003a5        0x1 ./tasks.o
 .bss.xTickCount
                0x008003a6        0x2 ./tasks.o
 .bss.uxTopUsedPriority
                0x008003a8        0x1 ./tasks.o
 .bss.uxTopReadyPriority
                0x008003a9        0x1 ./tasks.o
 .bss.xSchedulerRunning
                0x008003aa        0x1 ./tasks.o
 .bss.uxSchedulerSuspended
                0x008003ab        0x1 ./tasks.o
 .bss.uxMissedTicks
                0x008003ac        0x1 ./tasks.o
 .bss.xMissedYield
                0x008003ad        0x1 ./tasks.o
 .bss.xNumOfOverflows
                0x008003ae        0x1 ./tasks.o
 .bss.uxTaskNumber
                0x008003af        0x1 ./tasks.o
 .bss.pxReadyTasksLists
                0x008003b0       0x1b ./tasks.o
 .bss.xDelayedTaskList1
                0x008003cb        0x9 ./tasks.o
 .bss.xDelayedTaskList2
                0x008003d4        0x9 ./tasks.o
 .bss.pxDelayedTaskList
                0x008003dd        0x2 ./tasks.o
 .bss.pxOverflowDelayedTaskList
                0x008003df        0x2 ./tasks.o
 .bss.xPendingReadyList
                0x008003e1        0x9 ./tasks.o
 .bss.xTasksWaitingTermination
                0x008003ea        0x9 ./tasks.o
 *(COMMON)
 COMMON         0x008003f3        0x1 ./Blocks.o
                0x008003f3                kd
                0x008003f4                PROVIDE (__bss_end, .)
                0x00004894                __data_load_start = LOADADDR (.data)
                0x000048a2                __data_load_end = (__data_load_start + SIZEOF (.data))

.noinit         0x008003f4        0x0
                0x008003f4                PROVIDE (__noinit_start, .)
 *(.noinit*)
                0x008003f4                PROVIDE (__noinit_end, .)
                0x008003f4                _end = .
                0x008003f4                PROVIDE (__heap_start, .)

.eeprom         0x00810000        0x0
 *(.eeprom*)
                0x00810000                __eeprom_end = .

.fuse
 *(.fuse)
 *(.lfuse)
 *(.hfuse)
 *(.efuse)

.lock
 *(.lock*)

.signature
 *(.signature*)

.stab           0x00000000     0x585c
 *(.stab)
 .stab          0x00000000      0x66c ./Blocks.o
 .stab          0x0000066c      0x4a4 ./DDIO_128.o
                                0x534 (size before relaxing)
 .stab          0x00000b10      0x66c ./PWM.o
                                0x6fc (size before relaxing)
 .stab          0x0000117c      0x5c4 ./USART_128.o
                                0x654 (size before relaxing)
 .stab          0x00001740      0x984 ./croutine.o
                                0xb40 (size before relaxing)
 .stab          0x000020c4      0x354 ./heap_1.o
                                0x624 (size before relaxing)
 .stab          0x00002418      0x474 ./list.o
                                0x750 (size before relaxing)
 .stab          0x0000288c      0x1bc ./main.o
                                0x534 (size before relaxing)
 .stab          0x00002a48      0x840 ./port.o
                                0xb70 (size before relaxing)
 .stab          0x00003288      0xe94 ./queue.o
                               0x11d0 (size before relaxing)
 .stab          0x0000411c     0x1578 ./tasks.o
                               0x17d0 (size before relaxing)
 .stab          0x00005694      0x1c8 ./timers.o
                                0x4c8 (size before relaxing)

.stabstr        0x00000000     0x319e
 *(.stabstr)
 .stabstr       0x00000000     0x319e ./Blocks.o

.stab.excl
 *(.stab.excl)

.stab.exclstr
 *(.stab.exclstr)

.stab.index
 *(.stab.index)

.stab.indexstr
 *(.stab.indexstr)

.comment
 *(.comment)

.debug
 *(.debug)

.line
 *(.line)

.debug_srcinfo
 *(.debug_srcinfo)

.debug_sfnames
 *(.debug_sfnames)

.debug_aranges
 *(.debug_aranges)

.debug_pubnames
 *(.debug_pubnames)

.debug_info
 *(.debug_info)
 *(.gnu.linkonce.wi.*)

.debug_abbrev
 *(.debug_abbrev)

.debug_line
 *(.debug_line)

.debug_frame
 *(.debug_frame)

.debug_str
 *(.debug_str)

.debug_loc
 *(.debug_loc)

.debug_macinfo
 *(.debug_macinfo)
OUTPUT(Control.elf elf32-avr)
LOAD linker stubs
