Archive member included because of file (symbol)

e:/embedded course/tools/sdk/imt_sdk_win_64/winavr/bin/../lib/gcc/avr/4.3.3/../../../../avr/lib/avr51\libm.a(addsf3.o)
                              ./Blocks.o (__subsf3)
e:/embedded course/tools/sdk/imt_sdk_win_64/winavr/bin/../lib/gcc/avr/4.3.3/../../../../avr/lib/avr51\libm.a(addsf3x.o)
                              e:/embedded course/tools/sdk/imt_sdk_win_64/winavr/bin/../lib/gcc/avr/4.3.3/../../../../avr/lib/avr51\libm.a(addsf3.o) (__addsf3x)
e:/embedded course/tools/sdk/imt_sdk_win_64/winavr/bin/../lib/gcc/avr/4.3.3/../../../../avr/lib/avr51\libm.a(cmpsf2.o)
                              ./quickmath.o (__eqsf2)
e:/embedded course/tools/sdk/imt_sdk_win_64/winavr/bin/../lib/gcc/avr/4.3.3/../../../../avr/lib/avr51\libm.a(divsf3.o)
                              ./Blocks.o (__divsf3)
e:/embedded course/tools/sdk/imt_sdk_win_64/winavr/bin/../lib/gcc/avr/4.3.3/../../../../avr/lib/avr51\libm.a(divsf3x.o)
                              e:/embedded course/tools/sdk/imt_sdk_win_64/winavr/bin/../lib/gcc/avr/4.3.3/../../../../avr/lib/avr51\libm.a(divsf3.o) (__divsf3x)
e:/embedded course/tools/sdk/imt_sdk_win_64/winavr/bin/../lib/gcc/avr/4.3.3/../../../../avr/lib/avr51\libm.a(fixunssfsi.o)
                              ./gps.o (__fixunssfsi)
e:/embedded course/tools/sdk/imt_sdk_win_64/winavr/bin/../lib/gcc/avr/4.3.3/../../../../avr/lib/avr51\libm.a(floatsisf.o)
                              ./MPU.o (__floatunsisf)
e:/embedded course/tools/sdk/imt_sdk_win_64/winavr/bin/../lib/gcc/avr/4.3.3/../../../../avr/lib/avr51\libm.a(fp_cmp.o)
                              e:/embedded course/tools/sdk/imt_sdk_win_64/winavr/bin/../lib/gcc/avr/4.3.3/../../../../avr/lib/avr51\libm.a(cmpsf2.o) (__fp_cmp)
e:/embedded course/tools/sdk/imt_sdk_win_64/winavr/bin/../lib/gcc/avr/4.3.3/../../../../avr/lib/avr51\libm.a(fp_inf.o)
                              e:/embedded course/tools/sdk/imt_sdk_win_64/winavr/bin/../lib/gcc/avr/4.3.3/../../../../avr/lib/avr51\libm.a(addsf3x.o) (__fp_inf)
e:/embedded course/tools/sdk/imt_sdk_win_64/winavr/bin/../lib/gcc/avr/4.3.3/../../../../avr/lib/avr51\libm.a(fp_nan.o)
                              e:/embedded course/tools/sdk/imt_sdk_win_64/winavr/bin/../lib/gcc/avr/4.3.3/../../../../avr/lib/avr51\libm.a(addsf3x.o) (__fp_nan)
e:/embedded course/tools/sdk/imt_sdk_win_64/winavr/bin/../lib/gcc/avr/4.3.3/../../../../avr/lib/avr51\libm.a(fp_pscA.o)
                              e:/embedded course/tools/sdk/imt_sdk_win_64/winavr/bin/../lib/gcc/avr/4.3.3/../../../../avr/lib/avr51\libm.a(addsf3x.o) (__fp_pscA)
e:/embedded course/tools/sdk/imt_sdk_win_64/winavr/bin/../lib/gcc/avr/4.3.3/../../../../avr/lib/avr51\libm.a(fp_pscB.o)
                              e:/embedded course/tools/sdk/imt_sdk_win_64/winavr/bin/../lib/gcc/avr/4.3.3/../../../../avr/lib/avr51\libm.a(addsf3x.o) (__fp_pscB)
e:/embedded course/tools/sdk/imt_sdk_win_64/winavr/bin/../lib/gcc/avr/4.3.3/../../../../avr/lib/avr51\libm.a(fp_round.o)
                              e:/embedded course/tools/sdk/imt_sdk_win_64/winavr/bin/../lib/gcc/avr/4.3.3/../../../../avr/lib/avr51\libm.a(addsf3.o) (__fp_round)
e:/embedded course/tools/sdk/imt_sdk_win_64/winavr/bin/../lib/gcc/avr/4.3.3/../../../../avr/lib/avr51\libm.a(fp_split3.o)
                              e:/embedded course/tools/sdk/imt_sdk_win_64/winavr/bin/../lib/gcc/avr/4.3.3/../../../../avr/lib/avr51\libm.a(addsf3x.o) (__fp_split3)
e:/embedded course/tools/sdk/imt_sdk_win_64/winavr/bin/../lib/gcc/avr/4.3.3/../../../../avr/lib/avr51\libm.a(fp_zero.o)
                              e:/embedded course/tools/sdk/imt_sdk_win_64/winavr/bin/../lib/gcc/avr/4.3.3/../../../../avr/lib/avr51\libm.a(addsf3x.o) (__fp_zero)
e:/embedded course/tools/sdk/imt_sdk_win_64/winavr/bin/../lib/gcc/avr/4.3.3/../../../../avr/lib/avr51\libm.a(gesf2.o)
                              ./estimation.o (__gtsf2)
e:/embedded course/tools/sdk/imt_sdk_win_64/winavr/bin/../lib/gcc/avr/4.3.3/../../../../avr/lib/avr51\libm.a(mulsf3.o)
                              ./Blocks.o (__mulsf3)
e:/embedded course/tools/sdk/imt_sdk_win_64/winavr/bin/../lib/gcc/avr/4.3.3/../../../../avr/lib/avr51\libm.a(mulsf3x.o)
                              e:/embedded course/tools/sdk/imt_sdk_win_64/winavr/bin/../lib/gcc/avr/4.3.3/../../../../avr/lib/avr51\libm.a(mulsf3.o) (__mulsf3x)
e:/embedded course/tools/sdk/imt_sdk_win_64/winavr/bin/../lib/gcc/avr/4.3.3/avr51\libgcc.a(_udivmodqi4.o)
                              ./PWM.o (__udivmodqi4)
e:/embedded course/tools/sdk/imt_sdk_win_64/winavr/bin/../lib/gcc/avr/4.3.3/avr51\libgcc.a(_divmodhi4.o)
                              ./Blocks.o (__divmodhi4)
e:/embedded course/tools/sdk/imt_sdk_win_64/winavr/bin/../lib/gcc/avr/4.3.3/avr51\libgcc.a(_exit.o)
                              e:/embedded course/tools/sdk/imt_sdk_win_64/winavr/bin/../lib/gcc/avr/4.3.3/../../../../avr/lib/avr51/crtm128.o (exit)
e:/embedded course/tools/sdk/imt_sdk_win_64/winavr/bin/../lib/gcc/avr/4.3.3/avr51\libgcc.a(_clear_bss.o)
                              ./Blocks.o (__do_clear_bss)
e:/embedded course/tools/sdk/imt_sdk_win_64/winavr/bin/../lib/gcc/avr/4.3.3/avr51\libgcc.a(_udivmodhi4.o)
                              e:/embedded course/tools/sdk/imt_sdk_win_64/winavr/bin/../lib/gcc/avr/4.3.3/avr51\libgcc.a(_divmodhi4.o) (__udivmodhi4)
e:/embedded course/tools/sdk/imt_sdk_win_64/winavr/bin/../lib/gcc/avr/4.3.3/../../../../avr/lib/avr51\libc.a(memcpy.o)
                              ./queue.o (memcpy)
e:/embedded course/tools/sdk/imt_sdk_win_64/winavr/bin/../lib/gcc/avr/4.3.3/../../../../avr/lib/avr51\libc.a(memset.o)
                              ./tasks.o (memset)
e:/embedded course/tools/sdk/imt_sdk_win_64/winavr/bin/../lib/gcc/avr/4.3.3/../../../../avr/lib/avr51\libc.a(strlen.o)
                              ./strTof.o (strlen)
e:/embedded course/tools/sdk/imt_sdk_win_64/winavr/bin/../lib/gcc/avr/4.3.3/../../../../avr/lib/avr51\libc.a(strncpy.o)
                              ./tasks.o (strncpy)

Allocating common symbols
Common symbol       size              file

kd                  0x1               ./Blocks.o

Memory Configuration

Name             Origin             Length             Attributes
text             0x00000000         0x00020000         xr
data             0x00800060         0x0000ffa0         rw !x
eeprom           0x00810000         0x00010000         rw !x
fuse             0x00820000         0x00000400         rw !x
lock             0x00830000         0x00000400         rw !x
signature        0x00840000         0x00000400         rw !x
*default*        0x00000000         0xffffffff

Linker script and memory map

Address of section .data set to 0x800100
LOAD e:/embedded course/tools/sdk/imt_sdk_win_64/winavr/bin/../lib/gcc/avr/4.3.3/../../../../avr/lib/avr51/crtm128.o
LOAD ./Blocks.o
LOAD ./DDIO_128.o
LOAD ./MPU.o
LOAD ./PWM.o
LOAD ./USART_128.o
LOAD ./croutine.o
LOAD ./estimation.o
LOAD ./gps.o
LOAD ./heap_1.o
LOAD ./i2c.o
LOAD ./list.o
LOAD ./main.o
LOAD ./port.o
LOAD ./queue.o
LOAD ./quickmath.o
LOAD ./strTof.o
LOAD ./tasks.o
LOAD ./timers.o
LOAD e:/embedded course/tools/sdk/imt_sdk_win_64/winavr/bin/../lib/gcc/avr/4.3.3/../../../../avr/lib/avr51\libm.a
LOAD e:/embedded course/tools/sdk/imt_sdk_win_64/winavr/bin/../lib/gcc/avr/4.3.3/avr51\libgcc.a
LOAD e:/embedded course/tools/sdk/imt_sdk_win_64/winavr/bin/../lib/gcc/avr/4.3.3/../../../../avr/lib/avr51\libc.a
LOAD e:/embedded course/tools/sdk/imt_sdk_win_64/winavr/bin/../lib/gcc/avr/4.3.3/avr51\libgcc.a

.hash
 *(.hash)

.dynsym
 *(.dynsym)

.dynstr
 *(.dynstr)

.gnu.version
 *(.gnu.version)

.gnu.version_d
 *(.gnu.version_d)

.gnu.version_r
 *(.gnu.version_r)

.rel.init
 *(.rel.init)

.rela.init
 *(.rela.init)

.rel.text
 *(.rel.text)
 *(.rel.text.*)
 *(.rel.gnu.linkonce.t*)

.rela.text
 *(.rela.text)
 *(.rela.text.*)
 *(.rela.gnu.linkonce.t*)

.rel.fini
 *(.rel.fini)

.rela.fini
 *(.rela.fini)

.rel.rodata
 *(.rel.rodata)
 *(.rel.rodata.*)
 *(.rel.gnu.linkonce.r*)

.rela.rodata
 *(.rela.rodata)
 *(.rela.rodata.*)
 *(.rela.gnu.linkonce.r*)

.rel.data
 *(.rel.data)
 *(.rel.data.*)
 *(.rel.gnu.linkonce.d*)

.rela.data
 *(.rela.data)
 *(.rela.data.*)
 *(.rela.gnu.linkonce.d*)

.rel.ctors
 *(.rel.ctors)

.rela.ctors
 *(.rela.ctors)

.rel.dtors
 *(.rel.dtors)

.rela.dtors
 *(.rela.dtors)

.rel.got
 *(.rel.got)

.rela.got
 *(.rela.got)

.rel.bss
 *(.rel.bss)

.rela.bss
 *(.rela.bss)

.rel.plt
 *(.rel.plt)

.rela.plt
 *(.rela.plt)

.text           0x00000000     0x5d84
 *(.vectors)
 .vectors       0x00000000       0x8c e:/embedded course/tools/sdk/imt_sdk_win_64/winavr/bin/../lib/gcc/avr/4.3.3/../../../../avr/lib/avr51/crtm128.o
                0x00000000                __vectors
                0x00000000                __vector_default
 *(.vectors)
 *(.progmem.gcc*)
 *(.progmem*)
                0x0000008c                . = ALIGN (0x2)
                0x0000008c                __trampolines_start = .
 *(.trampolines)
 .trampolines   0x0000008c        0x0 linker stubs
 *(.trampolines*)
                0x0000008c                __trampolines_end = .
 *(.jumptables)
 *(.jumptables*)
 *(.lowtext)
 *(.lowtext*)
                0x0000008c                __ctors_start = .
 *(.ctors)
                0x0000008c                __ctors_end = .
                0x0000008c                __dtors_start = .
 *(.dtors)
                0x0000008c                __dtors_end = .
 SORT(*)(.ctors)
 SORT(*)(.dtors)
 *(.init0)
 .init0         0x0000008c        0x0 e:/embedded course/tools/sdk/imt_sdk_win_64/winavr/bin/../lib/gcc/avr/4.3.3/../../../../avr/lib/avr51/crtm128.o
                0x0000008c                __init
 *(.init0)
 *(.init1)
 *(.init1)
 *(.init2)
 .init2         0x0000008c        0xc e:/embedded course/tools/sdk/imt_sdk_win_64/winavr/bin/../lib/gcc/avr/4.3.3/../../../../avr/lib/avr51/crtm128.o
 *(.init2)
 *(.init3)
 *(.init3)
 *(.init4)
 .init4         0x00000098       0x1a e:/embedded course/tools/sdk/imt_sdk_win_64/winavr/bin/../lib/gcc/avr/4.3.3/../../../../avr/lib/avr51/crtm128.o
                0x00000098                __do_copy_data
 .init4         0x000000b2       0x10 e:/embedded course/tools/sdk/imt_sdk_win_64/winavr/bin/../lib/gcc/avr/4.3.3/avr51\libgcc.a(_clear_bss.o)
                0x000000b2                __do_clear_bss
 *(.init4)
 *(.init5)
 *(.init5)
 *(.init6)
 *(.init6)
 *(.init7)
 *(.init7)
 *(.init8)
 *(.init8)
 *(.init9)
 .init9         0x000000c2        0x8 e:/embedded course/tools/sdk/imt_sdk_win_64/winavr/bin/../lib/gcc/avr/4.3.3/../../../../avr/lib/avr51/crtm128.o
 *(.init9)
 *(.text)
 .text          0x000000ca        0x4 e:/embedded course/tools/sdk/imt_sdk_win_64/winavr/bin/../lib/gcc/avr/4.3.3/../../../../avr/lib/avr51/crtm128.o
                0x000000ca                __vector_22
                0x000000ca                __vector_28
                0x000000ca                __vector_1
                0x000000ca                __vector_32
                0x000000ca                __vector_34
                0x000000ca                __vector_24
                0x000000ca                __bad_interrupt
                0x000000ca                __vector_6
                0x000000ca                __vector_31
                0x000000ca                __vector_3
                0x000000ca                __vector_23
                0x000000ca                __vector_30
                0x000000ca                __vector_25
                0x000000ca                __vector_11
                0x000000ca                __vector_13
                0x000000ca                __vector_17
                0x000000ca                __vector_19
                0x000000ca                __vector_7
                0x000000ca                __vector_27
                0x000000ca                __vector_5
                0x000000ca                __vector_33
                0x000000ca                __vector_4
                0x000000ca                __vector_9
                0x000000ca                __vector_2
                0x000000ca                __vector_21
                0x000000ca                __vector_15
                0x000000ca                __vector_29
                0x000000ca                __vector_8
                0x000000ca                __vector_26
                0x000000ca                __vector_14
                0x000000ca                __vector_10
                0x000000ca                __vector_16
                0x000000ca                __vector_18
                0x000000ca                __vector_20
 .text          0x000000ce        0x0 ./Blocks.o
 .text          0x000000ce        0x0 ./DDIO_128.o
 .text          0x000000ce        0x0 ./MPU.o
 .text          0x000000ce        0x0 ./PWM.o
 .text          0x000000ce        0x0 ./USART_128.o
 .text          0x000000ce        0x0 ./croutine.o
 .text          0x000000ce        0x0 ./estimation.o
 .text          0x000000ce        0x0 ./gps.o
 .text          0x000000ce        0x0 ./heap_1.o
 .text          0x000000ce        0x0 ./i2c.o
 .text          0x000000ce        0x0 ./list.o
 .text          0x000000ce        0x0 ./main.o
 .text          0x000000ce        0x0 ./port.o
 .text          0x000000ce        0x0 ./queue.o
 .text          0x000000ce        0x0 ./quickmath.o
 .text          0x000000ce        0x0 ./strTof.o
 .text          0x000000ce        0x0 ./tasks.o
 .text          0x000000ce        0x0 ./timers.o
 .text          0x000000ce        0x0 e:/embedded course/tools/sdk/imt_sdk_win_64/winavr/bin/../lib/gcc/avr/4.3.3/../../../../avr/lib/avr51\libm.a(addsf3.o)
 .text          0x000000ce        0x0 e:/embedded course/tools/sdk/imt_sdk_win_64/winavr/bin/../lib/gcc/avr/4.3.3/../../../../avr/lib/avr51\libm.a(addsf3x.o)
 .text          0x000000ce        0x0 e:/embedded course/tools/sdk/imt_sdk_win_64/winavr/bin/../lib/gcc/avr/4.3.3/../../../../avr/lib/avr51\libm.a(cmpsf2.o)
 .text          0x000000ce        0x0 e:/embedded course/tools/sdk/imt_sdk_win_64/winavr/bin/../lib/gcc/avr/4.3.3/../../../../avr/lib/avr51\libm.a(divsf3.o)
 .text          0x000000ce        0x0 e:/embedded course/tools/sdk/imt_sdk_win_64/winavr/bin/../lib/gcc/avr/4.3.3/../../../../avr/lib/avr51\libm.a(divsf3x.o)
 .text          0x000000ce        0x0 e:/embedded course/tools/sdk/imt_sdk_win_64/winavr/bin/../lib/gcc/avr/4.3.3/../../../../avr/lib/avr51\libm.a(fixunssfsi.o)
 .text          0x000000ce        0x0 e:/embedded course/tools/sdk/imt_sdk_win_64/winavr/bin/../lib/gcc/avr/4.3.3/../../../../avr/lib/avr51\libm.a(floatsisf.o)
 .text          0x000000ce        0x0 e:/embedded course/tools/sdk/imt_sdk_win_64/winavr/bin/../lib/gcc/avr/4.3.3/../../../../avr/lib/avr51\libm.a(fp_cmp.o)
 .text          0x000000ce        0x0 e:/embedded course/tools/sdk/imt_sdk_win_64/winavr/bin/../lib/gcc/avr/4.3.3/../../../../avr/lib/avr51\libm.a(fp_inf.o)
 .text          0x000000ce        0x0 e:/embedded course/tools/sdk/imt_sdk_win_64/winavr/bin/../lib/gcc/avr/4.3.3/../../../../avr/lib/avr51\libm.a(fp_nan.o)
 .text          0x000000ce        0x0 e:/embedded course/tools/sdk/imt_sdk_win_64/winavr/bin/../lib/gcc/avr/4.3.3/../../../../avr/lib/avr51\libm.a(fp_pscA.o)
 .text          0x000000ce        0x0 e:/embedded course/tools/sdk/imt_sdk_win_64/winavr/bin/../lib/gcc/avr/4.3.3/../../../../avr/lib/avr51\libm.a(fp_pscB.o)
 .text          0x000000ce        0x0 e:/embedded course/tools/sdk/imt_sdk_win_64/winavr/bin/../lib/gcc/avr/4.3.3/../../../../avr/lib/avr51\libm.a(fp_round.o)
 .text          0x000000ce        0x0 e:/embedded course/tools/sdk/imt_sdk_win_64/winavr/bin/../lib/gcc/avr/4.3.3/../../../../avr/lib/avr51\libm.a(fp_split3.o)
 .text          0x000000ce        0x0 e:/embedded course/tools/sdk/imt_sdk_win_64/winavr/bin/../lib/gcc/avr/4.3.3/../../../../avr/lib/avr51\libm.a(fp_zero.o)
 .text          0x000000ce        0x0 e:/embedded course/tools/sdk/imt_sdk_win_64/winavr/bin/../lib/gcc/avr/4.3.3/../../../../avr/lib/avr51\libm.a(gesf2.o)
 .text          0x000000ce        0x0 e:/embedded course/tools/sdk/imt_sdk_win_64/winavr/bin/../lib/gcc/avr/4.3.3/../../../../avr/lib/avr51\libm.a(mulsf3.o)
 .text          0x000000ce        0x0 e:/embedded course/tools/sdk/imt_sdk_win_64/winavr/bin/../lib/gcc/avr/4.3.3/../../../../avr/lib/avr51\libm.a(mulsf3x.o)
 .text          0x000000ce        0x0 e:/embedded course/tools/sdk/imt_sdk_win_64/winavr/bin/../lib/gcc/avr/4.3.3/avr51\libgcc.a(_udivmodqi4.o)
 .text          0x000000ce        0x0 e:/embedded course/tools/sdk/imt_sdk_win_64/winavr/bin/../lib/gcc/avr/4.3.3/avr51\libgcc.a(_divmodhi4.o)
 .text          0x000000ce        0x0 e:/embedded course/tools/sdk/imt_sdk_win_64/winavr/bin/../lib/gcc/avr/4.3.3/avr51\libgcc.a(_exit.o)
 .text          0x000000ce        0x0 e:/embedded course/tools/sdk/imt_sdk_win_64/winavr/bin/../lib/gcc/avr/4.3.3/avr51\libgcc.a(_clear_bss.o)
 .text          0x000000ce        0x0 e:/embedded course/tools/sdk/imt_sdk_win_64/winavr/bin/../lib/gcc/avr/4.3.3/avr51\libgcc.a(_udivmodhi4.o)
 .text          0x000000ce        0x0 e:/embedded course/tools/sdk/imt_sdk_win_64/winavr/bin/../lib/gcc/avr/4.3.3/../../../../avr/lib/avr51\libc.a(memcpy.o)
 .text          0x000000ce        0x0 e:/embedded course/tools/sdk/imt_sdk_win_64/winavr/bin/../lib/gcc/avr/4.3.3/../../../../avr/lib/avr51\libc.a(memset.o)
 .text          0x000000ce        0x0 e:/embedded course/tools/sdk/imt_sdk_win_64/winavr/bin/../lib/gcc/avr/4.3.3/../../../../avr/lib/avr51\libc.a(strlen.o)
 .text          0x000000ce        0x0 e:/embedded course/tools/sdk/imt_sdk_win_64/winavr/bin/../lib/gcc/avr/4.3.3/../../../../avr/lib/avr51\libc.a(strncpy.o)
                0x000000ce                . = ALIGN (0x2)
 *(.text.*)
 .text.body_rates
                0x000000ce      0x296 ./Blocks.o
                0x000000ce                body_rates
 .text.roll_pitch
                0x00000364      0x492 ./Blocks.o
                0x00000364                roll_pitch
 .text.yaw_controller
                0x000007f6       0x96 ./Blocks.o
                0x000007f6                yaw_controller
 .text.altitude_controller
                0x0000088c      0x1e4 ./Blocks.o
                0x0000088c                altitude_controller
 .text.lateral_controller
                0x00000a70      0x1de ./Blocks.o
                0x00000a70                lateral_controller
 .text.SetPinDir
                0x00000c4e      0x34e ./DDIO_128.o
                0x00000c4e                SetPinDir
 .text.SetPinVal
                0x00000f9c      0x34e ./DDIO_128.o
                0x00000f9c                SetPinVal
 .text.ReadPinVal
                0x000012ea      0x1c0 ./DDIO_128.o
                0x000012ea                ReadPinVal
 .text.MPU_Init
                0x000014aa       0x92 ./MPU.o
                0x000014aa                MPU_Init
 .text.Read_IMU_Values
                0x0000153c      0x2ca ./MPU.o
                0x0000153c                Read_IMU_Values
 .text.ARM_Motors
                0x00001806       0xf8 ./PWM.o
                0x00001806                ARM_Motors
 .text.ISR      0x000018fe       0x2e ./PWM.o
                0x000018fe                ISR
 .text.PWM      0x0000192c      0x170 ./PWM.o
                0x0000192c                PWM
 .text.DISARM_Motors
                0x00001a9c       0x62 ./PWM.o
                0x00001a9c                DISARM_Motors
 .text.UART0_init
                0x00001afe       0x26 ./USART_128.o
                0x00001afe                UART0_init
 .text.UART1_init
                0x00001b24       0x26 ./USART_128.o
                0x00001b24                UART1_init
 .text.UART2_init
                0x00001b4a       0x26 ./USART_128.o
                0x00001b4a                UART2_init
 .text.UART0_sendByte
                0x00001b70       0x42 ./USART_128.o
                0x00001b70                UART0_sendByte
 .text.UART0_receiveByte
                0x00001bb2       0x1e ./USART_128.o
                0x00001bb2                UART0_receiveByte
 .text.UART1_sendByte
                0x00001bd0       0x42 ./USART_128.o
                0x00001bd0                UART1_sendByte
 .text.UART1_receiveByte
                0x00001c12       0x1e ./USART_128.o
                0x00001c12                UART1_receiveByte
 .text.UART2_sendByte
                0x00001c30       0x42 ./USART_128.o
                0x00001c30                UART2_sendByte
 .text.UART2_receiveByte
                0x00001c72       0x1e ./USART_128.o
                0x00001c72                UART2_receiveByte
 .text.UART0_sendString
                0x00001c90       0x38 ./USART_128.o
                0x00001c90                UART0_sendString
 .text.UART0_receiveString
                0x00001cc8       0x48 ./USART_128.o
                0x00001cc8                UART0_receiveString
 .text.UART1_sendString
                0x00001d10       0x38 ./USART_128.o
                0x00001d10                UART1_sendString
 .text.UART1_receiveString
                0x00001d48       0x48 ./USART_128.o
                0x00001d48                UART1_receiveString
 .text.UART2_sendString
                0x00001d90       0x38 ./USART_128.o
                0x00001d90                UART2_sendString
 .text.UART2_receiveString
                0x00001dc8       0x48 ./USART_128.o
                0x00001dc8                UART2_receiveString
 .text.xCoRoutineCreate
                0x00001e10      0x128 ./croutine.o
                0x00001e10                xCoRoutineCreate
 .text.vCoRoutineAddToDelayedList
                0x00001f38       0xc2 ./croutine.o
                0x00001f38                vCoRoutineAddToDelayedList
 .text.prvCheckPendingReadyList
                0x00001ffa       0x94 ./croutine.o
 .text.prvCheckDelayedList
                0x0000208e      0x15c ./croutine.o
 .text.vCoRoutineSchedule
                0x000021ea       0xf4 ./croutine.o
                0x000021ea                vCoRoutineSchedule
 .text.prvInitialiseCoRoutineLists
                0x000022de       0x72 ./croutine.o
 .text.xCoRoutineRemoveFromEventList
                0x00002350       0x70 ./croutine.o
                0x00002350                xCoRoutineRemoveFromEventList
 .text.update_IMU
                0x000023c0      0x7d8 ./estimation.o
                0x000023c0                update_IMU
 .text.GPS_Read
                0x00002b98      0x35c ./gps.o
                0x00002b98                GPS_Read
 .text.pvPortMalloc
                0x00002ef4       0x8c ./heap_1.o
                0x00002ef4                pvPortMalloc
 .text.vPortFree
                0x00002f80       0x18 ./heap_1.o
                0x00002f80                vPortFree
 .text.vPortInitialiseBlocks
                0x00002f98       0x16 ./heap_1.o
                0x00002f98                vPortInitialiseBlocks
 .text.xPortGetFreeHeapSize
                0x00002fae       0x1e ./heap_1.o
                0x00002fae                xPortGetFreeHeapSize
 .text.I2C_Init
                0x00002fcc       0x22 ./i2c.o
                0x00002fcc                I2C_Init
 .text.I2C_Start
                0x00002fee       0x48 ./i2c.o
                0x00002fee                I2C_Start
 .text.I2C_Add  0x00003036       0x80 ./i2c.o
                0x00003036                I2C_Add
 .text.I2C_Write
                0x000030b6       0x40 ./i2c.o
                0x000030b6                I2C_Write
 .text.I2C_Stop
                0x000030f6       0x16 ./i2c.o
                0x000030f6                I2C_Stop
 .text.I2C_Read
                0x0000310c       0x26 ./i2c.o
                0x0000310c                I2C_Read
 .text.vListInitialise
                0x00003132       0x54 ./list.o
                0x00003132                vListInitialise
 .text.vListInitialiseItem
                0x00003186       0x20 ./list.o
                0x00003186                vListInitialiseItem
 .text.vListInsertEnd
                0x000031a6       0x98 ./list.o
                0x000031a6                vListInsertEnd
 .text.vListInsert
                0x0000323e       0xd8 ./list.o
                0x0000323e                vListInsert
 .text.vListRemove
                0x00003316       0x92 ./list.o
                0x00003316                vListRemove
 .text.main     0x000033a8       0x1c ./main.o
                0x000033a8                main
 .text.pxPortInitialiseStack
                0x000033c4      0x306 ./port.o
                0x000033c4                pxPortInitialiseStack
 .text.xPortStartScheduler
                0x000036ca       0x6a ./port.o
                0x000036ca                xPortStartScheduler
 .text.vPortEndScheduler
                0x00003734        0xe ./port.o
                0x00003734                vPortEndScheduler
 .text.vPortYield
                0x00003742       0xb2 ./port.o
                0x00003742                vPortYield
 .text.vPortYieldFromTick
                0x000037f4       0xb6 ./port.o
                0x000037f4                vPortYieldFromTick
 .text.prvSetupTimerInterrupt
                0x000038aa       0xb8 ./port.o
 .text.__vector_12
                0x00003962        0x6 ./port.o
                0x00003962                __vector_12
 .text.xQueueCreate
                0x00003968      0x152 ./queue.o
                0x00003968                xQueueCreate
 .text.xQueueGenericSend
                0x00003aba      0x13c ./queue.o
                0x00003aba                xQueueGenericSend
 .text.xQueueGenericSendFromISR
                0x00003bf6       0x9a ./queue.o
                0x00003bf6                xQueueGenericSendFromISR
 .text.xQueueGenericReceive
                0x00003c90      0x180 ./queue.o
                0x00003c90                xQueueGenericReceive
 .text.xQueueReceiveFromISR
                0x00003e10       0x9e ./queue.o
                0x00003e10                xQueueReceiveFromISR
 .text.uxQueueMessagesWaiting
                0x00003eae       0x30 ./queue.o
                0x00003eae                uxQueueMessagesWaiting
 .text.uxQueueMessagesWaitingFromISR
                0x00003ede       0x26 ./queue.o
                0x00003ede                uxQueueMessagesWaitingFromISR
 .text.vQueueDelete
                0x00003f04       0x2c ./queue.o
                0x00003f04                vQueueDelete
 .text.prvCopyDataToQueue
                0x00003f30      0x12a ./queue.o
 .text.prvCopyDataFromQueue
                0x0000405a       0x90 ./queue.o
 .text.prvUnlockQueue
                0x000040ea       0xa8 ./queue.o
 .text.prvIsQueueEmpty
                0x00004192       0x38 ./queue.o
 .text.xQueueIsQueueEmptyFromISR
                0x000041ca       0x2e ./queue.o
                0x000041ca                xQueueIsQueueEmptyFromISR
 .text.prvIsQueueFull
                0x000041f8       0x3e ./queue.o
 .text.xQueueIsQueueFullFromISR
                0x00004236       0x34 ./queue.o
                0x00004236                xQueueIsQueueFullFromISR
 .text.power    0x0000426a      0x136 ./quickmath.o
                0x0000426a                power
 .text.fact     0x000043a0       0x58 ./quickmath.o
                0x000043a0                fact
 .text.sine     0x000043f8      0x1b2 ./quickmath.o
                0x000043f8                sine
 .text.cosine   0x000045aa      0x1ac ./quickmath.o
                0x000045aa                cosine
 .text.arctan   0x00004756      0x16a ./quickmath.o
                0x00004756                arctan
 .text.pow      0x000048c0       0x3c ./strTof.o
                0x000048c0                pow
 .text.strTof   0x000048fc      0x1cc ./strTof.o
                0x000048fc                strTof
 .text.xTaskGenericCreate
                0x00004ac8      0x1da ./tasks.o
                0x00004ac8                xTaskGenericCreate
 .text.vTaskDelete
                0x00004ca2       0xc6 ./tasks.o
                0x00004ca2                vTaskDelete
 .text.vTaskDelayUntil
                0x00004d68       0xe8 ./tasks.o
                0x00004d68                vTaskDelayUntil
 .text.vTaskDelay
                0x00004e50       0x6a ./tasks.o
                0x00004e50                vTaskDelay
 .text.vTaskStartScheduler
                0x00004eba       0x6e ./tasks.o
                0x00004eba                vTaskStartScheduler
 .text.vTaskEndScheduler
                0x00004f28       0x18 ./tasks.o
                0x00004f28                vTaskEndScheduler
 .text.vTaskSuspendAll
                0x00004f40       0x18 ./tasks.o
                0x00004f40                vTaskSuspendAll
 .text.xTaskResumeAll
                0x00004f58      0x114 ./tasks.o
                0x00004f58                xTaskResumeAll
 .text.xTaskGetTickCount
                0x0000506c       0x2e ./tasks.o
                0x0000506c                xTaskGetTickCount
 .text.xTaskGetTickCountFromISR
                0x0000509a       0x2a ./tasks.o
                0x0000509a                xTaskGetTickCountFromISR
 .text.uxTaskGetNumberOfTasks
                0x000050c4       0x12 ./tasks.o
                0x000050c4                uxTaskGetNumberOfTasks
 .text.vTaskIncrementTick
                0x000050d6      0x1aa ./tasks.o
                0x000050d6                vTaskIncrementTick
 .text.vTaskSwitchContext
                0x00005280       0xcc ./tasks.o
                0x00005280                vTaskSwitchContext
 .text.vTaskPlaceOnEventList
                0x0000534c       0x6c ./tasks.o
                0x0000534c                vTaskPlaceOnEventList
 .text.xTaskRemoveFromEventList
                0x000053b8       0xd0 ./tasks.o
                0x000053b8                xTaskRemoveFromEventList
 .text.vTaskSetTimeOutState
                0x00005488       0x32 ./tasks.o
                0x00005488                vTaskSetTimeOutState
 .text.xTaskCheckForTimeOut
                0x000054ba       0xba ./tasks.o
                0x000054ba                xTaskCheckForTimeOut
 .text.vTaskMissedYield
                0x00005574       0x14 ./tasks.o
                0x00005574                vTaskMissedYield
 .text.prvIdleTask
                0x00005588       0x14 ./tasks.o
 .text.prvInitialiseTCBVariables
                0x0000559c       0xae ./tasks.o
 .text.prvInitialiseTaskLists
                0x0000564a       0x7a ./tasks.o
 .text.prvCheckTasksWaitingTermination
                0x000056c4       0x7c ./tasks.o
 .text.prvAddCurrentTaskToDelayedList
                0x00005740       0x92 ./tasks.o
 .text.prvAllocateTCBAndStack
                0x000057d2       0xa0 ./tasks.o
 .text.prvDeleteTCB
                0x00005872       0x2c ./tasks.o
 .text.avr-libc.fplib
                0x0000589e        0xa e:/embedded course/tools/sdk/imt_sdk_win_64/winavr/bin/../lib/gcc/avr/4.3.3/../../../../avr/lib/avr51\libm.a(addsf3.o)
                0x0000589e                __subsf3
                0x000058a0                __addsf3
 .text.avr-libc.fplib
                0x000058a8       0xc0 e:/embedded course/tools/sdk/imt_sdk_win_64/winavr/bin/../lib/gcc/avr/4.3.3/../../../../avr/lib/avr51\libm.a(addsf3x.o)
                0x000058c2                __addsf3x
 .text.avr-libc.fplib
                0x00005968        0x8 e:/embedded course/tools/sdk/imt_sdk_win_64/winavr/bin/../lib/gcc/avr/4.3.3/../../../../avr/lib/avr51\libm.a(cmpsf2.o)
                0x00005968                __lesf2
                0x00005968                __nesf2
                0x00005968                __eqsf2
                0x00005968                __cmpsf2
                0x00005968                __ltsf2
 .text.avr-libc.fplib
                0x00005970        0x4 e:/embedded course/tools/sdk/imt_sdk_win_64/winavr/bin/../lib/gcc/avr/4.3.3/../../../../avr/lib/avr51\libm.a(divsf3.o)
                0x00005970                __divsf3
 .text.avr-libc.fplib
                0x00005974       0xcc e:/embedded course/tools/sdk/imt_sdk_win_64/winavr/bin/../lib/gcc/avr/4.3.3/../../../../avr/lib/avr51\libm.a(divsf3x.o)
                0x0000598a                __divsf3x
                0x0000598e                __divsf3_pse
 .text.avr-libc.fplib
                0x00005a40       0x58 e:/embedded course/tools/sdk/imt_sdk_win_64/winavr/bin/../lib/gcc/avr/4.3.3/../../../../avr/lib/avr51\libm.a(fixunssfsi.o)
                0x00005a40                __fixunssfsi
 .text.avr-libc.fplib
                0x00005a98       0x7a e:/embedded course/tools/sdk/imt_sdk_win_64/winavr/bin/../lib/gcc/avr/4.3.3/../../../../avr/lib/avr51\libm.a(floatsisf.o)
                0x00005a9c                __floatsisf
                0x00005a98                __floatunsisf
 .text.avr-libc.fplib
                0x00005b12       0x48 e:/embedded course/tools/sdk/imt_sdk_win_64/winavr/bin/../lib/gcc/avr/4.3.3/../../../../avr/lib/avr51\libm.a(fp_cmp.o)
                0x00005b12                __fp_cmp
 .text.avr-libc.fplib
                0x00005b5a        0xc e:/embedded course/tools/sdk/imt_sdk_win_64/winavr/bin/../lib/gcc/avr/4.3.3/../../../../avr/lib/avr51\libm.a(fp_inf.o)
                0x00005b5a                __fp_inf
 .text.avr-libc.fplib
                0x00005b66        0x6 e:/embedded course/tools/sdk/imt_sdk_win_64/winavr/bin/../lib/gcc/avr/4.3.3/../../../../avr/lib/avr51\libm.a(fp_nan.o)
                0x00005b66                __fp_nan
 .text.avr-libc.fplib
                0x00005b6c        0xe e:/embedded course/tools/sdk/imt_sdk_win_64/winavr/bin/../lib/gcc/avr/4.3.3/../../../../avr/lib/avr51\libm.a(fp_pscA.o)
                0x00005b6c                __fp_pscA
 .text.avr-libc.fplib
                0x00005b7a        0xe e:/embedded course/tools/sdk/imt_sdk_win_64/winavr/bin/../lib/gcc/avr/4.3.3/../../../../avr/lib/avr51\libm.a(fp_pscB.o)
                0x00005b7a                __fp_pscB
 .text.avr-libc.fplib
                0x00005b88       0x22 e:/embedded course/tools/sdk/imt_sdk_win_64/winavr/bin/../lib/gcc/avr/4.3.3/../../../../avr/lib/avr51\libm.a(fp_round.o)
                0x00005b88                __fp_round
 .text.avr-libc.fplib
                0x00005baa       0x44 e:/embedded course/tools/sdk/imt_sdk_win_64/winavr/bin/../lib/gcc/avr/4.3.3/../../../../avr/lib/avr51\libm.a(fp_split3.o)
                0x00005baa                __fp_split3
                0x00005bba                __fp_splitA
 .text.avr-libc.fplib
                0x00005bee        0xe e:/embedded course/tools/sdk/imt_sdk_win_64/winavr/bin/../lib/gcc/avr/4.3.3/../../../../avr/lib/avr51\libm.a(fp_zero.o)
                0x00005bee                __fp_zero
                0x00005bf0                __fp_szero
 .text.avr-libc.fplib
                0x00005bfc        0x8 e:/embedded course/tools/sdk/imt_sdk_win_64/winavr/bin/../lib/gcc/avr/4.3.3/../../../../avr/lib/avr51\libm.a(gesf2.o)
                0x00005bfc                __gtsf2
                0x00005bfc                __gesf2
 .text.avr-libc.fplib
                0x00005c04        0x4 e:/embedded course/tools/sdk/imt_sdk_win_64/winavr/bin/../lib/gcc/avr/4.3.3/../../../../avr/lib/avr51\libm.a(mulsf3.o)
                0x00005c04                __mulsf3
 .text.avr-libc.fplib
                0x00005c08       0xc2 e:/embedded course/tools/sdk/imt_sdk_win_64/winavr/bin/../lib/gcc/avr/4.3.3/../../../../avr/lib/avr51\libm.a(mulsf3x.o)
                0x00005c20                __mulsf3_pse
                0x00005c1c                __mulsf3x
 .text.libgcc   0x00005cca       0x18 e:/embedded course/tools/sdk/imt_sdk_win_64/winavr/bin/../lib/gcc/avr/4.3.3/avr51\libgcc.a(_udivmodqi4.o)
                0x00005cca                __udivmodqi4
 .text.libgcc   0x00005ce2       0x26 e:/embedded course/tools/sdk/imt_sdk_win_64/winavr/bin/../lib/gcc/avr/4.3.3/avr51\libgcc.a(_divmodhi4.o)
                0x00005ce2                __divmodhi4
                0x00005ce2                _div
 .text.libgcc   0x00005d08        0x0 e:/embedded course/tools/sdk/imt_sdk_win_64/winavr/bin/../lib/gcc/avr/4.3.3/avr51\libgcc.a(_exit.o)
 .text.libgcc   0x00005d08        0x0 e:/embedded course/tools/sdk/imt_sdk_win_64/winavr/bin/../lib/gcc/avr/4.3.3/avr51\libgcc.a(_clear_bss.o)
 .text.libgcc   0x00005d08       0x28 e:/embedded course/tools/sdk/imt_sdk_win_64/winavr/bin/../lib/gcc/avr/4.3.3/avr51\libgcc.a(_udivmodhi4.o)
                0x00005d08                __udivmodhi4
 .text.avr-libc
                0x00005d30       0x12 e:/embedded course/tools/sdk/imt_sdk_win_64/winavr/bin/../lib/gcc/avr/4.3.3/../../../../avr/lib/avr51\libc.a(memcpy.o)
                0x00005d30                memcpy
 .text.avr-libc
                0x00005d42        0xe e:/embedded course/tools/sdk/imt_sdk_win_64/winavr/bin/../lib/gcc/avr/4.3.3/../../../../avr/lib/avr51\libc.a(memset.o)
                0x00005d42                memset
 .text.avr-libc
                0x00005d50       0x12 e:/embedded course/tools/sdk/imt_sdk_win_64/winavr/bin/../lib/gcc/avr/4.3.3/../../../../avr/lib/avr51\libc.a(strlen.o)
                0x00005d50                strlen
 .text.avr-libc
                0x00005d62       0x1e e:/embedded course/tools/sdk/imt_sdk_win_64/winavr/bin/../lib/gcc/avr/4.3.3/../../../../avr/lib/avr51\libc.a(strncpy.o)
                0x00005d62                strncpy
                0x00005d80                . = ALIGN (0x2)
 *(.fini9)
 .fini9         0x00005d80        0x0 e:/embedded course/tools/sdk/imt_sdk_win_64/winavr/bin/../lib/gcc/avr/4.3.3/avr51\libgcc.a(_exit.o)
                0x00005d80                exit
                0x00005d80                _exit
 *(.fini9)
 *(.fini8)
 *(.fini8)
 *(.fini7)
 *(.fini7)
 *(.fini6)
 *(.fini6)
 *(.fini5)
 *(.fini5)
 *(.fini4)
 *(.fini4)
 *(.fini3)
 *(.fini3)
 *(.fini2)
 *(.fini2)
 *(.fini1)
 *(.fini1)
 *(.fini0)
 .fini0         0x00005d80        0x4 e:/embedded course/tools/sdk/imt_sdk_win_64/winavr/bin/../lib/gcc/avr/4.3.3/avr51\libgcc.a(_exit.o)
 *(.fini0)
                0x00005d84                _etext = .

.data           0x00800100       0x10 load address 0x00005d84
                0x00800100                PROVIDE (__data_start, .)
 *(.data)
 .data          0x00800100        0x0 e:/embedded course/tools/sdk/imt_sdk_win_64/winavr/bin/../lib/gcc/avr/4.3.3/../../../../avr/lib/avr51/crtm128.o
 .data          0x00800100        0x0 ./Blocks.o
 .data          0x00800100        0x0 ./DDIO_128.o
 .data          0x00800100        0x0 ./MPU.o
 .data          0x00800100        0x0 ./PWM.o
 .data          0x00800100        0x0 ./USART_128.o
 .data          0x00800100        0x0 ./croutine.o
 .data          0x00800100        0x0 ./estimation.o
 .data          0x00800100        0x0 ./gps.o
 .data          0x00800100        0x0 ./heap_1.o
 .data          0x00800100        0x0 ./i2c.o
 .data          0x00800100        0x0 ./list.o
 .data          0x00800100        0x0 ./main.o
 .data          0x00800100        0x0 ./port.o
 .data          0x00800100        0x0 ./queue.o
 .data          0x00800100        0x0 ./quickmath.o
 .data          0x00800100        0x0 ./strTof.o
 .data          0x00800100        0x5 ./tasks.o
 .data          0x00800105        0x0 ./timers.o
 .data          0x00800105        0x0 e:/embedded course/tools/sdk/imt_sdk_win_64/winavr/bin/../lib/gcc/avr/4.3.3/../../../../avr/lib/avr51\libm.a(addsf3.o)
 .data          0x00800105        0x0 e:/embedded course/tools/sdk/imt_sdk_win_64/winavr/bin/../lib/gcc/avr/4.3.3/../../../../avr/lib/avr51\libm.a(addsf3x.o)
 .data          0x00800105        0x0 e:/embedded course/tools/sdk/imt_sdk_win_64/winavr/bin/../lib/gcc/avr/4.3.3/../../../../avr/lib/avr51\libm.a(cmpsf2.o)
 .data          0x00800105        0x0 e:/embedded course/tools/sdk/imt_sdk_win_64/winavr/bin/../lib/gcc/avr/4.3.3/../../../../avr/lib/avr51\libm.a(divsf3.o)
 .data          0x00800105        0x0 e:/embedded course/tools/sdk/imt_sdk_win_64/winavr/bin/../lib/gcc/avr/4.3.3/../../../../avr/lib/avr51\libm.a(divsf3x.o)
 .data          0x00800105        0x0 e:/embedded course/tools/sdk/imt_sdk_win_64/winavr/bin/../lib/gcc/avr/4.3.3/../../../../avr/lib/avr51\libm.a(fixunssfsi.o)
 .data          0x00800105        0x0 e:/embedded course/tools/sdk/imt_sdk_win_64/winavr/bin/../lib/gcc/avr/4.3.3/../../../../avr/lib/avr51\libm.a(floatsisf.o)
 .data          0x00800105        0x0 e:/embedded course/tools/sdk/imt_sdk_win_64/winavr/bin/../lib/gcc/avr/4.3.3/../../../../avr/lib/avr51\libm.a(fp_cmp.o)
 .data          0x00800105        0x0 e:/embedded course/tools/sdk/imt_sdk_win_64/winavr/bin/../lib/gcc/avr/4.3.3/../../../../avr/lib/avr51\libm.a(fp_inf.o)
 .data          0x00800105        0x0 e:/embedded course/tools/sdk/imt_sdk_win_64/winavr/bin/../lib/gcc/avr/4.3.3/../../../../avr/lib/avr51\libm.a(fp_nan.o)
 .data          0x00800105        0x0 e:/embedded course/tools/sdk/imt_sdk_win_64/winavr/bin/../lib/gcc/avr/4.3.3/../../../../avr/lib/avr51\libm.a(fp_pscA.o)
 .data          0x00800105        0x0 e:/embedded course/tools/sdk/imt_sdk_win_64/winavr/bin/../lib/gcc/avr/4.3.3/../../../../avr/lib/avr51\libm.a(fp_pscB.o)
 .data          0x00800105        0x0 e:/embedded course/tools/sdk/imt_sdk_win_64/winavr/bin/../lib/gcc/avr/4.3.3/../../../../avr/lib/avr51\libm.a(fp_round.o)
 .data          0x00800105        0x0 e:/embedded course/tools/sdk/imt_sdk_win_64/winavr/bin/../lib/gcc/avr/4.3.3/../../../../avr/lib/avr51\libm.a(fp_split3.o)
 .data          0x00800105        0x0 e:/embedded course/tools/sdk/imt_sdk_win_64/winavr/bin/../lib/gcc/avr/4.3.3/../../../../avr/lib/avr51\libm.a(fp_zero.o)
 .data          0x00800105        0x0 e:/embedded course/tools/sdk/imt_sdk_win_64/winavr/bin/../lib/gcc/avr/4.3.3/../../../../avr/lib/avr51\libm.a(gesf2.o)
 .data          0x00800105        0x0 e:/embedded course/tools/sdk/imt_sdk_win_64/winavr/bin/../lib/gcc/avr/4.3.3/../../../../avr/lib/avr51\libm.a(mulsf3.o)
 .data          0x00800105        0x0 e:/embedded course/tools/sdk/imt_sdk_win_64/winavr/bin/../lib/gcc/avr/4.3.3/../../../../avr/lib/avr51\libm.a(mulsf3x.o)
 .data          0x00800105        0x0 e:/embedded course/tools/sdk/imt_sdk_win_64/winavr/bin/../lib/gcc/avr/4.3.3/avr51\libgcc.a(_udivmodqi4.o)
 .data          0x00800105        0x0 e:/embedded course/tools/sdk/imt_sdk_win_64/winavr/bin/../lib/gcc/avr/4.3.3/avr51\libgcc.a(_divmodhi4.o)
 .data          0x00800105        0x0 e:/embedded course/tools/sdk/imt_sdk_win_64/winavr/bin/../lib/gcc/avr/4.3.3/avr51\libgcc.a(_exit.o)
 .data          0x00800105        0x0 e:/embedded course/tools/sdk/imt_sdk_win_64/winavr/bin/../lib/gcc/avr/4.3.3/avr51\libgcc.a(_clear_bss.o)
 .data          0x00800105        0x0 e:/embedded course/tools/sdk/imt_sdk_win_64/winavr/bin/../lib/gcc/avr/4.3.3/avr51\libgcc.a(_udivmodhi4.o)
 .data          0x00800105        0x0 e:/embedded course/tools/sdk/imt_sdk_win_64/winavr/bin/../lib/gcc/avr/4.3.3/../../../../avr/lib/avr51\libc.a(memcpy.o)
 .data          0x00800105        0x0 e:/embedded course/tools/sdk/imt_sdk_win_64/winavr/bin/../lib/gcc/avr/4.3.3/../../../../avr/lib/avr51\libc.a(memset.o)
 .data          0x00800105        0x0 e:/embedded course/tools/sdk/imt_sdk_win_64/winavr/bin/../lib/gcc/avr/4.3.3/../../../../avr/lib/avr51\libc.a(strlen.o)
 .data          0x00800105        0x0 e:/embedded course/tools/sdk/imt_sdk_win_64/winavr/bin/../lib/gcc/avr/4.3.3/../../../../avr/lib/avr51\libc.a(strncpy.o)
 *(.data*)
 .data.kp_rate  0x00800105        0x1 ./Blocks.o
                0x00800105                kp_rate
 .data.Ixx      0x00800106        0x1 ./Blocks.o
                0x00800106                Ixx
 .data.Iyy      0x00800107        0x1 ./Blocks.o
                0x00800107                Iyy
 .data.Izz      0x00800108        0x1 ./Blocks.o
                0x00800108                Izz
 .data.m        0x00800109        0x1 ./Blocks.o
                0x00800109                m
 .data.kp_bank  0x0080010a        0x1 ./Blocks.o
                0x0080010a                kp_bank
 .data.g        0x0080010b        0x1 ./Blocks.o
                0x0080010b                g
 .data.taw      0x0080010c        0x1 ./Blocks.o
                0x0080010c                taw
 .data.xNextTaskUnblockTime
                0x0080010d        0x2 ./tasks.o
 *(.rodata)
 *(.rodata*)
 *(.gnu.linkonce.d*)
                0x00800110                . = ALIGN (0x2)
 *fill*         0x0080010f        0x1 00
                0x00800110                _edata = .
                0x00800110                PROVIDE (__data_end, .)

.bss            0x00800110      0x2e6
                0x00800110                PROVIDE (__bss_start, .)
 *(.bss)
 .bss           0x00800110        0x0 e:/embedded course/tools/sdk/imt_sdk_win_64/winavr/bin/../lib/gcc/avr/4.3.3/../../../../avr/lib/avr51/crtm128.o
 .bss           0x00800110        0x0 ./Blocks.o
 .bss           0x00800110        0x0 ./DDIO_128.o
 .bss           0x00800110        0x0 ./MPU.o
 .bss           0x00800110        0x0 ./PWM.o
 .bss           0x00800110        0x0 ./USART_128.o
 .bss           0x00800110        0x0 ./croutine.o
 .bss           0x00800110        0x0 ./estimation.o
 .bss           0x00800110        0x0 ./gps.o
 .bss           0x00800110        0x0 ./heap_1.o
 .bss           0x00800110        0x0 ./i2c.o
 .bss           0x00800110        0x0 ./list.o
 .bss           0x00800110        0x0 ./main.o
 .bss           0x00800110        0x0 ./port.o
 .bss           0x00800110        0x0 ./queue.o
 .bss           0x00800110        0x0 ./quickmath.o
 .bss           0x00800110        0x0 ./strTof.o
 .bss           0x00800110        0x0 ./tasks.o
 .bss           0x00800110        0x0 ./timers.o
 .bss           0x00800110        0x0 e:/embedded course/tools/sdk/imt_sdk_win_64/winavr/bin/../lib/gcc/avr/4.3.3/../../../../avr/lib/avr51\libm.a(addsf3.o)
 .bss           0x00800110        0x0 e:/embedded course/tools/sdk/imt_sdk_win_64/winavr/bin/../lib/gcc/avr/4.3.3/../../../../avr/lib/avr51\libm.a(addsf3x.o)
 .bss           0x00800110        0x0 e:/embedded course/tools/sdk/imt_sdk_win_64/winavr/bin/../lib/gcc/avr/4.3.3/../../../../avr/lib/avr51\libm.a(cmpsf2.o)
 .bss           0x00800110        0x0 e:/embedded course/tools/sdk/imt_sdk_win_64/winavr/bin/../lib/gcc/avr/4.3.3/../../../../avr/lib/avr51\libm.a(divsf3.o)
 .bss           0x00800110        0x0 e:/embedded course/tools/sdk/imt_sdk_win_64/winavr/bin/../lib/gcc/avr/4.3.3/../../../../avr/lib/avr51\libm.a(divsf3x.o)
 .bss           0x00800110        0x0 e:/embedded course/tools/sdk/imt_sdk_win_64/winavr/bin/../lib/gcc/avr/4.3.3/../../../../avr/lib/avr51\libm.a(fixunssfsi.o)
 .bss           0x00800110        0x0 e:/embedded course/tools/sdk/imt_sdk_win_64/winavr/bin/../lib/gcc/avr/4.3.3/../../../../avr/lib/avr51\libm.a(floatsisf.o)
 .bss           0x00800110        0x0 e:/embedded course/tools/sdk/imt_sdk_win_64/winavr/bin/../lib/gcc/avr/4.3.3/../../../../avr/lib/avr51\libm.a(fp_cmp.o)
 .bss           0x00800110        0x0 e:/embedded course/tools/sdk/imt_sdk_win_64/winavr/bin/../lib/gcc/avr/4.3.3/../../../../avr/lib/avr51\libm.a(fp_inf.o)
 .bss           0x00800110        0x0 e:/embedded course/tools/sdk/imt_sdk_win_64/winavr/bin/../lib/gcc/avr/4.3.3/../../../../avr/lib/avr51\libm.a(fp_nan.o)
 .bss           0x00800110        0x0 e:/embedded course/tools/sdk/imt_sdk_win_64/winavr/bin/../lib/gcc/avr/4.3.3/../../../../avr/lib/avr51\libm.a(fp_pscA.o)
 .bss           0x00800110        0x0 e:/embedded course/tools/sdk/imt_sdk_win_64/winavr/bin/../lib/gcc/avr/4.3.3/../../../../avr/lib/avr51\libm.a(fp_pscB.o)
 .bss           0x00800110        0x0 e:/embedded course/tools/sdk/imt_sdk_win_64/winavr/bin/../lib/gcc/avr/4.3.3/../../../../avr/lib/avr51\libm.a(fp_round.o)
 .bss           0x00800110        0x0 e:/embedded course/tools/sdk/imt_sdk_win_64/winavr/bin/../lib/gcc/avr/4.3.3/../../../../avr/lib/avr51\libm.a(fp_split3.o)
 .bss           0x00800110        0x0 e:/embedded course/tools/sdk/imt_sdk_win_64/winavr/bin/../lib/gcc/avr/4.3.3/../../../../avr/lib/avr51\libm.a(fp_zero.o)
 .bss           0x00800110        0x0 e:/embedded course/tools/sdk/imt_sdk_win_64/winavr/bin/../lib/gcc/avr/4.3.3/../../../../avr/lib/avr51\libm.a(gesf2.o)
 .bss           0x00800110        0x0 e:/embedded course/tools/sdk/imt_sdk_win_64/winavr/bin/../lib/gcc/avr/4.3.3/../../../../avr/lib/avr51\libm.a(mulsf3.o)
 .bss           0x00800110        0x0 e:/embedded course/tools/sdk/imt_sdk_win_64/winavr/bin/../lib/gcc/avr/4.3.3/../../../../avr/lib/avr51\libm.a(mulsf3x.o)
 .bss           0x00800110        0x0 e:/embedded course/tools/sdk/imt_sdk_win_64/winavr/bin/../lib/gcc/avr/4.3.3/avr51\libgcc.a(_udivmodqi4.o)
 .bss           0x00800110        0x0 e:/embedded course/tools/sdk/imt_sdk_win_64/winavr/bin/../lib/gcc/avr/4.3.3/avr51\libgcc.a(_divmodhi4.o)
 .bss           0x00800110        0x0 e:/embedded course/tools/sdk/imt_sdk_win_64/winavr/bin/../lib/gcc/avr/4.3.3/avr51\libgcc.a(_exit.o)
 .bss           0x00800110        0x0 e:/embedded course/tools/sdk/imt_sdk_win_64/winavr/bin/../lib/gcc/avr/4.3.3/avr51\libgcc.a(_clear_bss.o)
 .bss           0x00800110        0x0 e:/embedded course/tools/sdk/imt_sdk_win_64/winavr/bin/../lib/gcc/avr/4.3.3/avr51\libgcc.a(_udivmodhi4.o)
 .bss           0x00800110        0x0 e:/embedded course/tools/sdk/imt_sdk_win_64/winavr/bin/../lib/gcc/avr/4.3.3/../../../../avr/lib/avr51\libc.a(memcpy.o)
 .bss           0x00800110        0x0 e:/embedded course/tools/sdk/imt_sdk_win_64/winavr/bin/../lib/gcc/avr/4.3.3/../../../../avr/lib/avr51\libc.a(memset.o)
 .bss           0x00800110        0x0 e:/embedded course/tools/sdk/imt_sdk_win_64/winavr/bin/../lib/gcc/avr/4.3.3/../../../../avr/lib/avr51\libc.a(strlen.o)
 .bss           0x00800110        0x0 e:/embedded course/tools/sdk/imt_sdk_win_64/winavr/bin/../lib/gcc/avr/4.3.3/../../../../avr/lib/avr51\libc.a(strncpy.o)
 *(.bss*)
 .bss.pxCurrentCoRoutine
                0x00800110        0x2 ./croutine.o
                0x00800110                pxCurrentCoRoutine
 .bss.uxTopCoRoutineReadyPriority
                0x00800112        0x1 ./croutine.o
 .bss.xCoRoutineTickCount
                0x00800113        0x2 ./croutine.o
 .bss.xLastTickCount
                0x00800115        0x2 ./croutine.o
 .bss.xPassedTicks
                0x00800117        0x2 ./croutine.o
 .bss.pxReadyCoRoutineLists
                0x00800119       0x12 ./croutine.o
 .bss.xDelayedCoRoutineList1
                0x0080012b        0x9 ./croutine.o
 .bss.xDelayedCoRoutineList2
                0x00800134        0x9 ./croutine.o
 .bss.pxDelayedCoRoutineList
                0x0080013d        0x2 ./croutine.o
 .bss.pxOverflowDelayedCoRoutineList
                0x0080013f        0x2 ./croutine.o
 .bss.xPendingReadyCoRoutineList
                0x00800141        0x9 ./croutine.o
 .bss.xNextFreeByte
                0x0080014a        0x2 ./heap_1.o
 .bss.xHeap     0x0080014c      0x258 ./heap_1.o
 .bss.pxCurrentTCB
                0x008003a4        0x2 ./tasks.o
                0x008003a4                pxCurrentTCB
 .bss.uxTasksDeleted
                0x008003a6        0x1 ./tasks.o
 .bss.uxCurrentNumberOfTasks
                0x008003a7        0x1 ./tasks.o
 .bss.xTickCount
                0x008003a8        0x2 ./tasks.o
 .bss.uxTopUsedPriority
                0x008003aa        0x1 ./tasks.o
 .bss.uxTopReadyPriority
                0x008003ab        0x1 ./tasks.o
 .bss.xSchedulerRunning
                0x008003ac        0x1 ./tasks.o
 .bss.uxSchedulerSuspended
                0x008003ad        0x1 ./tasks.o
 .bss.uxMissedTicks
                0x008003ae        0x1 ./tasks.o
 .bss.xMissedYield
                0x008003af        0x1 ./tasks.o
 .bss.xNumOfOverflows
                0x008003b0        0x1 ./tasks.o
 .bss.uxTaskNumber
                0x008003b1        0x1 ./tasks.o
 .bss.pxReadyTasksLists
                0x008003b2       0x1b ./tasks.o
 .bss.xDelayedTaskList1
                0x008003cd        0x9 ./tasks.o
 .bss.xDelayedTaskList2
                0x008003d6        0x9 ./tasks.o
 .bss.pxDelayedTaskList
                0x008003df        0x2 ./tasks.o
 .bss.pxOverflowDelayedTaskList
                0x008003e1        0x2 ./tasks.o
 .bss.xPendingReadyList
                0x008003e3        0x9 ./tasks.o
 .bss.xTasksWaitingTermination
                0x008003ec        0x9 ./tasks.o
 *(COMMON)
 COMMON         0x008003f5        0x1 ./Blocks.o
                0x008003f5                kd
                0x008003f6                PROVIDE (__bss_end, .)
                0x00005d84                __data_load_start = LOADADDR (.data)
                0x00005d94                __data_load_end = (__data_load_start + SIZEOF (.data))

.noinit         0x008003f6        0x0
                0x008003f6                PROVIDE (__noinit_start, .)
 *(.noinit*)
                0x008003f6                PROVIDE (__noinit_end, .)
                0x008003f6                _end = .
                0x008003f6                PROVIDE (__heap_start, .)

.eeprom         0x00810000        0x0
 *(.eeprom*)
                0x00810000                __eeprom_end = .

.fuse
 *(.fuse)
 *(.lfuse)
 *(.hfuse)
 *(.efuse)

.lock
 *(.lock*)

.signature
 *(.signature*)

.stab           0x00000000     0x7068
 *(.stab)
 .stab          0x00000000      0x690 ./Blocks.o
 .stab          0x00000690      0x528 ./DDIO_128.o
                                0x534 (size before relaxing)
 .stab          0x00000bb8      0x5c4 ./MPU.o
                                0x684 (size before relaxing)
 .stab          0x0000117c      0x66c ./PWM.o
                                0x6fc (size before relaxing)
 .stab          0x000017e8      0x5c4 ./USART_128.o
                                0x654 (size before relaxing)
 .stab          0x00001dac      0x984 ./croutine.o
                                0xb40 (size before relaxing)
 .stab          0x00002730      0x324 ./estimation.o
                                0x3e4 (size before relaxing)
 .stab          0x00002a54      0x390 ./gps.o
                                0x450 (size before relaxing)
 .stab          0x00002de4      0x354 ./heap_1.o
                                0x624 (size before relaxing)
 .stab          0x00003138      0x324 ./i2c.o
                                0x594 (size before relaxing)
 .stab          0x0000345c      0x474 ./list.o
                                0x750 (size before relaxing)
 .stab          0x000038d0      0x1bc ./main.o
                                0x534 (size before relaxing)
 .stab          0x00003a8c      0x840 ./port.o
                                0xb70 (size before relaxing)
 .stab          0x000042cc      0xe94 ./queue.o
                               0x11d0 (size before relaxing)
 .stab          0x00005160      0x474 ./quickmath.o
                                0x534 (size before relaxing)
 .stab          0x000055d4      0x354 ./strTof.o
                                0x414 (size before relaxing)
 .stab          0x00005928     0x1578 ./tasks.o
                               0x17d0 (size before relaxing)
 .stab          0x00006ea0      0x1c8 ./timers.o
                                0x4c8 (size before relaxing)

.stabstr        0x00000000     0x4171
 *(.stabstr)
 .stabstr       0x00000000     0x4171 ./Blocks.o

.stab.excl
 *(.stab.excl)

.stab.exclstr
 *(.stab.exclstr)

.stab.index
 *(.stab.index)

.stab.indexstr
 *(.stab.indexstr)

.comment
 *(.comment)

.debug
 *(.debug)

.line
 *(.line)

.debug_srcinfo
 *(.debug_srcinfo)

.debug_sfnames
 *(.debug_sfnames)

.debug_aranges
 *(.debug_aranges)

.debug_pubnames
 *(.debug_pubnames)

.debug_info
 *(.debug_info)
 *(.gnu.linkonce.wi.*)

.debug_abbrev
 *(.debug_abbrev)

.debug_line
 *(.debug_line)

.debug_frame
 *(.debug_frame)

.debug_str
 *(.debug_str)

.debug_loc
 *(.debug_loc)

.debug_macinfo
 *(.debug_macinfo)
OUTPUT(Control.elf elf32-avr)
LOAD linker stubs
