Archive member included because of file (symbol)

c:/winavr-20100110/bin/../lib/gcc/avr/4.3.3/avr51\libgcc.a(_udivmodqi4.o)
                              ./PWM.o (__udivmodqi4)
c:/winavr-20100110/bin/../lib/gcc/avr/4.3.3/avr51\libgcc.a(_divmodhi4.o)
                              ./Blocks.o (__divmodhi4)
c:/winavr-20100110/bin/../lib/gcc/avr/4.3.3/avr51\libgcc.a(_exit.o)
                              c:/winavr-20100110/bin/../lib/gcc/avr/4.3.3/../../../../avr/lib/avr51/crtm128.o (exit)
c:/winavr-20100110/bin/../lib/gcc/avr/4.3.3/avr51\libgcc.a(_clear_bss.o)
                              ./Blocks.o (__do_clear_bss)
c:/winavr-20100110/bin/../lib/gcc/avr/4.3.3/avr51\libgcc.a(_addsub_sf.o)
                              ./Blocks.o (__subsf3)
c:/winavr-20100110/bin/../lib/gcc/avr/4.3.3/avr51\libgcc.a(_mul_sf.o)
                              ./Blocks.o (__mulsf3)
c:/winavr-20100110/bin/../lib/gcc/avr/4.3.3/avr51\libgcc.a(_div_sf.o)
                              ./Blocks.o (__divsf3)
c:/winavr-20100110/bin/../lib/gcc/avr/4.3.3/avr51\libgcc.a(_si_to_sf.o)
                              ./Blocks.o (__floatsisf)
c:/winavr-20100110/bin/../lib/gcc/avr/4.3.3/avr51\libgcc.a(_thenan_sf.o)
                              c:/winavr-20100110/bin/../lib/gcc/avr/4.3.3/avr51\libgcc.a(_addsub_sf.o) (__thenan_sf)
c:/winavr-20100110/bin/../lib/gcc/avr/4.3.3/avr51\libgcc.a(_udivmodhi4.o)
                              c:/winavr-20100110/bin/../lib/gcc/avr/4.3.3/avr51\libgcc.a(_divmodhi4.o) (__udivmodhi4)
c:/winavr-20100110/bin/../lib/gcc/avr/4.3.3/avr51\libgcc.a(_prologue.o)
                              c:/winavr-20100110/bin/../lib/gcc/avr/4.3.3/avr51\libgcc.a(_addsub_sf.o) (__prologue_saves__)
c:/winavr-20100110/bin/../lib/gcc/avr/4.3.3/avr51\libgcc.a(_epilogue.o)
                              c:/winavr-20100110/bin/../lib/gcc/avr/4.3.3/avr51\libgcc.a(_addsub_sf.o) (__epilogue_restores__)
c:/winavr-20100110/bin/../lib/gcc/avr/4.3.3/avr51\libgcc.a(_clzsi2.o)
                              c:/winavr-20100110/bin/../lib/gcc/avr/4.3.3/avr51\libgcc.a(_si_to_sf.o) (__clzsi2)
c:/winavr-20100110/bin/../lib/gcc/avr/4.3.3/avr51\libgcc.a(_pack_sf.o)
                              c:/winavr-20100110/bin/../lib/gcc/avr/4.3.3/avr51\libgcc.a(_addsub_sf.o) (__pack_f)
c:/winavr-20100110/bin/../lib/gcc/avr/4.3.3/avr51\libgcc.a(_unpack_sf.o)
                              c:/winavr-20100110/bin/../lib/gcc/avr/4.3.3/avr51\libgcc.a(_addsub_sf.o) (__unpack_f)
c:/winavr-20100110/bin/../lib/gcc/avr/4.3.3/avr51\libgcc.a(_clz.o)
                              c:/winavr-20100110/bin/../lib/gcc/avr/4.3.3/avr51\libgcc.a(_clzsi2.o) (__clz_tab)
c:/winavr-20100110/bin/../lib/gcc/avr/4.3.3/../../../../avr/lib/avr51\libc.a(memcpy.o)
                              ./queue.o (memcpy)
c:/winavr-20100110/bin/../lib/gcc/avr/4.3.3/../../../../avr/lib/avr51\libc.a(memset.o)
                              ./tasks.o (memset)
c:/winavr-20100110/bin/../lib/gcc/avr/4.3.3/../../../../avr/lib/avr51\libc.a(strncpy.o)
                              ./tasks.o (strncpy)
c:/winavr-20100110/bin/../lib/gcc/avr/4.3.3/../../../../avr/lib/avr51\libc.a(cos.o)
                              ./Blocks.o (cos)
c:/winavr-20100110/bin/../lib/gcc/avr/4.3.3/../../../../avr/lib/avr51\libc.a(fp_rempio2.o)
                              c:/winavr-20100110/bin/../lib/gcc/avr/4.3.3/../../../../avr/lib/avr51\libc.a(cos.o) (__fp_rempio2)
c:/winavr-20100110/bin/../lib/gcc/avr/4.3.3/../../../../avr/lib/avr51\libc.a(fp_sinus.o)
                              c:/winavr-20100110/bin/../lib/gcc/avr/4.3.3/../../../../avr/lib/avr51\libc.a(cos.o) (__fp_sinus)
c:/winavr-20100110/bin/../lib/gcc/avr/4.3.3/../../../../avr/lib/avr51\libc.a(fp_split3.o)
                              c:/winavr-20100110/bin/../lib/gcc/avr/4.3.3/../../../../avr/lib/avr51\libc.a(fp_rempio2.o) (__fp_splitA)
c:/winavr-20100110/bin/../lib/gcc/avr/4.3.3/../../../../avr/lib/avr51\libc.a(sin.o)
                              ./Blocks.o (sin)
c:/winavr-20100110/bin/../lib/gcc/avr/4.3.3/../../../../avr/lib/avr51\libc.a(tan.o)
                              ./Blocks.o (tan)
c:/winavr-20100110/bin/../lib/gcc/avr/4.3.3/../../../../avr/lib/avr51\libc.a(addsf3x.o)
                              c:/winavr-20100110/bin/../lib/gcc/avr/4.3.3/../../../../avr/lib/avr51\libc.a(fp_sinus.o) (__addsf3x)
c:/winavr-20100110/bin/../lib/gcc/avr/4.3.3/../../../../avr/lib/avr51\libc.a(fp_inf.o)
                              c:/winavr-20100110/bin/../lib/gcc/avr/4.3.3/../../../../avr/lib/avr51\libc.a(addsf3x.o) (__fp_inf)
c:/winavr-20100110/bin/../lib/gcc/avr/4.3.3/../../../../avr/lib/avr51\libc.a(fp_mpack.o)
                              c:/winavr-20100110/bin/../lib/gcc/avr/4.3.3/../../../../avr/lib/avr51\libc.a(fp_rempio2.o) (__fp_mpack_finite)
c:/winavr-20100110/bin/../lib/gcc/avr/4.3.3/../../../../avr/lib/avr51\libc.a(fp_nan.o)
                              c:/winavr-20100110/bin/../lib/gcc/avr/4.3.3/../../../../avr/lib/avr51\libc.a(fp_rempio2.o) (__fp_nan)
c:/winavr-20100110/bin/../lib/gcc/avr/4.3.3/../../../../avr/lib/avr51\libc.a(fp_powsodd.o)
                              c:/winavr-20100110/bin/../lib/gcc/avr/4.3.3/../../../../avr/lib/avr51\libc.a(fp_sinus.o) (__fp_powsodd)
c:/winavr-20100110/bin/../lib/gcc/avr/4.3.3/../../../../avr/lib/avr51\libc.a(fp_pscA.o)
                              c:/winavr-20100110/bin/../lib/gcc/avr/4.3.3/../../../../avr/lib/avr51\libc.a(addsf3x.o) (__fp_pscA)
c:/winavr-20100110/bin/../lib/gcc/avr/4.3.3/../../../../avr/lib/avr51\libc.a(fp_pscB.o)
                              c:/winavr-20100110/bin/../lib/gcc/avr/4.3.3/../../../../avr/lib/avr51\libc.a(addsf3x.o) (__fp_pscB)
c:/winavr-20100110/bin/../lib/gcc/avr/4.3.3/../../../../avr/lib/avr51\libc.a(fp_round.o)
                              c:/winavr-20100110/bin/../lib/gcc/avr/4.3.3/../../../../avr/lib/avr51\libc.a(fp_sinus.o) (__fp_round)
c:/winavr-20100110/bin/../lib/gcc/avr/4.3.3/../../../../avr/lib/avr51\libc.a(fp_zero.o)
                              c:/winavr-20100110/bin/../lib/gcc/avr/4.3.3/../../../../avr/lib/avr51\libc.a(addsf3x.o) (__fp_zero)
c:/winavr-20100110/bin/../lib/gcc/avr/4.3.3/../../../../avr/lib/avr51\libc.a(inverse.o)
                              c:/winavr-20100110/bin/../lib/gcc/avr/4.3.3/../../../../avr/lib/avr51\libc.a(tan.o) (inverse)
c:/winavr-20100110/bin/../lib/gcc/avr/4.3.3/../../../../avr/lib/avr51\libc.a(fp_powser.o)
                              c:/winavr-20100110/bin/../lib/gcc/avr/4.3.3/../../../../avr/lib/avr51\libc.a(fp_powsodd.o) (__fp_powser)
c:/winavr-20100110/bin/../lib/gcc/avr/4.3.3/../../../../avr/lib/avr51\libc.a(mulsf3x.o)
                              c:/winavr-20100110/bin/../lib/gcc/avr/4.3.3/../../../../avr/lib/avr51\libc.a(fp_powser.o) (__mulsf3x)

Allocating common symbols
Common symbol       size              file

kd                  0x1               ./Blocks.o

Memory Configuration

Name             Origin             Length             Attributes
text             0x00000000         0x00020000         xr
data             0x00800060         0x0000ffa0         rw !x
eeprom           0x00810000         0x00010000         rw !x
fuse             0x00820000         0x00000400         rw !x
lock             0x00830000         0x00000400         rw !x
signature        0x00840000         0x00000400         rw !x
*default*        0x00000000         0xffffffff

Linker script and memory map

Address of section .data set to 0x800100
LOAD c:/winavr-20100110/bin/../lib/gcc/avr/4.3.3/../../../../avr/lib/avr51/crtm128.o
LOAD ./Blocks.o
LOAD ./DDIO_128.o
LOAD ./PWM.o
LOAD ./USART_128.o
LOAD ./croutine.o
LOAD ./heap_1.o
LOAD ./list.o
LOAD ./main.o
LOAD ./port.o
LOAD ./queue.o
LOAD ./tasks.o
LOAD ./timers.o
LOAD c:/winavr-20100110/bin/../lib/gcc/avr/4.3.3/avr51\libgcc.a
LOAD c:/winavr-20100110/bin/../lib/gcc/avr/4.3.3/../../../../avr/lib/avr51\libc.a
LOAD c:/winavr-20100110/bin/../lib/gcc/avr/4.3.3/avr51\libgcc.a

.hash
 *(.hash)

.dynsym
 *(.dynsym)

.dynstr
 *(.dynstr)

.gnu.version
 *(.gnu.version)

.gnu.version_d
 *(.gnu.version_d)

.gnu.version_r
 *(.gnu.version_r)

.rel.init
 *(.rel.init)

.rela.init
 *(.rela.init)

.rel.text
 *(.rel.text)
 *(.rel.text.*)
 *(.rel.gnu.linkonce.t*)

.rela.text
 *(.rela.text)
 *(.rela.text.*)
 *(.rela.gnu.linkonce.t*)

.rel.fini
 *(.rel.fini)

.rela.fini
 *(.rela.fini)

.rel.rodata
 *(.rel.rodata)
 *(.rel.rodata.*)
 *(.rel.gnu.linkonce.r*)

.rela.rodata
 *(.rela.rodata)
 *(.rela.rodata.*)
 *(.rela.gnu.linkonce.r*)

.rel.data
 *(.rel.data)
 *(.rel.data.*)
 *(.rel.gnu.linkonce.d*)

.rela.data
 *(.rela.data)
 *(.rela.data.*)
 *(.rela.gnu.linkonce.d*)

.rel.ctors
 *(.rel.ctors)

.rela.ctors
 *(.rela.ctors)

.rel.dtors
 *(.rel.dtors)

.rela.dtors
 *(.rela.dtors)

.rel.got
 *(.rel.got)

.rela.got
 *(.rela.got)

.rel.bss
 *(.rel.bss)

.rela.bss
 *(.rela.bss)

.rel.plt
 *(.rel.plt)

.rela.plt
 *(.rela.plt)

.text           0x00000000     0x530a
 *(.vectors)
 .vectors       0x00000000       0x8c c:/winavr-20100110/bin/../lib/gcc/avr/4.3.3/../../../../avr/lib/avr51/crtm128.o
                0x00000000                __vectors
                0x00000000                __vector_default
 *(.vectors)
 *(.progmem.gcc*)
 .progmem.gcc_fplib
                0x0000008c       0x1e c:/winavr-20100110/bin/../lib/gcc/avr/4.3.3/../../../../avr/lib/avr51\libc.a(fp_sinus.o)
 .progmem.gcc_fplib
                0x000000aa       0x23 c:/winavr-20100110/bin/../lib/gcc/avr/4.3.3/../../../../avr/lib/avr51\libc.a(tan.o)
 *(.progmem*)
                0x000000ce                . = ALIGN (0x2)
 *fill*         0x000000cd        0x1 00
                0x000000ce                __trampolines_start = .
 *(.trampolines)
 .trampolines   0x000000ce        0x0 linker stubs
 *(.trampolines*)
                0x000000ce                __trampolines_end = .
 *(.jumptables)
 *(.jumptables*)
 *(.lowtext)
 *(.lowtext*)
                0x000000ce                __ctors_start = .
 *(.ctors)
                0x000000ce                __ctors_end = .
                0x000000ce                __dtors_start = .
 *(.dtors)
                0x000000ce                __dtors_end = .
 SORT(*)(.ctors)
 SORT(*)(.dtors)
 *(.init0)
 .init0         0x000000ce        0x0 c:/winavr-20100110/bin/../lib/gcc/avr/4.3.3/../../../../avr/lib/avr51/crtm128.o
                0x000000ce                __init
 *(.init0)
 *(.init1)
 *(.init1)
 *(.init2)
 .init2         0x000000ce        0xc c:/winavr-20100110/bin/../lib/gcc/avr/4.3.3/../../../../avr/lib/avr51/crtm128.o
 *(.init2)
 *(.init3)
 *(.init3)
 *(.init4)
 .init4         0x000000da       0x1a c:/winavr-20100110/bin/../lib/gcc/avr/4.3.3/../../../../avr/lib/avr51/crtm128.o
                0x000000da                __do_copy_data
 .init4         0x000000f4       0x10 c:/winavr-20100110/bin/../lib/gcc/avr/4.3.3/avr51\libgcc.a(_clear_bss.o)
                0x000000f4                __do_clear_bss
 *(.init4)
 *(.init5)
 *(.init5)
 *(.init6)
 *(.init6)
 *(.init7)
 *(.init7)
 *(.init8)
 *(.init8)
 *(.init9)
 .init9         0x00000104        0x8 c:/winavr-20100110/bin/../lib/gcc/avr/4.3.3/../../../../avr/lib/avr51/crtm128.o
 *(.init9)
 *(.text)
 .text          0x0000010c        0x4 c:/winavr-20100110/bin/../lib/gcc/avr/4.3.3/../../../../avr/lib/avr51/crtm128.o
                0x0000010c                __vector_22
                0x0000010c                __vector_28
                0x0000010c                __vector_1
                0x0000010c                __vector_32
                0x0000010c                __vector_34
                0x0000010c                __vector_24
                0x0000010c                __bad_interrupt
                0x0000010c                __vector_6
                0x0000010c                __vector_31
                0x0000010c                __vector_3
                0x0000010c                __vector_23
                0x0000010c                __vector_30
                0x0000010c                __vector_25
                0x0000010c                __vector_11
                0x0000010c                __vector_13
                0x0000010c                __vector_17
                0x0000010c                __vector_19
                0x0000010c                __vector_7
                0x0000010c                __vector_27
                0x0000010c                __vector_5
                0x0000010c                __vector_33
                0x0000010c                __vector_4
                0x0000010c                __vector_9
                0x0000010c                __vector_2
                0x0000010c                __vector_21
                0x0000010c                __vector_15
                0x0000010c                __vector_29
                0x0000010c                __vector_8
                0x0000010c                __vector_26
                0x0000010c                __vector_14
                0x0000010c                __vector_10
                0x0000010c                __vector_16
                0x0000010c                __vector_18
                0x0000010c                __vector_20
 .text          0x00000110        0x0 ./Blocks.o
 .text          0x00000110        0x0 ./DDIO_128.o
 .text          0x00000110        0x0 ./PWM.o
 .text          0x00000110        0x0 ./USART_128.o
 .text          0x00000110        0x0 ./croutine.o
 .text          0x00000110        0x0 ./heap_1.o
 .text          0x00000110        0x0 ./list.o
 .text          0x00000110        0x0 ./main.o
 .text          0x00000110        0x0 ./port.o
 .text          0x00000110        0x0 ./queue.o
 .text          0x00000110        0x0 ./tasks.o
 .text          0x00000110        0x0 ./timers.o
 .text          0x00000110        0x0 c:/winavr-20100110/bin/../lib/gcc/avr/4.3.3/avr51\libgcc.a(_udivmodqi4.o)
 .text          0x00000110        0x0 c:/winavr-20100110/bin/../lib/gcc/avr/4.3.3/avr51\libgcc.a(_divmodhi4.o)
 .text          0x00000110        0x0 c:/winavr-20100110/bin/../lib/gcc/avr/4.3.3/avr51\libgcc.a(_exit.o)
 .text          0x00000110        0x0 c:/winavr-20100110/bin/../lib/gcc/avr/4.3.3/avr51\libgcc.a(_clear_bss.o)
 .text          0x00000110      0x354 c:/winavr-20100110/bin/../lib/gcc/avr/4.3.3/avr51\libgcc.a(_addsub_sf.o)
                0x000003a8                __subsf3
                0x0000040a                __addsf3
 .text          0x00000464      0x1f4 c:/winavr-20100110/bin/../lib/gcc/avr/4.3.3/avr51\libgcc.a(_mul_sf.o)
                0x00000464                __mulsf3
 .text          0x00000658      0x158 c:/winavr-20100110/bin/../lib/gcc/avr/4.3.3/avr51\libgcc.a(_div_sf.o)
                0x00000658                __divsf3
 .text          0x000007b0       0xbc c:/winavr-20100110/bin/../lib/gcc/avr/4.3.3/avr51\libgcc.a(_si_to_sf.o)
                0x000007b0                __floatsisf
 .text          0x0000086c        0x0 c:/winavr-20100110/bin/../lib/gcc/avr/4.3.3/avr51\libgcc.a(_thenan_sf.o)
 .text          0x0000086c        0x0 c:/winavr-20100110/bin/../lib/gcc/avr/4.3.3/avr51\libgcc.a(_udivmodhi4.o)
 .text          0x0000086c        0x0 c:/winavr-20100110/bin/../lib/gcc/avr/4.3.3/avr51\libgcc.a(_prologue.o)
 .text          0x0000086c        0x0 c:/winavr-20100110/bin/../lib/gcc/avr/4.3.3/avr51\libgcc.a(_epilogue.o)
 .text          0x0000086c       0x9e c:/winavr-20100110/bin/../lib/gcc/avr/4.3.3/avr51\libgcc.a(_clzsi2.o)
                0x0000086c                __clzsi2
 .text          0x0000090a      0x1aa c:/winavr-20100110/bin/../lib/gcc/avr/4.3.3/avr51\libgcc.a(_pack_sf.o)
                0x0000090a                __pack_f
 .text          0x00000ab4       0xf0 c:/winavr-20100110/bin/../lib/gcc/avr/4.3.3/avr51\libgcc.a(_unpack_sf.o)
                0x00000ab4                __unpack_f
 .text          0x00000ba4        0x0 c:/winavr-20100110/bin/../lib/gcc/avr/4.3.3/avr51\libgcc.a(_clz.o)
 .text          0x00000ba4        0x0 c:/winavr-20100110/bin/../lib/gcc/avr/4.3.3/../../../../avr/lib/avr51\libc.a(memcpy.o)
 .text          0x00000ba4        0x0 c:/winavr-20100110/bin/../lib/gcc/avr/4.3.3/../../../../avr/lib/avr51\libc.a(memset.o)
 .text          0x00000ba4        0x0 c:/winavr-20100110/bin/../lib/gcc/avr/4.3.3/../../../../avr/lib/avr51\libc.a(strncpy.o)
 .text          0x00000ba4        0x0 c:/winavr-20100110/bin/../lib/gcc/avr/4.3.3/../../../../avr/lib/avr51\libc.a(cos.o)
 .text          0x00000ba4        0x0 c:/winavr-20100110/bin/../lib/gcc/avr/4.3.3/../../../../avr/lib/avr51\libc.a(fp_rempio2.o)
 .text          0x00000ba4        0x0 c:/winavr-20100110/bin/../lib/gcc/avr/4.3.3/../../../../avr/lib/avr51\libc.a(fp_sinus.o)
 .text          0x00000ba4        0x0 c:/winavr-20100110/bin/../lib/gcc/avr/4.3.3/../../../../avr/lib/avr51\libc.a(fp_split3.o)
 .text          0x00000ba4        0x0 c:/winavr-20100110/bin/../lib/gcc/avr/4.3.3/../../../../avr/lib/avr51\libc.a(sin.o)
 .text          0x00000ba4        0x0 c:/winavr-20100110/bin/../lib/gcc/avr/4.3.3/../../../../avr/lib/avr51\libc.a(tan.o)
 .text          0x00000ba4        0x0 c:/winavr-20100110/bin/../lib/gcc/avr/4.3.3/../../../../avr/lib/avr51\libc.a(addsf3x.o)
 .text          0x00000ba4        0x0 c:/winavr-20100110/bin/../lib/gcc/avr/4.3.3/../../../../avr/lib/avr51\libc.a(fp_inf.o)
 .text          0x00000ba4        0x0 c:/winavr-20100110/bin/../lib/gcc/avr/4.3.3/../../../../avr/lib/avr51\libc.a(fp_mpack.o)
 .text          0x00000ba4        0x0 c:/winavr-20100110/bin/../lib/gcc/avr/4.3.3/../../../../avr/lib/avr51\libc.a(fp_nan.o)
 .text          0x00000ba4        0x0 c:/winavr-20100110/bin/../lib/gcc/avr/4.3.3/../../../../avr/lib/avr51\libc.a(fp_powsodd.o)
 .text          0x00000ba4        0x0 c:/winavr-20100110/bin/../lib/gcc/avr/4.3.3/../../../../avr/lib/avr51\libc.a(fp_pscA.o)
 .text          0x00000ba4        0x0 c:/winavr-20100110/bin/../lib/gcc/avr/4.3.3/../../../../avr/lib/avr51\libc.a(fp_pscB.o)
 .text          0x00000ba4        0x0 c:/winavr-20100110/bin/../lib/gcc/avr/4.3.3/../../../../avr/lib/avr51\libc.a(fp_round.o)
 .text          0x00000ba4        0x0 c:/winavr-20100110/bin/../lib/gcc/avr/4.3.3/../../../../avr/lib/avr51\libc.a(fp_zero.o)
 .text          0x00000ba4        0x0 c:/winavr-20100110/bin/../lib/gcc/avr/4.3.3/../../../../avr/lib/avr51\libc.a(inverse.o)
 .text          0x00000ba4        0x0 c:/winavr-20100110/bin/../lib/gcc/avr/4.3.3/../../../../avr/lib/avr51\libc.a(fp_powser.o)
 .text          0x00000ba4        0x0 c:/winavr-20100110/bin/../lib/gcc/avr/4.3.3/../../../../avr/lib/avr51\libc.a(mulsf3x.o)
                0x00000ba4                . = ALIGN (0x2)
 *(.text.*)
 .text.body_rates
                0x00000ba4      0x296 ./Blocks.o
                0x00000ba4                body_rates
 .text.roll_pitch
                0x00000e3a      0x71c ./Blocks.o
                0x00000e3a                roll_pitch
 .text.yaw_controller
                0x00001556       0x96 ./Blocks.o
                0x00001556                yaw_controller
 .text.altitude_controller
                0x000015ec      0x1e4 ./Blocks.o
                0x000015ec                altitude_controller
 .text.lateral_controller
                0x000017d0      0x1de ./Blocks.o
                0x000017d0                lateral_controller
 .text.SetPinDir
                0x000019ae      0x34e ./DDIO_128.o
                0x000019ae                SetPinDir
 .text.SetPinVal
                0x00001cfc      0x34e ./DDIO_128.o
                0x00001cfc                SetPinVal
 .text.ReadPinVal
                0x0000204a      0x1c0 ./DDIO_128.o
                0x0000204a                ReadPinVal
 .text.ARM_Motors
                0x0000220a       0xf8 ./PWM.o
                0x0000220a                ARM_Motors
 .text.ISR      0x00002302       0x2e ./PWM.o
                0x00002302                ISR
 .text.PWM      0x00002330      0x170 ./PWM.o
                0x00002330                PWM
 .text.DISARM_Motors
                0x000024a0       0x62 ./PWM.o
                0x000024a0                DISARM_Motors
 .text.UART0_init
                0x00002502       0x26 ./USART_128.o
                0x00002502                UART0_init
 .text.UART1_init
                0x00002528       0x26 ./USART_128.o
                0x00002528                UART1_init
 .text.UART2_init
                0x0000254e       0x26 ./USART_128.o
                0x0000254e                UART2_init
 .text.UART0_sendByte
                0x00002574       0x42 ./USART_128.o
                0x00002574                UART0_sendByte
 .text.UART0_receiveByte
                0x000025b6       0x1e ./USART_128.o
                0x000025b6                UART0_receiveByte
 .text.UART1_sendByte
                0x000025d4       0x42 ./USART_128.o
                0x000025d4                UART1_sendByte
 .text.UART1_receiveByte
                0x00002616       0x1e ./USART_128.o
                0x00002616                UART1_receiveByte
 .text.UART2_sendByte
                0x00002634       0x42 ./USART_128.o
                0x00002634                UART2_sendByte
 .text.UART2_receiveByte
                0x00002676       0x1e ./USART_128.o
                0x00002676                UART2_receiveByte
 .text.UART0_sendString
                0x00002694       0x38 ./USART_128.o
                0x00002694                UART0_sendString
 .text.UART0_receiveString
                0x000026cc       0x48 ./USART_128.o
                0x000026cc                UART0_receiveString
 .text.UART1_sendString
                0x00002714       0x38 ./USART_128.o
                0x00002714                UART1_sendString
 .text.UART1_receiveString
                0x0000274c       0x48 ./USART_128.o
                0x0000274c                UART1_receiveString
 .text.UART2_sendString
                0x00002794       0x38 ./USART_128.o
                0x00002794                UART2_sendString
 .text.UART2_receiveString
                0x000027cc       0x48 ./USART_128.o
                0x000027cc                UART2_receiveString
 .text.xCoRoutineCreate
                0x00002814      0x128 ./croutine.o
                0x00002814                xCoRoutineCreate
 .text.vCoRoutineAddToDelayedList
                0x0000293c       0xc2 ./croutine.o
                0x0000293c                vCoRoutineAddToDelayedList
 .text.prvCheckPendingReadyList
                0x000029fe       0x94 ./croutine.o
 .text.prvCheckDelayedList
                0x00002a92      0x15c ./croutine.o
 .text.vCoRoutineSchedule
                0x00002bee       0xf4 ./croutine.o
                0x00002bee                vCoRoutineSchedule
 .text.prvInitialiseCoRoutineLists
                0x00002ce2       0x72 ./croutine.o
 .text.xCoRoutineRemoveFromEventList
                0x00002d54       0x70 ./croutine.o
                0x00002d54                xCoRoutineRemoveFromEventList
 .text.pvPortMalloc
                0x00002dc4       0x8c ./heap_1.o
                0x00002dc4                pvPortMalloc
 .text.vPortFree
                0x00002e50       0x18 ./heap_1.o
                0x00002e50                vPortFree
 .text.vPortInitialiseBlocks
                0x00002e68       0x16 ./heap_1.o
                0x00002e68                vPortInitialiseBlocks
 .text.xPortGetFreeHeapSize
                0x00002e7e       0x1e ./heap_1.o
                0x00002e7e                xPortGetFreeHeapSize
 .text.vListInitialise
                0x00002e9c       0x54 ./list.o
                0x00002e9c                vListInitialise
 .text.vListInitialiseItem
                0x00002ef0       0x20 ./list.o
                0x00002ef0                vListInitialiseItem
 .text.vListInsertEnd
                0x00002f10       0x98 ./list.o
                0x00002f10                vListInsertEnd
 .text.vListInsert
                0x00002fa8       0xd8 ./list.o
                0x00002fa8                vListInsert
 .text.vListRemove
                0x00003080       0x92 ./list.o
                0x00003080                vListRemove
 .text.main     0x00003112       0xe8 ./main.o
                0x00003112                main
 .text.pxPortInitialiseStack
                0x000031fa      0x306 ./port.o
                0x000031fa                pxPortInitialiseStack
 .text.xPortStartScheduler
                0x00003500       0x6a ./port.o
                0x00003500                xPortStartScheduler
 .text.vPortEndScheduler
                0x0000356a        0xe ./port.o
                0x0000356a                vPortEndScheduler
 .text.vPortYield
                0x00003578       0xb2 ./port.o
                0x00003578                vPortYield
 .text.vPortYieldFromTick
                0x0000362a       0xb6 ./port.o
                0x0000362a                vPortYieldFromTick
 .text.prvSetupTimerInterrupt
                0x000036e0       0xb8 ./port.o
 .text.__vector_12
                0x00003798        0x6 ./port.o
                0x00003798                __vector_12
 .text.xQueueCreate
                0x0000379e      0x152 ./queue.o
                0x0000379e                xQueueCreate
 .text.xQueueGenericSend
                0x000038f0      0x13c ./queue.o
                0x000038f0                xQueueGenericSend
 .text.xQueueGenericSendFromISR
                0x00003a2c       0x9a ./queue.o
                0x00003a2c                xQueueGenericSendFromISR
 .text.xQueueGenericReceive
                0x00003ac6      0x180 ./queue.o
                0x00003ac6                xQueueGenericReceive
 .text.xQueueReceiveFromISR
                0x00003c46       0x9e ./queue.o
                0x00003c46                xQueueReceiveFromISR
 .text.uxQueueMessagesWaiting
                0x00003ce4       0x30 ./queue.o
                0x00003ce4                uxQueueMessagesWaiting
 .text.uxQueueMessagesWaitingFromISR
                0x00003d14       0x26 ./queue.o
                0x00003d14                uxQueueMessagesWaitingFromISR
 .text.vQueueDelete
                0x00003d3a       0x2c ./queue.o
                0x00003d3a                vQueueDelete
 .text.prvCopyDataToQueue
                0x00003d66      0x12a ./queue.o
 .text.prvCopyDataFromQueue
                0x00003e90       0x90 ./queue.o
 .text.prvUnlockQueue
                0x00003f20       0xa8 ./queue.o
 .text.prvIsQueueEmpty
                0x00003fc8       0x38 ./queue.o
 .text.xQueueIsQueueEmptyFromISR
                0x00004000       0x2e ./queue.o
                0x00004000                xQueueIsQueueEmptyFromISR
 .text.prvIsQueueFull
                0x0000402e       0x3e ./queue.o
 .text.xQueueIsQueueFullFromISR
                0x0000406c       0x34 ./queue.o
                0x0000406c                xQueueIsQueueFullFromISR
 .text.xTaskGenericCreate
                0x000040a0      0x1da ./tasks.o
                0x000040a0                xTaskGenericCreate
 .text.vTaskDelete
                0x0000427a       0xc6 ./tasks.o
                0x0000427a                vTaskDelete
 .text.vTaskDelayUntil
                0x00004340       0xe8 ./tasks.o
                0x00004340                vTaskDelayUntil
 .text.vTaskDelay
                0x00004428       0x6a ./tasks.o
                0x00004428                vTaskDelay
 .text.vTaskStartScheduler
                0x00004492       0x6e ./tasks.o
                0x00004492                vTaskStartScheduler
 .text.vTaskEndScheduler
                0x00004500       0x18 ./tasks.o
                0x00004500                vTaskEndScheduler
 .text.vTaskSuspendAll
                0x00004518       0x18 ./tasks.o
                0x00004518                vTaskSuspendAll
 .text.xTaskResumeAll
                0x00004530      0x114 ./tasks.o
                0x00004530                xTaskResumeAll
 .text.xTaskGetTickCount
                0x00004644       0x2e ./tasks.o
                0x00004644                xTaskGetTickCount
 .text.xTaskGetTickCountFromISR
                0x00004672       0x2a ./tasks.o
                0x00004672                xTaskGetTickCountFromISR
 .text.uxTaskGetNumberOfTasks
                0x0000469c       0x12 ./tasks.o
                0x0000469c                uxTaskGetNumberOfTasks
 .text.vTaskIncrementTick
                0x000046ae      0x1aa ./tasks.o
                0x000046ae                vTaskIncrementTick
 .text.vTaskSwitchContext
                0x00004858       0xcc ./tasks.o
                0x00004858                vTaskSwitchContext
 .text.vTaskPlaceOnEventList
                0x00004924       0x6c ./tasks.o
                0x00004924                vTaskPlaceOnEventList
 .text.xTaskRemoveFromEventList
                0x00004990       0xd0 ./tasks.o
                0x00004990                xTaskRemoveFromEventList
 .text.vTaskSetTimeOutState
                0x00004a60       0x32 ./tasks.o
                0x00004a60                vTaskSetTimeOutState
 .text.xTaskCheckForTimeOut
                0x00004a92       0xba ./tasks.o
                0x00004a92                xTaskCheckForTimeOut
 .text.vTaskMissedYield
                0x00004b4c       0x14 ./tasks.o
                0x00004b4c                vTaskMissedYield
 .text.prvIdleTask
                0x00004b60       0x14 ./tasks.o
 .text.prvInitialiseTCBVariables
                0x00004b74       0xae ./tasks.o
 .text.prvInitialiseTaskLists
                0x00004c22       0x7a ./tasks.o
 .text.prvCheckTasksWaitingTermination
                0x00004c9c       0x7c ./tasks.o
 .text.prvAddCurrentTaskToDelayedList
                0x00004d18       0x92 ./tasks.o
 .text.prvAllocateTCBAndStack
                0x00004daa       0xa0 ./tasks.o
 .text.prvDeleteTCB
                0x00004e4a       0x2c ./tasks.o
 .text.libgcc   0x00004e76       0x18 c:/winavr-20100110/bin/../lib/gcc/avr/4.3.3/avr51\libgcc.a(_udivmodqi4.o)
                0x00004e76                __udivmodqi4
 .text.libgcc   0x00004e8e       0x26 c:/winavr-20100110/bin/../lib/gcc/avr/4.3.3/avr51\libgcc.a(_divmodhi4.o)
                0x00004e8e                __divmodhi4
                0x00004e8e                _div
 .text.libgcc   0x00004eb4        0x0 c:/winavr-20100110/bin/../lib/gcc/avr/4.3.3/avr51\libgcc.a(_exit.o)
 .text.libgcc   0x00004eb4        0x0 c:/winavr-20100110/bin/../lib/gcc/avr/4.3.3/avr51\libgcc.a(_clear_bss.o)
 .text.libgcc   0x00004eb4       0x28 c:/winavr-20100110/bin/../lib/gcc/avr/4.3.3/avr51\libgcc.a(_udivmodhi4.o)
                0x00004eb4                __udivmodhi4
 .text.libgcc   0x00004edc       0x38 c:/winavr-20100110/bin/../lib/gcc/avr/4.3.3/avr51\libgcc.a(_prologue.o)
                0x00004edc                __prologue_saves__
 .text.libgcc   0x00004f14       0x36 c:/winavr-20100110/bin/../lib/gcc/avr/4.3.3/avr51\libgcc.a(_epilogue.o)
                0x00004f14                __epilogue_restores__
 .text.avr-libc
                0x00004f4a       0x12 c:/winavr-20100110/bin/../lib/gcc/avr/4.3.3/../../../../avr/lib/avr51\libc.a(memcpy.o)
                0x00004f4a                memcpy
 .text.avr-libc
                0x00004f5c        0xe c:/winavr-20100110/bin/../lib/gcc/avr/4.3.3/../../../../avr/lib/avr51\libc.a(memset.o)
                0x00004f5c                memset
 .text.avr-libc
                0x00004f6a       0x1e c:/winavr-20100110/bin/../lib/gcc/avr/4.3.3/../../../../avr/lib/avr51\libc.a(strncpy.o)
                0x00004f6a                strncpy
 .text.avr-libc.fplib
                0x00004f88        0x6 c:/winavr-20100110/bin/../lib/gcc/avr/4.3.3/../../../../avr/lib/avr51\libc.a(cos.o)
                0x00004f88                cos
 .text.avr-libc.fplib
                0x00004f8e       0x50 c:/winavr-20100110/bin/../lib/gcc/avr/4.3.3/../../../../avr/lib/avr51\libc.a(fp_rempio2.o)
                0x00004f90                __fp_rempio2
 .text.avr-libc.fplib
                0x00004fde       0x22 c:/winavr-20100110/bin/../lib/gcc/avr/4.3.3/../../../../avr/lib/avr51\libc.a(fp_sinus.o)
                0x00004fde                __fp_sinus
 .text.avr-libc.fplib
                0x00005000       0x44 c:/winavr-20100110/bin/../lib/gcc/avr/4.3.3/../../../../avr/lib/avr51\libc.a(fp_split3.o)
                0x00005000                __fp_split3
                0x00005010                __fp_splitA
 .text.avr-libc.fplib
                0x00005044        0xc c:/winavr-20100110/bin/../lib/gcc/avr/4.3.3/../../../../avr/lib/avr51\libc.a(sin.o)
                0x00005044                sin
 .text.avr-libc.fplib
                0x00005050       0x40 c:/winavr-20100110/bin/../lib/gcc/avr/4.3.3/../../../../avr/lib/avr51\libc.a(tan.o)
                0x00005050                tan
 .text.avr-libc.fplib
                0x00005090       0xc0 c:/winavr-20100110/bin/../lib/gcc/avr/4.3.3/../../../../avr/lib/avr51\libc.a(addsf3x.o)
                0x000050aa                __addsf3x
 .text.avr-libc.fplib
                0x00005150        0xc c:/winavr-20100110/bin/../lib/gcc/avr/4.3.3/../../../../avr/lib/avr51\libc.a(fp_inf.o)
                0x00005150                __fp_inf
 .text.avr-libc.fplib
                0x0000515c       0x1c c:/winavr-20100110/bin/../lib/gcc/avr/4.3.3/../../../../avr/lib/avr51\libc.a(fp_mpack.o)
                0x00005160                __fp_mpack_finite
                0x0000515c                __fp_mpack
 .text.avr-libc.fplib
                0x00005178        0x6 c:/winavr-20100110/bin/../lib/gcc/avr/4.3.3/../../../../avr/lib/avr51\libc.a(fp_nan.o)
                0x00005178                __fp_nan
 .text.avr-libc.fplib
                0x0000517e       0x22 c:/winavr-20100110/bin/../lib/gcc/avr/4.3.3/../../../../avr/lib/avr51\libc.a(fp_powsodd.o)
                0x0000517e                __fp_powsodd
 .text.avr-libc.fplib
                0x000051a0        0xe c:/winavr-20100110/bin/../lib/gcc/avr/4.3.3/../../../../avr/lib/avr51\libc.a(fp_pscA.o)
                0x000051a0                __fp_pscA
 .text.avr-libc.fplib
                0x000051ae        0xe c:/winavr-20100110/bin/../lib/gcc/avr/4.3.3/../../../../avr/lib/avr51\libc.a(fp_pscB.o)
                0x000051ae                __fp_pscB
 .text.avr-libc.fplib
                0x000051bc       0x22 c:/winavr-20100110/bin/../lib/gcc/avr/4.3.3/../../../../avr/lib/avr51\libc.a(fp_round.o)
                0x000051bc                __fp_round
 .text.avr-libc.fplib
                0x000051de        0xe c:/winavr-20100110/bin/../lib/gcc/avr/4.3.3/../../../../avr/lib/avr51\libc.a(fp_zero.o)
                0x000051de                __fp_zero
                0x000051e0                __fp_szero
 .text.avr-libc.fplib
                0x000051ec        0xe c:/winavr-20100110/bin/../lib/gcc/avr/4.3.3/../../../../avr/lib/avr51\libc.a(inverse.o)
                0x000051ec                inverse
 .text.avr-libc.fplib
                0x000051fa       0x4a c:/winavr-20100110/bin/../lib/gcc/avr/4.3.3/../../../../avr/lib/avr51\libc.a(fp_powser.o)
                0x000051fa                __fp_powser
 .text.avr-libc.fplib
                0x00005244       0xc2 c:/winavr-20100110/bin/../lib/gcc/avr/4.3.3/../../../../avr/lib/avr51\libc.a(mulsf3x.o)
                0x0000525c                __mulsf3_pse
                0x00005258                __mulsf3x
                0x00005306                . = ALIGN (0x2)
 *(.fini9)
 .fini9         0x00005306        0x0 c:/winavr-20100110/bin/../lib/gcc/avr/4.3.3/avr51\libgcc.a(_exit.o)
                0x00005306                exit
                0x00005306                _exit
 *(.fini9)
 *(.fini8)
 *(.fini8)
 *(.fini7)
 *(.fini7)
 *(.fini6)
 *(.fini6)
 *(.fini5)
 *(.fini5)
 *(.fini4)
 *(.fini4)
 *(.fini3)
 *(.fini3)
 *(.fini2)
 *(.fini2)
 *(.fini1)
 *(.fini1)
 *(.fini0)
 .fini0         0x00005306        0x4 c:/winavr-20100110/bin/../lib/gcc/avr/4.3.3/avr51\libgcc.a(_exit.o)
 *(.fini0)
                0x0000530a                _etext = .

.data           0x00800100      0x142 load address 0x0000530a
                0x00800100                PROVIDE (__data_start, .)
 *(.data)
 .data          0x00800100        0x0 c:/winavr-20100110/bin/../lib/gcc/avr/4.3.3/../../../../avr/lib/avr51/crtm128.o
 .data          0x00800100        0x0 ./Blocks.o
 .data          0x00800100        0x0 ./DDIO_128.o
 .data          0x00800100        0x0 ./PWM.o
 .data          0x00800100        0x0 ./USART_128.o
 .data          0x00800100        0x0 ./croutine.o
 .data          0x00800100        0x0 ./heap_1.o
 .data          0x00800100        0x0 ./list.o
 .data          0x00800100       0x2b ./main.o
 .data          0x0080012b        0x0 ./port.o
 .data          0x0080012b        0x0 ./queue.o
 .data          0x0080012b        0x5 ./tasks.o
 .data          0x00800130        0x0 ./timers.o
 .data          0x00800130        0x0 c:/winavr-20100110/bin/../lib/gcc/avr/4.3.3/avr51\libgcc.a(_udivmodqi4.o)
 .data          0x00800130        0x0 c:/winavr-20100110/bin/../lib/gcc/avr/4.3.3/avr51\libgcc.a(_divmodhi4.o)
 .data          0x00800130        0x0 c:/winavr-20100110/bin/../lib/gcc/avr/4.3.3/avr51\libgcc.a(_exit.o)
 .data          0x00800130        0x0 c:/winavr-20100110/bin/../lib/gcc/avr/4.3.3/avr51\libgcc.a(_clear_bss.o)
 .data          0x00800130        0x0 c:/winavr-20100110/bin/../lib/gcc/avr/4.3.3/avr51\libgcc.a(_addsub_sf.o)
 .data          0x00800130        0x0 c:/winavr-20100110/bin/../lib/gcc/avr/4.3.3/avr51\libgcc.a(_mul_sf.o)
 .data          0x00800130        0x0 c:/winavr-20100110/bin/../lib/gcc/avr/4.3.3/avr51\libgcc.a(_div_sf.o)
 .data          0x00800130        0x0 c:/winavr-20100110/bin/../lib/gcc/avr/4.3.3/avr51\libgcc.a(_si_to_sf.o)
 .data          0x00800130        0x8 c:/winavr-20100110/bin/../lib/gcc/avr/4.3.3/avr51\libgcc.a(_thenan_sf.o)
                0x00800130                __thenan_sf
 .data          0x00800138        0x0 c:/winavr-20100110/bin/../lib/gcc/avr/4.3.3/avr51\libgcc.a(_udivmodhi4.o)
 .data          0x00800138        0x0 c:/winavr-20100110/bin/../lib/gcc/avr/4.3.3/avr51\libgcc.a(_prologue.o)
 .data          0x00800138        0x0 c:/winavr-20100110/bin/../lib/gcc/avr/4.3.3/avr51\libgcc.a(_epilogue.o)
 .data          0x00800138        0x0 c:/winavr-20100110/bin/../lib/gcc/avr/4.3.3/avr51\libgcc.a(_clzsi2.o)
 .data          0x00800138        0x0 c:/winavr-20100110/bin/../lib/gcc/avr/4.3.3/avr51\libgcc.a(_pack_sf.o)
 .data          0x00800138        0x0 c:/winavr-20100110/bin/../lib/gcc/avr/4.3.3/avr51\libgcc.a(_unpack_sf.o)
 .data          0x00800138      0x100 c:/winavr-20100110/bin/../lib/gcc/avr/4.3.3/avr51\libgcc.a(_clz.o)
                0x00800138                __clz_tab
 .data          0x00800238        0x0 c:/winavr-20100110/bin/../lib/gcc/avr/4.3.3/../../../../avr/lib/avr51\libc.a(memcpy.o)
 .data          0x00800238        0x0 c:/winavr-20100110/bin/../lib/gcc/avr/4.3.3/../../../../avr/lib/avr51\libc.a(memset.o)
 .data          0x00800238        0x0 c:/winavr-20100110/bin/../lib/gcc/avr/4.3.3/../../../../avr/lib/avr51\libc.a(strncpy.o)
 .data          0x00800238        0x0 c:/winavr-20100110/bin/../lib/gcc/avr/4.3.3/../../../../avr/lib/avr51\libc.a(cos.o)
 .data          0x00800238        0x0 c:/winavr-20100110/bin/../lib/gcc/avr/4.3.3/../../../../avr/lib/avr51\libc.a(fp_rempio2.o)
 .data          0x00800238        0x0 c:/winavr-20100110/bin/../lib/gcc/avr/4.3.3/../../../../avr/lib/avr51\libc.a(fp_sinus.o)
 .data          0x00800238        0x0 c:/winavr-20100110/bin/../lib/gcc/avr/4.3.3/../../../../avr/lib/avr51\libc.a(fp_split3.o)
 .data          0x00800238        0x0 c:/winavr-20100110/bin/../lib/gcc/avr/4.3.3/../../../../avr/lib/avr51\libc.a(sin.o)
 .data          0x00800238        0x0 c:/winavr-20100110/bin/../lib/gcc/avr/4.3.3/../../../../avr/lib/avr51\libc.a(tan.o)
 .data          0x00800238        0x0 c:/winavr-20100110/bin/../lib/gcc/avr/4.3.3/../../../../avr/lib/avr51\libc.a(addsf3x.o)
 .data          0x00800238        0x0 c:/winavr-20100110/bin/../lib/gcc/avr/4.3.3/../../../../avr/lib/avr51\libc.a(fp_inf.o)
 .data          0x00800238        0x0 c:/winavr-20100110/bin/../lib/gcc/avr/4.3.3/../../../../avr/lib/avr51\libc.a(fp_mpack.o)
 .data          0x00800238        0x0 c:/winavr-20100110/bin/../lib/gcc/avr/4.3.3/../../../../avr/lib/avr51\libc.a(fp_nan.o)
 .data          0x00800238        0x0 c:/winavr-20100110/bin/../lib/gcc/avr/4.3.3/../../../../avr/lib/avr51\libc.a(fp_powsodd.o)
 .data          0x00800238        0x0 c:/winavr-20100110/bin/../lib/gcc/avr/4.3.3/../../../../avr/lib/avr51\libc.a(fp_pscA.o)
 .data          0x00800238        0x0 c:/winavr-20100110/bin/../lib/gcc/avr/4.3.3/../../../../avr/lib/avr51\libc.a(fp_pscB.o)
 .data          0x00800238        0x0 c:/winavr-20100110/bin/../lib/gcc/avr/4.3.3/../../../../avr/lib/avr51\libc.a(fp_round.o)
 .data          0x00800238        0x0 c:/winavr-20100110/bin/../lib/gcc/avr/4.3.3/../../../../avr/lib/avr51\libc.a(fp_zero.o)
 .data          0x00800238        0x0 c:/winavr-20100110/bin/../lib/gcc/avr/4.3.3/../../../../avr/lib/avr51\libc.a(inverse.o)
 .data          0x00800238        0x0 c:/winavr-20100110/bin/../lib/gcc/avr/4.3.3/../../../../avr/lib/avr51\libc.a(fp_powser.o)
 .data          0x00800238        0x0 c:/winavr-20100110/bin/../lib/gcc/avr/4.3.3/../../../../avr/lib/avr51\libc.a(mulsf3x.o)
 *(.data*)
 .data.kp_rate  0x00800238        0x1 ./Blocks.o
                0x00800238                kp_rate
 .data.Ixx      0x00800239        0x1 ./Blocks.o
                0x00800239                Ixx
 .data.Iyy      0x0080023a        0x1 ./Blocks.o
                0x0080023a                Iyy
 .data.Izz      0x0080023b        0x1 ./Blocks.o
                0x0080023b                Izz
 .data.m        0x0080023c        0x1 ./Blocks.o
                0x0080023c                m
 .data.kp_bank  0x0080023d        0x1 ./Blocks.o
                0x0080023d                kp_bank
 .data.g        0x0080023e        0x1 ./Blocks.o
                0x0080023e                g
 .data.xNextTaskUnblockTime
                0x0080023f        0x2 ./tasks.o
 *(.rodata)
 *(.rodata*)
 *(.gnu.linkonce.d*)
                0x00800242                . = ALIGN (0x2)
 *fill*         0x00800241        0x1 00
                0x00800242                _edata = .
                0x00800242                PROVIDE (__data_end, .)

.bss            0x00800242      0x2e6
                0x00800242                PROVIDE (__bss_start, .)
 *(.bss)
 .bss           0x00800242        0x0 c:/winavr-20100110/bin/../lib/gcc/avr/4.3.3/../../../../avr/lib/avr51/crtm128.o
 .bss           0x00800242        0x0 ./Blocks.o
 .bss           0x00800242        0x0 ./DDIO_128.o
 .bss           0x00800242        0x0 ./PWM.o
 .bss           0x00800242        0x0 ./USART_128.o
 .bss           0x00800242        0x0 ./croutine.o
 .bss           0x00800242        0x0 ./heap_1.o
 .bss           0x00800242        0x0 ./list.o
 .bss           0x00800242        0x0 ./main.o
 .bss           0x00800242        0x0 ./port.o
 .bss           0x00800242        0x0 ./queue.o
 .bss           0x00800242        0x0 ./tasks.o
 .bss           0x00800242        0x0 ./timers.o
 .bss           0x00800242        0x0 c:/winavr-20100110/bin/../lib/gcc/avr/4.3.3/avr51\libgcc.a(_udivmodqi4.o)
 .bss           0x00800242        0x0 c:/winavr-20100110/bin/../lib/gcc/avr/4.3.3/avr51\libgcc.a(_divmodhi4.o)
 .bss           0x00800242        0x0 c:/winavr-20100110/bin/../lib/gcc/avr/4.3.3/avr51\libgcc.a(_exit.o)
 .bss           0x00800242        0x0 c:/winavr-20100110/bin/../lib/gcc/avr/4.3.3/avr51\libgcc.a(_clear_bss.o)
 .bss           0x00800242        0x0 c:/winavr-20100110/bin/../lib/gcc/avr/4.3.3/avr51\libgcc.a(_addsub_sf.o)
 .bss           0x00800242        0x0 c:/winavr-20100110/bin/../lib/gcc/avr/4.3.3/avr51\libgcc.a(_mul_sf.o)
 .bss           0x00800242        0x0 c:/winavr-20100110/bin/../lib/gcc/avr/4.3.3/avr51\libgcc.a(_div_sf.o)
 .bss           0x00800242        0x0 c:/winavr-20100110/bin/../lib/gcc/avr/4.3.3/avr51\libgcc.a(_si_to_sf.o)
 .bss           0x00800242        0x0 c:/winavr-20100110/bin/../lib/gcc/avr/4.3.3/avr51\libgcc.a(_thenan_sf.o)
 .bss           0x00800242        0x0 c:/winavr-20100110/bin/../lib/gcc/avr/4.3.3/avr51\libgcc.a(_udivmodhi4.o)
 .bss           0x00800242        0x0 c:/winavr-20100110/bin/../lib/gcc/avr/4.3.3/avr51\libgcc.a(_prologue.o)
 .bss           0x00800242        0x0 c:/winavr-20100110/bin/../lib/gcc/avr/4.3.3/avr51\libgcc.a(_epilogue.o)
 .bss           0x00800242        0x0 c:/winavr-20100110/bin/../lib/gcc/avr/4.3.3/avr51\libgcc.a(_clzsi2.o)
 .bss           0x00800242        0x0 c:/winavr-20100110/bin/../lib/gcc/avr/4.3.3/avr51\libgcc.a(_pack_sf.o)
 .bss           0x00800242        0x0 c:/winavr-20100110/bin/../lib/gcc/avr/4.3.3/avr51\libgcc.a(_unpack_sf.o)
 .bss           0x00800242        0x0 c:/winavr-20100110/bin/../lib/gcc/avr/4.3.3/avr51\libgcc.a(_clz.o)
 .bss           0x00800242        0x0 c:/winavr-20100110/bin/../lib/gcc/avr/4.3.3/../../../../avr/lib/avr51\libc.a(memcpy.o)
 .bss           0x00800242        0x0 c:/winavr-20100110/bin/../lib/gcc/avr/4.3.3/../../../../avr/lib/avr51\libc.a(memset.o)
 .bss           0x00800242        0x0 c:/winavr-20100110/bin/../lib/gcc/avr/4.3.3/../../../../avr/lib/avr51\libc.a(strncpy.o)
 .bss           0x00800242        0x0 c:/winavr-20100110/bin/../lib/gcc/avr/4.3.3/../../../../avr/lib/avr51\libc.a(cos.o)
 .bss           0x00800242        0x0 c:/winavr-20100110/bin/../lib/gcc/avr/4.3.3/../../../../avr/lib/avr51\libc.a(fp_rempio2.o)
 .bss           0x00800242        0x0 c:/winavr-20100110/bin/../lib/gcc/avr/4.3.3/../../../../avr/lib/avr51\libc.a(fp_sinus.o)
 .bss           0x00800242        0x0 c:/winavr-20100110/bin/../lib/gcc/avr/4.3.3/../../../../avr/lib/avr51\libc.a(fp_split3.o)
 .bss           0x00800242        0x0 c:/winavr-20100110/bin/../lib/gcc/avr/4.3.3/../../../../avr/lib/avr51\libc.a(sin.o)
 .bss           0x00800242        0x0 c:/winavr-20100110/bin/../lib/gcc/avr/4.3.3/../../../../avr/lib/avr51\libc.a(tan.o)
 .bss           0x00800242        0x0 c:/winavr-20100110/bin/../lib/gcc/avr/4.3.3/../../../../avr/lib/avr51\libc.a(addsf3x.o)
 .bss           0x00800242        0x0 c:/winavr-20100110/bin/../lib/gcc/avr/4.3.3/../../../../avr/lib/avr51\libc.a(fp_inf.o)
 .bss           0x00800242        0x0 c:/winavr-20100110/bin/../lib/gcc/avr/4.3.3/../../../../avr/lib/avr51\libc.a(fp_mpack.o)
 .bss           0x00800242        0x0 c:/winavr-20100110/bin/../lib/gcc/avr/4.3.3/../../../../avr/lib/avr51\libc.a(fp_nan.o)
 .bss           0x00800242        0x0 c:/winavr-20100110/bin/../lib/gcc/avr/4.3.3/../../../../avr/lib/avr51\libc.a(fp_powsodd.o)
 .bss           0x00800242        0x0 c:/winavr-20100110/bin/../lib/gcc/avr/4.3.3/../../../../avr/lib/avr51\libc.a(fp_pscA.o)
 .bss           0x00800242        0x0 c:/winavr-20100110/bin/../lib/gcc/avr/4.3.3/../../../../avr/lib/avr51\libc.a(fp_pscB.o)
 .bss           0x00800242        0x0 c:/winavr-20100110/bin/../lib/gcc/avr/4.3.3/../../../../avr/lib/avr51\libc.a(fp_round.o)
 .bss           0x00800242        0x0 c:/winavr-20100110/bin/../lib/gcc/avr/4.3.3/../../../../avr/lib/avr51\libc.a(fp_zero.o)
 .bss           0x00800242        0x0 c:/winavr-20100110/bin/../lib/gcc/avr/4.3.3/../../../../avr/lib/avr51\libc.a(inverse.o)
 .bss           0x00800242        0x0 c:/winavr-20100110/bin/../lib/gcc/avr/4.3.3/../../../../avr/lib/avr51\libc.a(fp_powser.o)
 .bss           0x00800242        0x0 c:/winavr-20100110/bin/../lib/gcc/avr/4.3.3/../../../../avr/lib/avr51\libc.a(mulsf3x.o)
 *(.bss*)
 .bss.pxCurrentCoRoutine
                0x00800242        0x2 ./croutine.o
                0x00800242                pxCurrentCoRoutine
 .bss.uxTopCoRoutineReadyPriority
                0x00800244        0x1 ./croutine.o
 .bss.xCoRoutineTickCount
                0x00800245        0x2 ./croutine.o
 .bss.xLastTickCount
                0x00800247        0x2 ./croutine.o
 .bss.xPassedTicks
                0x00800249        0x2 ./croutine.o
 .bss.pxReadyCoRoutineLists
                0x0080024b       0x12 ./croutine.o
 .bss.xDelayedCoRoutineList1
                0x0080025d        0x9 ./croutine.o
 .bss.xDelayedCoRoutineList2
                0x00800266        0x9 ./croutine.o
 .bss.pxDelayedCoRoutineList
                0x0080026f        0x2 ./croutine.o
 .bss.pxOverflowDelayedCoRoutineList
                0x00800271        0x2 ./croutine.o
 .bss.xPendingReadyCoRoutineList
                0x00800273        0x9 ./croutine.o
 .bss.xNextFreeByte
                0x0080027c        0x2 ./heap_1.o
 .bss.xHeap     0x0080027e      0x258 ./heap_1.o
 .bss.pxCurrentTCB
                0x008004d6        0x2 ./tasks.o
                0x008004d6                pxCurrentTCB
 .bss.uxTasksDeleted
                0x008004d8        0x1 ./tasks.o
 .bss.uxCurrentNumberOfTasks
                0x008004d9        0x1 ./tasks.o
 .bss.xTickCount
                0x008004da        0x2 ./tasks.o
 .bss.uxTopUsedPriority
                0x008004dc        0x1 ./tasks.o
 .bss.uxTopReadyPriority
                0x008004dd        0x1 ./tasks.o
 .bss.xSchedulerRunning
                0x008004de        0x1 ./tasks.o
 .bss.uxSchedulerSuspended
                0x008004df        0x1 ./tasks.o
 .bss.uxMissedTicks
                0x008004e0        0x1 ./tasks.o
 .bss.xMissedYield
                0x008004e1        0x1 ./tasks.o
 .bss.xNumOfOverflows
                0x008004e2        0x1 ./tasks.o
 .bss.uxTaskNumber
                0x008004e3        0x1 ./tasks.o
 .bss.pxReadyTasksLists
                0x008004e4       0x1b ./tasks.o
 .bss.xDelayedTaskList1
                0x008004ff        0x9 ./tasks.o
 .bss.xDelayedTaskList2
                0x00800508        0x9 ./tasks.o
 .bss.pxDelayedTaskList
                0x00800511        0x2 ./tasks.o
 .bss.pxOverflowDelayedTaskList
                0x00800513        0x2 ./tasks.o
 .bss.xPendingReadyList
                0x00800515        0x9 ./tasks.o
 .bss.xTasksWaitingTermination
                0x0080051e        0x9 ./tasks.o
 *(COMMON)
 COMMON         0x00800527        0x1 ./Blocks.o
                0x00800527                kd
                0x00800528                PROVIDE (__bss_end, .)
                0x0000530a                __data_load_start = LOADADDR (.data)
                0x0000544c                __data_load_end = (__data_load_start + SIZEOF (.data))

.noinit         0x00800528        0x0
                0x00800528                PROVIDE (__noinit_start, .)
 *(.noinit*)
                0x00800528                PROVIDE (__noinit_end, .)
                0x00800528                _end = .
                0x00800528                PROVIDE (__heap_start, .)

.eeprom         0x00810000        0x0
 *(.eeprom*)
                0x00810000                __eeprom_end = .

.fuse
 *(.fuse)
 *(.lfuse)
 *(.hfuse)
 *(.efuse)

.lock
 *(.lock*)

.signature
 *(.signature*)

.stab           0x00000000     0x58a4
 *(.stab)
 .stab          0x00000000      0x66c ./Blocks.o
 .stab          0x0000066c      0x4a4 ./DDIO_128.o
                                0x534 (size before relaxing)
 .stab          0x00000b10      0x66c ./PWM.o
                                0x6fc (size before relaxing)
 .stab          0x0000117c      0x5c4 ./USART_128.o
                                0x654 (size before relaxing)
 .stab          0x00001740      0x984 ./croutine.o
                                0xb40 (size before relaxing)
 .stab          0x000020c4      0x354 ./heap_1.o
                                0x624 (size before relaxing)
 .stab          0x00002418      0x474 ./list.o
                                0x750 (size before relaxing)
 .stab          0x0000288c      0x204 ./main.o
                                0x57c (size before relaxing)
 .stab          0x00002a90      0x840 ./port.o
                                0xb70 (size before relaxing)
 .stab          0x000032d0      0xe94 ./queue.o
                               0x11d0 (size before relaxing)
 .stab          0x00004164     0x1578 ./tasks.o
                               0x17d0 (size before relaxing)
 .stab          0x000056dc      0x1c8 ./timers.o
                                0x4c8 (size before relaxing)

.stabstr        0x00000000     0x31a6
 *(.stabstr)
 .stabstr       0x00000000     0x31a6 ./Blocks.o

.stab.excl
 *(.stab.excl)

.stab.exclstr
 *(.stab.exclstr)

.stab.index
 *(.stab.index)

.stab.indexstr
 *(.stab.indexstr)

.comment
 *(.comment)

.debug
 *(.debug)

.line
 *(.line)

.debug_srcinfo
 *(.debug_srcinfo)

.debug_sfnames
 *(.debug_sfnames)

.debug_aranges  0x00000000       0xe0
 *(.debug_aranges)
 .debug_aranges
                0x00000000       0x20 c:/winavr-20100110/bin/../lib/gcc/avr/4.3.3/avr51\libgcc.a(_addsub_sf.o)
 .debug_aranges
                0x00000020       0x20 c:/winavr-20100110/bin/../lib/gcc/avr/4.3.3/avr51\libgcc.a(_mul_sf.o)
 .debug_aranges
                0x00000040       0x20 c:/winavr-20100110/bin/../lib/gcc/avr/4.3.3/avr51\libgcc.a(_div_sf.o)
 .debug_aranges
                0x00000060       0x20 c:/winavr-20100110/bin/../lib/gcc/avr/4.3.3/avr51\libgcc.a(_si_to_sf.o)
 .debug_aranges
                0x00000080       0x20 c:/winavr-20100110/bin/../lib/gcc/avr/4.3.3/avr51\libgcc.a(_clzsi2.o)
 .debug_aranges
                0x000000a0       0x20 c:/winavr-20100110/bin/../lib/gcc/avr/4.3.3/avr51\libgcc.a(_pack_sf.o)
 .debug_aranges
                0x000000c0       0x20 c:/winavr-20100110/bin/../lib/gcc/avr/4.3.3/avr51\libgcc.a(_unpack_sf.o)

.debug_pubnames
                0x00000000      0x12d
 *(.debug_pubnames)
 .debug_pubnames
                0x00000000       0x2c c:/winavr-20100110/bin/../lib/gcc/avr/4.3.3/avr51\libgcc.a(_addsub_sf.o)
 .debug_pubnames
                0x0000002c       0x1f c:/winavr-20100110/bin/../lib/gcc/avr/4.3.3/avr51\libgcc.a(_mul_sf.o)
 .debug_pubnames
                0x0000004b       0x1f c:/winavr-20100110/bin/../lib/gcc/avr/4.3.3/avr51\libgcc.a(_div_sf.o)
 .debug_pubnames
                0x0000006a       0x22 c:/winavr-20100110/bin/../lib/gcc/avr/4.3.3/avr51\libgcc.a(_si_to_sf.o)
 .debug_pubnames
                0x0000008c       0x22 c:/winavr-20100110/bin/../lib/gcc/avr/4.3.3/avr51\libgcc.a(_thenan_sf.o)
 .debug_pubnames
                0x000000ae       0x1f c:/winavr-20100110/bin/../lib/gcc/avr/4.3.3/avr51\libgcc.a(_clzsi2.o)
 .debug_pubnames
                0x000000cd       0x1f c:/winavr-20100110/bin/../lib/gcc/avr/4.3.3/avr51\libgcc.a(_pack_sf.o)
 .debug_pubnames
                0x000000ec       0x21 c:/winavr-20100110/bin/../lib/gcc/avr/4.3.3/avr51\libgcc.a(_unpack_sf.o)
 .debug_pubnames
                0x0000010d       0x20 c:/winavr-20100110/bin/../lib/gcc/avr/4.3.3/avr51\libgcc.a(_clz.o)

.debug_info     0x00000000     0x171e
 *(.debug_info)
 .debug_info    0x00000000      0x47a c:/winavr-20100110/bin/../lib/gcc/avr/4.3.3/avr51\libgcc.a(_addsub_sf.o)
 .debug_info    0x0000047a      0x485 c:/winavr-20100110/bin/../lib/gcc/avr/4.3.3/avr51\libgcc.a(_mul_sf.o)
 .debug_info    0x000008ff      0x3fc c:/winavr-20100110/bin/../lib/gcc/avr/4.3.3/avr51\libgcc.a(_div_sf.o)
 .debug_info    0x00000cfb      0x207 c:/winavr-20100110/bin/../lib/gcc/avr/4.3.3/avr51\libgcc.a(_si_to_sf.o)
 .debug_info    0x00000f02      0x12c c:/winavr-20100110/bin/../lib/gcc/avr/4.3.3/avr51\libgcc.a(_thenan_sf.o)
 .debug_info    0x0000102e      0x117 c:/winavr-20100110/bin/../lib/gcc/avr/4.3.3/avr51\libgcc.a(_clzsi2.o)
 .debug_info    0x00001145      0x2df c:/winavr-20100110/bin/../lib/gcc/avr/4.3.3/avr51\libgcc.a(_pack_sf.o)
 .debug_info    0x00001424      0x251 c:/winavr-20100110/bin/../lib/gcc/avr/4.3.3/avr51\libgcc.a(_unpack_sf.o)
 .debug_info    0x00001675       0xa9 c:/winavr-20100110/bin/../lib/gcc/avr/4.3.3/avr51\libgcc.a(_clz.o)
 *(.gnu.linkonce.wi.*)

.debug_abbrev   0x00000000      0xc52
 *(.debug_abbrev)
 .debug_abbrev  0x00000000      0x1ea c:/winavr-20100110/bin/../lib/gcc/avr/4.3.3/avr51\libgcc.a(_addsub_sf.o)
 .debug_abbrev  0x000001ea      0x21b c:/winavr-20100110/bin/../lib/gcc/avr/4.3.3/avr51\libgcc.a(_mul_sf.o)
 .debug_abbrev  0x00000405      0x216 c:/winavr-20100110/bin/../lib/gcc/avr/4.3.3/avr51\libgcc.a(_div_sf.o)
 .debug_abbrev  0x0000061b      0x148 c:/winavr-20100110/bin/../lib/gcc/avr/4.3.3/avr51\libgcc.a(_si_to_sf.o)
 .debug_abbrev  0x00000763       0xad c:/winavr-20100110/bin/../lib/gcc/avr/4.3.3/avr51\libgcc.a(_thenan_sf.o)
 .debug_abbrev  0x00000810       0xc4 c:/winavr-20100110/bin/../lib/gcc/avr/4.3.3/avr51\libgcc.a(_clzsi2.o)
 .debug_abbrev  0x000008d4      0x1c0 c:/winavr-20100110/bin/../lib/gcc/avr/4.3.3/avr51\libgcc.a(_pack_sf.o)
 .debug_abbrev  0x00000a94      0x154 c:/winavr-20100110/bin/../lib/gcc/avr/4.3.3/avr51\libgcc.a(_unpack_sf.o)
 .debug_abbrev  0x00000be8       0x6a c:/winavr-20100110/bin/../lib/gcc/avr/4.3.3/avr51\libgcc.a(_clz.o)

.debug_line     0x00000000      0xc78
 *(.debug_line)
 .debug_line    0x00000000      0x2af c:/winavr-20100110/bin/../lib/gcc/avr/4.3.3/avr51\libgcc.a(_addsub_sf.o)
 .debug_line    0x000002af      0x239 c:/winavr-20100110/bin/../lib/gcc/avr/4.3.3/avr51\libgcc.a(_mul_sf.o)
 .debug_line    0x000004e8      0x1d5 c:/winavr-20100110/bin/../lib/gcc/avr/4.3.3/avr51\libgcc.a(_div_sf.o)
 .debug_line    0x000006bd      0x135 c:/winavr-20100110/bin/../lib/gcc/avr/4.3.3/avr51\libgcc.a(_si_to_sf.o)
 .debug_line    0x000007f2       0x90 c:/winavr-20100110/bin/../lib/gcc/avr/4.3.3/avr51\libgcc.a(_thenan_sf.o)
 .debug_line    0x00000882       0xa5 c:/winavr-20100110/bin/../lib/gcc/avr/4.3.3/avr51\libgcc.a(_clzsi2.o)
 .debug_line    0x00000927      0x18a c:/winavr-20100110/bin/../lib/gcc/avr/4.3.3/avr51\libgcc.a(_pack_sf.o)
 .debug_line    0x00000ab1      0x14b c:/winavr-20100110/bin/../lib/gcc/avr/4.3.3/avr51\libgcc.a(_unpack_sf.o)
 .debug_line    0x00000bfc       0x7c c:/winavr-20100110/bin/../lib/gcc/avr/4.3.3/avr51\libgcc.a(_clz.o)

.debug_frame    0x00000000      0x100
 *(.debug_frame)
 .debug_frame   0x00000000       0x40 c:/winavr-20100110/bin/../lib/gcc/avr/4.3.3/avr51\libgcc.a(_addsub_sf.o)
 .debug_frame   0x00000040       0x20 c:/winavr-20100110/bin/../lib/gcc/avr/4.3.3/avr51\libgcc.a(_mul_sf.o)
 .debug_frame   0x00000060       0x20 c:/winavr-20100110/bin/../lib/gcc/avr/4.3.3/avr51\libgcc.a(_div_sf.o)
 .debug_frame   0x00000080       0x20 c:/winavr-20100110/bin/../lib/gcc/avr/4.3.3/avr51\libgcc.a(_si_to_sf.o)
 .debug_frame   0x000000a0       0x20 c:/winavr-20100110/bin/../lib/gcc/avr/4.3.3/avr51\libgcc.a(_clzsi2.o)
 .debug_frame   0x000000c0       0x20 c:/winavr-20100110/bin/../lib/gcc/avr/4.3.3/avr51\libgcc.a(_pack_sf.o)
 .debug_frame   0x000000e0       0x20 c:/winavr-20100110/bin/../lib/gcc/avr/4.3.3/avr51\libgcc.a(_unpack_sf.o)

.debug_str      0x00000000      0x2b5
 *(.debug_str)
 .debug_str     0x00000000      0x19f c:/winavr-20100110/bin/../lib/gcc/avr/4.3.3/avr51\libgcc.a(_addsub_sf.o)
                                0x207 (size before relaxing)
 .debug_str     0x0000019f       0x27 c:/winavr-20100110/bin/../lib/gcc/avr/4.3.3/avr51\libgcc.a(_mul_sf.o)
                                0x1c0 (size before relaxing)
 .debug_str     0x000001c6       0x35 c:/winavr-20100110/bin/../lib/gcc/avr/4.3.3/avr51\libgcc.a(_div_sf.o)
                                0x1c9 (size before relaxing)
 .debug_str     0x000001fb       0x1e c:/winavr-20100110/bin/../lib/gcc/avr/4.3.3/avr51\libgcc.a(_si_to_sf.o)
                                0x17c (size before relaxing)
 .debug_str     0x00000000      0x104 c:/winavr-20100110/bin/../lib/gcc/avr/4.3.3/avr51\libgcc.a(_thenan_sf.o)
 .debug_str     0x00000219       0x81 c:/winavr-20100110/bin/../lib/gcc/avr/4.3.3/avr51\libgcc.a(_clzsi2.o)
                                0x112 (size before relaxing)
 .debug_str     0x0000029a       0x10 c:/winavr-20100110/bin/../lib/gcc/avr/4.3.3/avr51\libgcc.a(_pack_sf.o)
                                0x19e (size before relaxing)
 .debug_str     0x000002aa        0xb c:/winavr-20100110/bin/../lib/gcc/avr/4.3.3/avr51\libgcc.a(_unpack_sf.o)
                                0x180 (size before relaxing)
 .debug_str     0x00000000       0xf5 c:/winavr-20100110/bin/../lib/gcc/avr/4.3.3/avr51\libgcc.a(_clz.o)

.debug_loc      0x00000000      0x818
 *(.debug_loc)
 .debug_loc     0x00000000      0x32a c:/winavr-20100110/bin/../lib/gcc/avr/4.3.3/avr51\libgcc.a(_addsub_sf.o)
 .debug_loc     0x0000032a      0x104 c:/winavr-20100110/bin/../lib/gcc/avr/4.3.3/avr51\libgcc.a(_mul_sf.o)
 .debug_loc     0x0000042e       0xc0 c:/winavr-20100110/bin/../lib/gcc/avr/4.3.3/avr51\libgcc.a(_div_sf.o)
 .debug_loc     0x000004ee       0xac c:/winavr-20100110/bin/../lib/gcc/avr/4.3.3/avr51\libgcc.a(_si_to_sf.o)
 .debug_loc     0x0000059a       0x94 c:/winavr-20100110/bin/../lib/gcc/avr/4.3.3/avr51\libgcc.a(_clzsi2.o)
 .debug_loc     0x0000062e      0x13e c:/winavr-20100110/bin/../lib/gcc/avr/4.3.3/avr51\libgcc.a(_pack_sf.o)
 .debug_loc     0x0000076c       0xac c:/winavr-20100110/bin/../lib/gcc/avr/4.3.3/avr51\libgcc.a(_unpack_sf.o)

.debug_macinfo
 *(.debug_macinfo)
OUTPUT(Control.elf elf32-avr)
LOAD linker stubs

.debug_ranges   0x00000000       0x50
 .debug_ranges  0x00000000       0x50 c:/winavr-20100110/bin/../lib/gcc/avr/4.3.3/avr51\libgcc.a(_mul_sf.o)
