Archive member included because of file (symbol)

e:/embedded course/tools/sdk/imt_sdk_win_64/winavr/bin/../lib/gcc/avr/4.3.3/avr51\libgcc.a(_divmodhi4.o)
                              ./Blocks.o (__divmodhi4)
e:/embedded course/tools/sdk/imt_sdk_win_64/winavr/bin/../lib/gcc/avr/4.3.3/avr51\libgcc.a(_exit.o)
                              e:/embedded course/tools/sdk/imt_sdk_win_64/winavr/bin/../lib/gcc/avr/4.3.3/../../../../avr/lib/avr51/crtm128.o (exit)
e:/embedded course/tools/sdk/imt_sdk_win_64/winavr/bin/../lib/gcc/avr/4.3.3/avr51\libgcc.a(_clear_bss.o)
                              ./Blocks.o (__do_clear_bss)
e:/embedded course/tools/sdk/imt_sdk_win_64/winavr/bin/../lib/gcc/avr/4.3.3/avr51\libgcc.a(_addsub_sf.o)
                              ./Blocks.o (__subsf3)
e:/embedded course/tools/sdk/imt_sdk_win_64/winavr/bin/../lib/gcc/avr/4.3.3/avr51\libgcc.a(_mul_sf.o)
                              ./Blocks.o (__mulsf3)
e:/embedded course/tools/sdk/imt_sdk_win_64/winavr/bin/../lib/gcc/avr/4.3.3/avr51\libgcc.a(_div_sf.o)
                              ./Blocks.o (__divsf3)
e:/embedded course/tools/sdk/imt_sdk_win_64/winavr/bin/../lib/gcc/avr/4.3.3/avr51\libgcc.a(_si_to_sf.o)
                              ./Blocks.o (__floatsisf)
e:/embedded course/tools/sdk/imt_sdk_win_64/winavr/bin/../lib/gcc/avr/4.3.3/avr51\libgcc.a(_thenan_sf.o)
                              e:/embedded course/tools/sdk/imt_sdk_win_64/winavr/bin/../lib/gcc/avr/4.3.3/avr51\libgcc.a(_addsub_sf.o) (__thenan_sf)
e:/embedded course/tools/sdk/imt_sdk_win_64/winavr/bin/../lib/gcc/avr/4.3.3/avr51\libgcc.a(_udivmodhi4.o)
                              e:/embedded course/tools/sdk/imt_sdk_win_64/winavr/bin/../lib/gcc/avr/4.3.3/avr51\libgcc.a(_divmodhi4.o) (__udivmodhi4)
e:/embedded course/tools/sdk/imt_sdk_win_64/winavr/bin/../lib/gcc/avr/4.3.3/avr51\libgcc.a(_prologue.o)
                              e:/embedded course/tools/sdk/imt_sdk_win_64/winavr/bin/../lib/gcc/avr/4.3.3/avr51\libgcc.a(_addsub_sf.o) (__prologue_saves__)
e:/embedded course/tools/sdk/imt_sdk_win_64/winavr/bin/../lib/gcc/avr/4.3.3/avr51\libgcc.a(_epilogue.o)
                              e:/embedded course/tools/sdk/imt_sdk_win_64/winavr/bin/../lib/gcc/avr/4.3.3/avr51\libgcc.a(_addsub_sf.o) (__epilogue_restores__)
e:/embedded course/tools/sdk/imt_sdk_win_64/winavr/bin/../lib/gcc/avr/4.3.3/avr51\libgcc.a(_clzsi2.o)
                              e:/embedded course/tools/sdk/imt_sdk_win_64/winavr/bin/../lib/gcc/avr/4.3.3/avr51\libgcc.a(_si_to_sf.o) (__clzsi2)
e:/embedded course/tools/sdk/imt_sdk_win_64/winavr/bin/../lib/gcc/avr/4.3.3/avr51\libgcc.a(_pack_sf.o)
                              e:/embedded course/tools/sdk/imt_sdk_win_64/winavr/bin/../lib/gcc/avr/4.3.3/avr51\libgcc.a(_addsub_sf.o) (__pack_f)
e:/embedded course/tools/sdk/imt_sdk_win_64/winavr/bin/../lib/gcc/avr/4.3.3/avr51\libgcc.a(_unpack_sf.o)
                              e:/embedded course/tools/sdk/imt_sdk_win_64/winavr/bin/../lib/gcc/avr/4.3.3/avr51\libgcc.a(_addsub_sf.o) (__unpack_f)
e:/embedded course/tools/sdk/imt_sdk_win_64/winavr/bin/../lib/gcc/avr/4.3.3/avr51\libgcc.a(_clz.o)
                              e:/embedded course/tools/sdk/imt_sdk_win_64/winavr/bin/../lib/gcc/avr/4.3.3/avr51\libgcc.a(_clzsi2.o) (__clz_tab)
e:/embedded course/tools/sdk/imt_sdk_win_64/winavr/bin/../lib/gcc/avr/4.3.3/../../../../avr/lib/avr51\libc.a(memcpy.o)
                              ./queue.o (memcpy)
e:/embedded course/tools/sdk/imt_sdk_win_64/winavr/bin/../lib/gcc/avr/4.3.3/../../../../avr/lib/avr51\libc.a(memset.o)
                              ./tasks.o (memset)
e:/embedded course/tools/sdk/imt_sdk_win_64/winavr/bin/../lib/gcc/avr/4.3.3/../../../../avr/lib/avr51\libc.a(strncpy.o)
                              ./tasks.o (strncpy)
e:/embedded course/tools/sdk/imt_sdk_win_64/winavr/bin/../lib/gcc/avr/4.3.3/../../../../avr/lib/avr51\libc.a(cos.o)
                              ./Blocks.o (cos)
e:/embedded course/tools/sdk/imt_sdk_win_64/winavr/bin/../lib/gcc/avr/4.3.3/../../../../avr/lib/avr51\libc.a(fp_rempio2.o)
                              e:/embedded course/tools/sdk/imt_sdk_win_64/winavr/bin/../lib/gcc/avr/4.3.3/../../../../avr/lib/avr51\libc.a(cos.o) (__fp_rempio2)
e:/embedded course/tools/sdk/imt_sdk_win_64/winavr/bin/../lib/gcc/avr/4.3.3/../../../../avr/lib/avr51\libc.a(fp_sinus.o)
                              e:/embedded course/tools/sdk/imt_sdk_win_64/winavr/bin/../lib/gcc/avr/4.3.3/../../../../avr/lib/avr51\libc.a(cos.o) (__fp_sinus)
e:/embedded course/tools/sdk/imt_sdk_win_64/winavr/bin/../lib/gcc/avr/4.3.3/../../../../avr/lib/avr51\libc.a(fp_split3.o)
                              e:/embedded course/tools/sdk/imt_sdk_win_64/winavr/bin/../lib/gcc/avr/4.3.3/../../../../avr/lib/avr51\libc.a(fp_rempio2.o) (__fp_splitA)
e:/embedded course/tools/sdk/imt_sdk_win_64/winavr/bin/../lib/gcc/avr/4.3.3/../../../../avr/lib/avr51\libc.a(sin.o)
                              ./Blocks.o (sin)
e:/embedded course/tools/sdk/imt_sdk_win_64/winavr/bin/../lib/gcc/avr/4.3.3/../../../../avr/lib/avr51\libc.a(tan.o)
                              ./Blocks.o (tan)
e:/embedded course/tools/sdk/imt_sdk_win_64/winavr/bin/../lib/gcc/avr/4.3.3/../../../../avr/lib/avr51\libc.a(addsf3x.o)
                              e:/embedded course/tools/sdk/imt_sdk_win_64/winavr/bin/../lib/gcc/avr/4.3.3/../../../../avr/lib/avr51\libc.a(fp_sinus.o) (__addsf3x)
e:/embedded course/tools/sdk/imt_sdk_win_64/winavr/bin/../lib/gcc/avr/4.3.3/../../../../avr/lib/avr51\libc.a(fp_inf.o)
                              e:/embedded course/tools/sdk/imt_sdk_win_64/winavr/bin/../lib/gcc/avr/4.3.3/../../../../avr/lib/avr51\libc.a(addsf3x.o) (__fp_inf)
e:/embedded course/tools/sdk/imt_sdk_win_64/winavr/bin/../lib/gcc/avr/4.3.3/../../../../avr/lib/avr51\libc.a(fp_mpack.o)
                              e:/embedded course/tools/sdk/imt_sdk_win_64/winavr/bin/../lib/gcc/avr/4.3.3/../../../../avr/lib/avr51\libc.a(fp_rempio2.o) (__fp_mpack_finite)
e:/embedded course/tools/sdk/imt_sdk_win_64/winavr/bin/../lib/gcc/avr/4.3.3/../../../../avr/lib/avr51\libc.a(fp_nan.o)
                              e:/embedded course/tools/sdk/imt_sdk_win_64/winavr/bin/../lib/gcc/avr/4.3.3/../../../../avr/lib/avr51\libc.a(fp_rempio2.o) (__fp_nan)
e:/embedded course/tools/sdk/imt_sdk_win_64/winavr/bin/../lib/gcc/avr/4.3.3/../../../../avr/lib/avr51\libc.a(fp_powsodd.o)
                              e:/embedded course/tools/sdk/imt_sdk_win_64/winavr/bin/../lib/gcc/avr/4.3.3/../../../../avr/lib/avr51\libc.a(fp_sinus.o) (__fp_powsodd)
e:/embedded course/tools/sdk/imt_sdk_win_64/winavr/bin/../lib/gcc/avr/4.3.3/../../../../avr/lib/avr51\libc.a(fp_pscA.o)
                              e:/embedded course/tools/sdk/imt_sdk_win_64/winavr/bin/../lib/gcc/avr/4.3.3/../../../../avr/lib/avr51\libc.a(addsf3x.o) (__fp_pscA)
e:/embedded course/tools/sdk/imt_sdk_win_64/winavr/bin/../lib/gcc/avr/4.3.3/../../../../avr/lib/avr51\libc.a(fp_pscB.o)
                              e:/embedded course/tools/sdk/imt_sdk_win_64/winavr/bin/../lib/gcc/avr/4.3.3/../../../../avr/lib/avr51\libc.a(addsf3x.o) (__fp_pscB)
e:/embedded course/tools/sdk/imt_sdk_win_64/winavr/bin/../lib/gcc/avr/4.3.3/../../../../avr/lib/avr51\libc.a(fp_round.o)
                              e:/embedded course/tools/sdk/imt_sdk_win_64/winavr/bin/../lib/gcc/avr/4.3.3/../../../../avr/lib/avr51\libc.a(fp_sinus.o) (__fp_round)
e:/embedded course/tools/sdk/imt_sdk_win_64/winavr/bin/../lib/gcc/avr/4.3.3/../../../../avr/lib/avr51\libc.a(fp_zero.o)
                              e:/embedded course/tools/sdk/imt_sdk_win_64/winavr/bin/../lib/gcc/avr/4.3.3/../../../../avr/lib/avr51\libc.a(addsf3x.o) (__fp_zero)
e:/embedded course/tools/sdk/imt_sdk_win_64/winavr/bin/../lib/gcc/avr/4.3.3/../../../../avr/lib/avr51\libc.a(inverse.o)
                              e:/embedded course/tools/sdk/imt_sdk_win_64/winavr/bin/../lib/gcc/avr/4.3.3/../../../../avr/lib/avr51\libc.a(tan.o) (inverse)
e:/embedded course/tools/sdk/imt_sdk_win_64/winavr/bin/../lib/gcc/avr/4.3.3/../../../../avr/lib/avr51\libc.a(fp_powser.o)
                              e:/embedded course/tools/sdk/imt_sdk_win_64/winavr/bin/../lib/gcc/avr/4.3.3/../../../../avr/lib/avr51\libc.a(fp_powsodd.o) (__fp_powser)
e:/embedded course/tools/sdk/imt_sdk_win_64/winavr/bin/../lib/gcc/avr/4.3.3/../../../../avr/lib/avr51\libc.a(mulsf3x.o)
                              e:/embedded course/tools/sdk/imt_sdk_win_64/winavr/bin/../lib/gcc/avr/4.3.3/../../../../avr/lib/avr51\libc.a(fp_powser.o) (__mulsf3x)

Allocating common symbols
Common symbol       size              file

kd                  0x1               ./Blocks.o
Push_sem            0x2               ./RTOS_test_EX2.o

Memory Configuration

Name             Origin             Length             Attributes
text             0x00000000         0x00020000         xr
data             0x00800060         0x0000ffa0         rw !x
eeprom           0x00810000         0x00010000         rw !x
fuse             0x00820000         0x00000400         rw !x
lock             0x00830000         0x00000400         rw !x
signature        0x00840000         0x00000400         rw !x
*default*        0x00000000         0xffffffff

Linker script and memory map

Address of section .data set to 0x800100
LOAD e:/embedded course/tools/sdk/imt_sdk_win_64/winavr/bin/../lib/gcc/avr/4.3.3/../../../../avr/lib/avr51/crtm128.o
LOAD ./Blocks.o
LOAD ./RTOS_test_EX2.o
LOAD ./croutine.o
LOAD ./heap_1.o
LOAD ./list.o
LOAD ./main.o
LOAD ./port.o
LOAD ./queue.o
LOAD ./tasks.o
LOAD ./timers.o
LOAD e:/embedded course/tools/sdk/imt_sdk_win_64/winavr/bin/../lib/gcc/avr/4.3.3/avr51\libgcc.a
LOAD e:/embedded course/tools/sdk/imt_sdk_win_64/winavr/bin/../lib/gcc/avr/4.3.3/../../../../avr/lib/avr51\libc.a
LOAD e:/embedded course/tools/sdk/imt_sdk_win_64/winavr/bin/../lib/gcc/avr/4.3.3/avr51\libgcc.a

.hash
 *(.hash)

.dynsym
 *(.dynsym)

.dynstr
 *(.dynstr)

.gnu.version
 *(.gnu.version)

.gnu.version_d
 *(.gnu.version_d)

.gnu.version_r
 *(.gnu.version_r)

.rel.init
 *(.rel.init)

.rela.init
 *(.rela.init)

.rel.text
 *(.rel.text)
 *(.rel.text.*)
 *(.rel.gnu.linkonce.t*)

.rela.text
 *(.rela.text)
 *(.rela.text.*)
 *(.rela.gnu.linkonce.t*)

.rel.fini
 *(.rel.fini)

.rela.fini
 *(.rela.fini)

.rel.rodata
 *(.rel.rodata)
 *(.rel.rodata.*)
 *(.rel.gnu.linkonce.r*)

.rela.rodata
 *(.rela.rodata)
 *(.rela.rodata.*)
 *(.rela.gnu.linkonce.r*)

.rel.data
 *(.rel.data)
 *(.rel.data.*)
 *(.rel.gnu.linkonce.d*)

.rela.data
 *(.rela.data)
 *(.rela.data.*)
 *(.rela.gnu.linkonce.d*)

.rel.ctors
 *(.rel.ctors)

.rela.ctors
 *(.rela.ctors)

.rel.dtors
 *(.rel.dtors)

.rela.dtors
 *(.rela.dtors)

.rel.got
 *(.rel.got)

.rela.got
 *(.rela.got)

.rel.bss
 *(.rel.bss)

.rela.bss
 *(.rela.bss)

.rel.plt
 *(.rel.plt)

.rela.plt
 *(.rela.plt)

.text           0x00000000     0x4610
 *(.vectors)
 .vectors       0x00000000       0x8c e:/embedded course/tools/sdk/imt_sdk_win_64/winavr/bin/../lib/gcc/avr/4.3.3/../../../../avr/lib/avr51/crtm128.o
                0x00000000                __vectors
                0x00000000                __vector_default
 *(.vectors)
 *(.progmem.gcc*)
 .progmem.gcc_fplib
                0x0000008c       0x1e e:/embedded course/tools/sdk/imt_sdk_win_64/winavr/bin/../lib/gcc/avr/4.3.3/../../../../avr/lib/avr51\libc.a(fp_sinus.o)
 .progmem.gcc_fplib
                0x000000aa       0x23 e:/embedded course/tools/sdk/imt_sdk_win_64/winavr/bin/../lib/gcc/avr/4.3.3/../../../../avr/lib/avr51\libc.a(tan.o)
 *(.progmem*)
                0x000000ce                . = ALIGN (0x2)
 *fill*         0x000000cd        0x1 00
                0x000000ce                __trampolines_start = .
 *(.trampolines)
 .trampolines   0x000000ce        0x0 linker stubs
 *(.trampolines*)
                0x000000ce                __trampolines_end = .
 *(.jumptables)
 *(.jumptables*)
 *(.lowtext)
 *(.lowtext*)
                0x000000ce                __ctors_start = .
 *(.ctors)
                0x000000ce                __ctors_end = .
                0x000000ce                __dtors_start = .
 *(.dtors)
                0x000000ce                __dtors_end = .
 SORT(*)(.ctors)
 SORT(*)(.dtors)
 *(.init0)
 .init0         0x000000ce        0x0 e:/embedded course/tools/sdk/imt_sdk_win_64/winavr/bin/../lib/gcc/avr/4.3.3/../../../../avr/lib/avr51/crtm128.o
                0x000000ce                __init
 *(.init0)
 *(.init1)
 *(.init1)
 *(.init2)
 .init2         0x000000ce        0xc e:/embedded course/tools/sdk/imt_sdk_win_64/winavr/bin/../lib/gcc/avr/4.3.3/../../../../avr/lib/avr51/crtm128.o
 *(.init2)
 *(.init3)
 *(.init3)
 *(.init4)
 .init4         0x000000da       0x1a e:/embedded course/tools/sdk/imt_sdk_win_64/winavr/bin/../lib/gcc/avr/4.3.3/../../../../avr/lib/avr51/crtm128.o
                0x000000da                __do_copy_data
 .init4         0x000000f4       0x10 e:/embedded course/tools/sdk/imt_sdk_win_64/winavr/bin/../lib/gcc/avr/4.3.3/avr51\libgcc.a(_clear_bss.o)
                0x000000f4                __do_clear_bss
 *(.init4)
 *(.init5)
 *(.init5)
 *(.init6)
 *(.init6)
 *(.init7)
 *(.init7)
 *(.init8)
 *(.init8)
 *(.init9)
 .init9         0x00000104        0x8 e:/embedded course/tools/sdk/imt_sdk_win_64/winavr/bin/../lib/gcc/avr/4.3.3/../../../../avr/lib/avr51/crtm128.o
 *(.init9)
 *(.text)
 .text          0x0000010c        0x4 e:/embedded course/tools/sdk/imt_sdk_win_64/winavr/bin/../lib/gcc/avr/4.3.3/../../../../avr/lib/avr51/crtm128.o
                0x0000010c                __vector_22
                0x0000010c                __vector_28
                0x0000010c                __vector_1
                0x0000010c                __vector_32
                0x0000010c                __vector_34
                0x0000010c                __vector_24
                0x0000010c                __bad_interrupt
                0x0000010c                __vector_6
                0x0000010c                __vector_31
                0x0000010c                __vector_3
                0x0000010c                __vector_23
                0x0000010c                __vector_30
                0x0000010c                __vector_25
                0x0000010c                __vector_11
                0x0000010c                __vector_13
                0x0000010c                __vector_17
                0x0000010c                __vector_19
                0x0000010c                __vector_7
                0x0000010c                __vector_27
                0x0000010c                __vector_5
                0x0000010c                __vector_33
                0x0000010c                __vector_4
                0x0000010c                __vector_9
                0x0000010c                __vector_2
                0x0000010c                __vector_21
                0x0000010c                __vector_15
                0x0000010c                __vector_29
                0x0000010c                __vector_8
                0x0000010c                __vector_26
                0x0000010c                __vector_14
                0x0000010c                __vector_10
                0x0000010c                __vector_16
                0x0000010c                __vector_18
                0x0000010c                __vector_20
 .text          0x00000110        0x0 ./Blocks.o
 .text          0x00000110        0x0 ./RTOS_test_EX2.o
 .text          0x00000110        0x0 ./croutine.o
 .text          0x00000110        0x0 ./heap_1.o
 .text          0x00000110        0x0 ./list.o
 .text          0x00000110        0x0 ./main.o
 .text          0x00000110        0x0 ./port.o
 .text          0x00000110        0x0 ./queue.o
 .text          0x00000110        0x0 ./tasks.o
 .text          0x00000110        0x0 ./timers.o
 .text          0x00000110        0x0 e:/embedded course/tools/sdk/imt_sdk_win_64/winavr/bin/../lib/gcc/avr/4.3.3/avr51\libgcc.a(_divmodhi4.o)
 .text          0x00000110        0x0 e:/embedded course/tools/sdk/imt_sdk_win_64/winavr/bin/../lib/gcc/avr/4.3.3/avr51\libgcc.a(_exit.o)
 .text          0x00000110        0x0 e:/embedded course/tools/sdk/imt_sdk_win_64/winavr/bin/../lib/gcc/avr/4.3.3/avr51\libgcc.a(_clear_bss.o)
 .text          0x00000110      0x354 e:/embedded course/tools/sdk/imt_sdk_win_64/winavr/bin/../lib/gcc/avr/4.3.3/avr51\libgcc.a(_addsub_sf.o)
                0x000003a8                __subsf3
                0x0000040a                __addsf3
 .text          0x00000464      0x1f4 e:/embedded course/tools/sdk/imt_sdk_win_64/winavr/bin/../lib/gcc/avr/4.3.3/avr51\libgcc.a(_mul_sf.o)
                0x00000464                __mulsf3
 .text          0x00000658      0x158 e:/embedded course/tools/sdk/imt_sdk_win_64/winavr/bin/../lib/gcc/avr/4.3.3/avr51\libgcc.a(_div_sf.o)
                0x00000658                __divsf3
 .text          0x000007b0       0xbc e:/embedded course/tools/sdk/imt_sdk_win_64/winavr/bin/../lib/gcc/avr/4.3.3/avr51\libgcc.a(_si_to_sf.o)
                0x000007b0                __floatsisf
 .text          0x0000086c        0x0 e:/embedded course/tools/sdk/imt_sdk_win_64/winavr/bin/../lib/gcc/avr/4.3.3/avr51\libgcc.a(_thenan_sf.o)
 .text          0x0000086c        0x0 e:/embedded course/tools/sdk/imt_sdk_win_64/winavr/bin/../lib/gcc/avr/4.3.3/avr51\libgcc.a(_udivmodhi4.o)
 .text          0x0000086c        0x0 e:/embedded course/tools/sdk/imt_sdk_win_64/winavr/bin/../lib/gcc/avr/4.3.3/avr51\libgcc.a(_prologue.o)
 .text          0x0000086c        0x0 e:/embedded course/tools/sdk/imt_sdk_win_64/winavr/bin/../lib/gcc/avr/4.3.3/avr51\libgcc.a(_epilogue.o)
 .text          0x0000086c       0x9e e:/embedded course/tools/sdk/imt_sdk_win_64/winavr/bin/../lib/gcc/avr/4.3.3/avr51\libgcc.a(_clzsi2.o)
                0x0000086c                __clzsi2
 .text          0x0000090a      0x1aa e:/embedded course/tools/sdk/imt_sdk_win_64/winavr/bin/../lib/gcc/avr/4.3.3/avr51\libgcc.a(_pack_sf.o)
                0x0000090a                __pack_f
 .text          0x00000ab4       0xf0 e:/embedded course/tools/sdk/imt_sdk_win_64/winavr/bin/../lib/gcc/avr/4.3.3/avr51\libgcc.a(_unpack_sf.o)
                0x00000ab4                __unpack_f
 .text          0x00000ba4        0x0 e:/embedded course/tools/sdk/imt_sdk_win_64/winavr/bin/../lib/gcc/avr/4.3.3/avr51\libgcc.a(_clz.o)
 .text          0x00000ba4        0x0 e:/embedded course/tools/sdk/imt_sdk_win_64/winavr/bin/../lib/gcc/avr/4.3.3/../../../../avr/lib/avr51\libc.a(memcpy.o)
 .text          0x00000ba4        0x0 e:/embedded course/tools/sdk/imt_sdk_win_64/winavr/bin/../lib/gcc/avr/4.3.3/../../../../avr/lib/avr51\libc.a(memset.o)
 .text          0x00000ba4        0x0 e:/embedded course/tools/sdk/imt_sdk_win_64/winavr/bin/../lib/gcc/avr/4.3.3/../../../../avr/lib/avr51\libc.a(strncpy.o)
 .text          0x00000ba4        0x0 e:/embedded course/tools/sdk/imt_sdk_win_64/winavr/bin/../lib/gcc/avr/4.3.3/../../../../avr/lib/avr51\libc.a(cos.o)
 .text          0x00000ba4        0x0 e:/embedded course/tools/sdk/imt_sdk_win_64/winavr/bin/../lib/gcc/avr/4.3.3/../../../../avr/lib/avr51\libc.a(fp_rempio2.o)
 .text          0x00000ba4        0x0 e:/embedded course/tools/sdk/imt_sdk_win_64/winavr/bin/../lib/gcc/avr/4.3.3/../../../../avr/lib/avr51\libc.a(fp_sinus.o)
 .text          0x00000ba4        0x0 e:/embedded course/tools/sdk/imt_sdk_win_64/winavr/bin/../lib/gcc/avr/4.3.3/../../../../avr/lib/avr51\libc.a(fp_split3.o)
 .text          0x00000ba4        0x0 e:/embedded course/tools/sdk/imt_sdk_win_64/winavr/bin/../lib/gcc/avr/4.3.3/../../../../avr/lib/avr51\libc.a(sin.o)
 .text          0x00000ba4        0x0 e:/embedded course/tools/sdk/imt_sdk_win_64/winavr/bin/../lib/gcc/avr/4.3.3/../../../../avr/lib/avr51\libc.a(tan.o)
 .text          0x00000ba4        0x0 e:/embedded course/tools/sdk/imt_sdk_win_64/winavr/bin/../lib/gcc/avr/4.3.3/../../../../avr/lib/avr51\libc.a(addsf3x.o)
 .text          0x00000ba4        0x0 e:/embedded course/tools/sdk/imt_sdk_win_64/winavr/bin/../lib/gcc/avr/4.3.3/../../../../avr/lib/avr51\libc.a(fp_inf.o)
 .text          0x00000ba4        0x0 e:/embedded course/tools/sdk/imt_sdk_win_64/winavr/bin/../lib/gcc/avr/4.3.3/../../../../avr/lib/avr51\libc.a(fp_mpack.o)
 .text          0x00000ba4        0x0 e:/embedded course/tools/sdk/imt_sdk_win_64/winavr/bin/../lib/gcc/avr/4.3.3/../../../../avr/lib/avr51\libc.a(fp_nan.o)
 .text          0x00000ba4        0x0 e:/embedded course/tools/sdk/imt_sdk_win_64/winavr/bin/../lib/gcc/avr/4.3.3/../../../../avr/lib/avr51\libc.a(fp_powsodd.o)
 .text          0x00000ba4        0x0 e:/embedded course/tools/sdk/imt_sdk_win_64/winavr/bin/../lib/gcc/avr/4.3.3/../../../../avr/lib/avr51\libc.a(fp_pscA.o)
 .text          0x00000ba4        0x0 e:/embedded course/tools/sdk/imt_sdk_win_64/winavr/bin/../lib/gcc/avr/4.3.3/../../../../avr/lib/avr51\libc.a(fp_pscB.o)
 .text          0x00000ba4        0x0 e:/embedded course/tools/sdk/imt_sdk_win_64/winavr/bin/../lib/gcc/avr/4.3.3/../../../../avr/lib/avr51\libc.a(fp_round.o)
 .text          0x00000ba4        0x0 e:/embedded course/tools/sdk/imt_sdk_win_64/winavr/bin/../lib/gcc/avr/4.3.3/../../../../avr/lib/avr51\libc.a(fp_zero.o)
 .text          0x00000ba4        0x0 e:/embedded course/tools/sdk/imt_sdk_win_64/winavr/bin/../lib/gcc/avr/4.3.3/../../../../avr/lib/avr51\libc.a(inverse.o)
 .text          0x00000ba4        0x0 e:/embedded course/tools/sdk/imt_sdk_win_64/winavr/bin/../lib/gcc/avr/4.3.3/../../../../avr/lib/avr51\libc.a(fp_powser.o)
 .text          0x00000ba4        0x0 e:/embedded course/tools/sdk/imt_sdk_win_64/winavr/bin/../lib/gcc/avr/4.3.3/../../../../avr/lib/avr51\libc.a(mulsf3x.o)
                0x00000ba4                . = ALIGN (0x2)
 *(.text.*)
 .text.body_rates
                0x00000ba4      0x296 ./Blocks.o
                0x00000ba4                body_rates
 .text.roll_pitch
                0x00000e3a      0x71c ./Blocks.o
                0x00000e3a                roll_pitch
 .text.yaw_controller
                0x00001556       0x96 ./Blocks.o
                0x00001556                yaw_controller
 .text.altitude_controller
                0x000015ec      0x1e4 ./Blocks.o
                0x000015ec                altitude_controller
 .text.lateral_controller
                0x000017d0      0x1de ./Blocks.o
                0x000017d0                lateral_controller
 .text.PB_scan_task
                0x000019ae       0x64 ./RTOS_test_EX2.o
                0x000019ae                PB_scan_task
 .text.Blink__task
                0x00001a12       0x4e ./RTOS_test_EX2.o
                0x00001a12                Blink__task
 .text.main     0x00001a60       0xb6 ./RTOS_test_EX2.o
                0x00001a60                main
 .text.xCoRoutineCreate
                0x00001b16      0x128 ./croutine.o
                0x00001b16                xCoRoutineCreate
 .text.vCoRoutineAddToDelayedList
                0x00001c3e       0xc2 ./croutine.o
                0x00001c3e                vCoRoutineAddToDelayedList
 .text.prvCheckPendingReadyList
                0x00001d00       0x94 ./croutine.o
 .text.prvCheckDelayedList
                0x00001d94      0x15c ./croutine.o
 .text.vCoRoutineSchedule
                0x00001ef0       0xf4 ./croutine.o
                0x00001ef0                vCoRoutineSchedule
 .text.prvInitialiseCoRoutineLists
                0x00001fe4       0x72 ./croutine.o
 .text.xCoRoutineRemoveFromEventList
                0x00002056       0x70 ./croutine.o
                0x00002056                xCoRoutineRemoveFromEventList
 .text.pvPortMalloc
                0x000020c6       0x8c ./heap_1.o
                0x000020c6                pvPortMalloc
 .text.vPortFree
                0x00002152       0x18 ./heap_1.o
                0x00002152                vPortFree
 .text.vPortInitialiseBlocks
                0x0000216a       0x16 ./heap_1.o
                0x0000216a                vPortInitialiseBlocks
 .text.xPortGetFreeHeapSize
                0x00002180       0x1e ./heap_1.o
                0x00002180                xPortGetFreeHeapSize
 .text.vListInitialise
                0x0000219e       0x54 ./list.o
                0x0000219e                vListInitialise
 .text.vListInitialiseItem
                0x000021f2       0x20 ./list.o
                0x000021f2                vListInitialiseItem
 .text.vListInsertEnd
                0x00002212       0x98 ./list.o
                0x00002212                vListInsertEnd
 .text.vListInsert
                0x000022aa       0xd8 ./list.o
                0x000022aa                vListInsert
 .text.vListRemove
                0x00002382       0x92 ./list.o
                0x00002382                vListRemove
 .text.main     0x00002414      0x104 ./main.o
 .text.pxPortInitialiseStack
                0x00002518      0x306 ./port.o
                0x00002518                pxPortInitialiseStack
 .text.xPortStartScheduler
                0x0000281e       0x6a ./port.o
                0x0000281e                xPortStartScheduler
 .text.vPortEndScheduler
                0x00002888        0xe ./port.o
                0x00002888                vPortEndScheduler
 .text.vPortYield
                0x00002896       0xb2 ./port.o
                0x00002896                vPortYield
 .text.vPortYieldFromTick
                0x00002948       0xb6 ./port.o
                0x00002948                vPortYieldFromTick
 .text.prvSetupTimerInterrupt
                0x000029fe       0xb8 ./port.o
 .text.__vector_12
                0x00002ab6        0x6 ./port.o
                0x00002ab6                __vector_12
 .text.xQueueCreate
                0x00002abc      0x152 ./queue.o
                0x00002abc                xQueueCreate
 .text.xQueueGenericSend
                0x00002c0e      0x13c ./queue.o
                0x00002c0e                xQueueGenericSend
 .text.xQueueGenericSendFromISR
                0x00002d4a       0x9a ./queue.o
                0x00002d4a                xQueueGenericSendFromISR
 .text.xQueueGenericReceive
                0x00002de4      0x180 ./queue.o
                0x00002de4                xQueueGenericReceive
 .text.xQueueReceiveFromISR
                0x00002f64       0x9e ./queue.o
                0x00002f64                xQueueReceiveFromISR
 .text.uxQueueMessagesWaiting
                0x00003002       0x30 ./queue.o
                0x00003002                uxQueueMessagesWaiting
 .text.uxQueueMessagesWaitingFromISR
                0x00003032       0x26 ./queue.o
                0x00003032                uxQueueMessagesWaitingFromISR
 .text.vQueueDelete
                0x00003058       0x2c ./queue.o
                0x00003058                vQueueDelete
 .text.prvCopyDataToQueue
                0x00003084      0x12a ./queue.o
 .text.prvCopyDataFromQueue
                0x000031ae       0x90 ./queue.o
 .text.prvUnlockQueue
                0x0000323e       0xa8 ./queue.o
 .text.prvIsQueueEmpty
                0x000032e6       0x38 ./queue.o
 .text.xQueueIsQueueEmptyFromISR
                0x0000331e       0x2e ./queue.o
                0x0000331e                xQueueIsQueueEmptyFromISR
 .text.prvIsQueueFull
                0x0000334c       0x3e ./queue.o
 .text.xQueueIsQueueFullFromISR
                0x0000338a       0x34 ./queue.o
                0x0000338a                xQueueIsQueueFullFromISR
 .text.xTaskGenericCreate
                0x000033be      0x1da ./tasks.o
                0x000033be                xTaskGenericCreate
 .text.vTaskDelete
                0x00003598       0xc6 ./tasks.o
                0x00003598                vTaskDelete
 .text.vTaskDelayUntil
                0x0000365e       0xe8 ./tasks.o
                0x0000365e                vTaskDelayUntil
 .text.vTaskDelay
                0x00003746       0x6a ./tasks.o
                0x00003746                vTaskDelay
 .text.vTaskStartScheduler
                0x000037b0       0x6e ./tasks.o
                0x000037b0                vTaskStartScheduler
 .text.vTaskEndScheduler
                0x0000381e       0x18 ./tasks.o
                0x0000381e                vTaskEndScheduler
 .text.vTaskSuspendAll
                0x00003836       0x18 ./tasks.o
                0x00003836                vTaskSuspendAll
 .text.xTaskResumeAll
                0x0000384e      0x114 ./tasks.o
                0x0000384e                xTaskResumeAll
 .text.xTaskGetTickCount
                0x00003962       0x2e ./tasks.o
                0x00003962                xTaskGetTickCount
 .text.xTaskGetTickCountFromISR
                0x00003990       0x2a ./tasks.o
                0x00003990                xTaskGetTickCountFromISR
 .text.uxTaskGetNumberOfTasks
                0x000039ba       0x12 ./tasks.o
                0x000039ba                uxTaskGetNumberOfTasks
 .text.vTaskIncrementTick
                0x000039cc      0x1aa ./tasks.o
                0x000039cc                vTaskIncrementTick
 .text.vTaskSwitchContext
                0x00003b76       0xcc ./tasks.o
                0x00003b76                vTaskSwitchContext
 .text.vTaskPlaceOnEventList
                0x00003c42       0x6c ./tasks.o
                0x00003c42                vTaskPlaceOnEventList
 .text.xTaskRemoveFromEventList
                0x00003cae       0xd0 ./tasks.o
                0x00003cae                xTaskRemoveFromEventList
 .text.vTaskSetTimeOutState
                0x00003d7e       0x32 ./tasks.o
                0x00003d7e                vTaskSetTimeOutState
 .text.xTaskCheckForTimeOut
                0x00003db0       0xba ./tasks.o
                0x00003db0                xTaskCheckForTimeOut
 .text.vTaskMissedYield
                0x00003e6a       0x14 ./tasks.o
                0x00003e6a                vTaskMissedYield
 .text.prvIdleTask
                0x00003e7e       0x14 ./tasks.o
 .text.prvInitialiseTCBVariables
                0x00003e92       0xae ./tasks.o
 .text.prvInitialiseTaskLists
                0x00003f40       0x7a ./tasks.o
 .text.prvCheckTasksWaitingTermination
                0x00003fba       0x7c ./tasks.o
 .text.prvAddCurrentTaskToDelayedList
                0x00004036       0x92 ./tasks.o
 .text.prvAllocateTCBAndStack
                0x000040c8       0xa0 ./tasks.o
 .text.prvDeleteTCB
                0x00004168       0x2c ./tasks.o
 .text.libgcc   0x00004194       0x26 e:/embedded course/tools/sdk/imt_sdk_win_64/winavr/bin/../lib/gcc/avr/4.3.3/avr51\libgcc.a(_divmodhi4.o)
                0x00004194                __divmodhi4
                0x00004194                _div
 .text.libgcc   0x000041ba        0x0 e:/embedded course/tools/sdk/imt_sdk_win_64/winavr/bin/../lib/gcc/avr/4.3.3/avr51\libgcc.a(_exit.o)
 .text.libgcc   0x000041ba        0x0 e:/embedded course/tools/sdk/imt_sdk_win_64/winavr/bin/../lib/gcc/avr/4.3.3/avr51\libgcc.a(_clear_bss.o)
 .text.libgcc   0x000041ba       0x28 e:/embedded course/tools/sdk/imt_sdk_win_64/winavr/bin/../lib/gcc/avr/4.3.3/avr51\libgcc.a(_udivmodhi4.o)
                0x000041ba                __udivmodhi4
 .text.libgcc   0x000041e2       0x38 e:/embedded course/tools/sdk/imt_sdk_win_64/winavr/bin/../lib/gcc/avr/4.3.3/avr51\libgcc.a(_prologue.o)
                0x000041e2                __prologue_saves__
 .text.libgcc   0x0000421a       0x36 e:/embedded course/tools/sdk/imt_sdk_win_64/winavr/bin/../lib/gcc/avr/4.3.3/avr51\libgcc.a(_epilogue.o)
                0x0000421a                __epilogue_restores__
 .text.avr-libc
                0x00004250       0x12 e:/embedded course/tools/sdk/imt_sdk_win_64/winavr/bin/../lib/gcc/avr/4.3.3/../../../../avr/lib/avr51\libc.a(memcpy.o)
                0x00004250                memcpy
 .text.avr-libc
                0x00004262        0xe e:/embedded course/tools/sdk/imt_sdk_win_64/winavr/bin/../lib/gcc/avr/4.3.3/../../../../avr/lib/avr51\libc.a(memset.o)
                0x00004262                memset
 .text.avr-libc
                0x00004270       0x1e e:/embedded course/tools/sdk/imt_sdk_win_64/winavr/bin/../lib/gcc/avr/4.3.3/../../../../avr/lib/avr51\libc.a(strncpy.o)
                0x00004270                strncpy
 .text.avr-libc.fplib
                0x0000428e        0x6 e:/embedded course/tools/sdk/imt_sdk_win_64/winavr/bin/../lib/gcc/avr/4.3.3/../../../../avr/lib/avr51\libc.a(cos.o)
                0x0000428e                cos
 .text.avr-libc.fplib
                0x00004294       0x50 e:/embedded course/tools/sdk/imt_sdk_win_64/winavr/bin/../lib/gcc/avr/4.3.3/../../../../avr/lib/avr51\libc.a(fp_rempio2.o)
                0x00004296                __fp_rempio2
 .text.avr-libc.fplib
                0x000042e4       0x22 e:/embedded course/tools/sdk/imt_sdk_win_64/winavr/bin/../lib/gcc/avr/4.3.3/../../../../avr/lib/avr51\libc.a(fp_sinus.o)
                0x000042e4                __fp_sinus
 .text.avr-libc.fplib
                0x00004306       0x44 e:/embedded course/tools/sdk/imt_sdk_win_64/winavr/bin/../lib/gcc/avr/4.3.3/../../../../avr/lib/avr51\libc.a(fp_split3.o)
                0x00004306                __fp_split3
                0x00004316                __fp_splitA
 .text.avr-libc.fplib
                0x0000434a        0xc e:/embedded course/tools/sdk/imt_sdk_win_64/winavr/bin/../lib/gcc/avr/4.3.3/../../../../avr/lib/avr51\libc.a(sin.o)
                0x0000434a                sin
 .text.avr-libc.fplib
                0x00004356       0x40 e:/embedded course/tools/sdk/imt_sdk_win_64/winavr/bin/../lib/gcc/avr/4.3.3/../../../../avr/lib/avr51\libc.a(tan.o)
                0x00004356                tan
 .text.avr-libc.fplib
                0x00004396       0xc0 e:/embedded course/tools/sdk/imt_sdk_win_64/winavr/bin/../lib/gcc/avr/4.3.3/../../../../avr/lib/avr51\libc.a(addsf3x.o)
                0x000043b0                __addsf3x
 .text.avr-libc.fplib
                0x00004456        0xc e:/embedded course/tools/sdk/imt_sdk_win_64/winavr/bin/../lib/gcc/avr/4.3.3/../../../../avr/lib/avr51\libc.a(fp_inf.o)
                0x00004456                __fp_inf
 .text.avr-libc.fplib
                0x00004462       0x1c e:/embedded course/tools/sdk/imt_sdk_win_64/winavr/bin/../lib/gcc/avr/4.3.3/../../../../avr/lib/avr51\libc.a(fp_mpack.o)
                0x00004466                __fp_mpack_finite
                0x00004462                __fp_mpack
 .text.avr-libc.fplib
                0x0000447e        0x6 e:/embedded course/tools/sdk/imt_sdk_win_64/winavr/bin/../lib/gcc/avr/4.3.3/../../../../avr/lib/avr51\libc.a(fp_nan.o)
                0x0000447e                __fp_nan
 .text.avr-libc.fplib
                0x00004484       0x22 e:/embedded course/tools/sdk/imt_sdk_win_64/winavr/bin/../lib/gcc/avr/4.3.3/../../../../avr/lib/avr51\libc.a(fp_powsodd.o)
                0x00004484                __fp_powsodd
 .text.avr-libc.fplib
                0x000044a6        0xe e:/embedded course/tools/sdk/imt_sdk_win_64/winavr/bin/../lib/gcc/avr/4.3.3/../../../../avr/lib/avr51\libc.a(fp_pscA.o)
                0x000044a6                __fp_pscA
 .text.avr-libc.fplib
                0x000044b4        0xe e:/embedded course/tools/sdk/imt_sdk_win_64/winavr/bin/../lib/gcc/avr/4.3.3/../../../../avr/lib/avr51\libc.a(fp_pscB.o)
                0x000044b4                __fp_pscB
 .text.avr-libc.fplib
                0x000044c2       0x22 e:/embedded course/tools/sdk/imt_sdk_win_64/winavr/bin/../lib/gcc/avr/4.3.3/../../../../avr/lib/avr51\libc.a(fp_round.o)
                0x000044c2                __fp_round
 .text.avr-libc.fplib
                0x000044e4        0xe e:/embedded course/tools/sdk/imt_sdk_win_64/winavr/bin/../lib/gcc/avr/4.3.3/../../../../avr/lib/avr51\libc.a(fp_zero.o)
                0x000044e4                __fp_zero
                0x000044e6                __fp_szero
 .text.avr-libc.fplib
                0x000044f2        0xe e:/embedded course/tools/sdk/imt_sdk_win_64/winavr/bin/../lib/gcc/avr/4.3.3/../../../../avr/lib/avr51\libc.a(inverse.o)
                0x000044f2                inverse
 .text.avr-libc.fplib
                0x00004500       0x4a e:/embedded course/tools/sdk/imt_sdk_win_64/winavr/bin/../lib/gcc/avr/4.3.3/../../../../avr/lib/avr51\libc.a(fp_powser.o)
                0x00004500                __fp_powser
 .text.avr-libc.fplib
                0x0000454a       0xc2 e:/embedded course/tools/sdk/imt_sdk_win_64/winavr/bin/../lib/gcc/avr/4.3.3/../../../../avr/lib/avr51\libc.a(mulsf3x.o)
                0x00004562                __mulsf3_pse
                0x0000455e                __mulsf3x
                0x0000460c                . = ALIGN (0x2)
 *(.fini9)
 .fini9         0x0000460c        0x0 e:/embedded course/tools/sdk/imt_sdk_win_64/winavr/bin/../lib/gcc/avr/4.3.3/avr51\libgcc.a(_exit.o)
                0x0000460c                exit
                0x0000460c                _exit
 *(.fini9)
 *(.fini8)
 *(.fini8)
 *(.fini7)
 *(.fini7)
 *(.fini6)
 *(.fini6)
 *(.fini5)
 *(.fini5)
 *(.fini4)
 *(.fini4)
 *(.fini3)
 *(.fini3)
 *(.fini2)
 *(.fini2)
 *(.fini1)
 *(.fini1)
 *(.fini0)
 .fini0         0x0000460c        0x4 e:/embedded course/tools/sdk/imt_sdk_win_64/winavr/bin/../lib/gcc/avr/4.3.3/avr51\libgcc.a(_exit.o)
 *(.fini0)
                0x00004610                _etext = .

.data           0x00800100      0x142 load address 0x00004610
                0x00800100                PROVIDE (__data_start, .)
 *(.data)
 .data          0x00800100        0x0 e:/embedded course/tools/sdk/imt_sdk_win_64/winavr/bin/../lib/gcc/avr/4.3.3/../../../../avr/lib/avr51/crtm128.o
 .data          0x00800100        0x0 ./Blocks.o
 .data          0x00800100        0x0 ./RTOS_test_EX2.o
 .data          0x00800100        0x0 ./croutine.o
 .data          0x00800100        0x0 ./heap_1.o
 .data          0x00800100        0x0 ./list.o
 .data          0x00800100       0x2b ./main.o
 .data          0x0080012b        0x0 ./port.o
 .data          0x0080012b        0x0 ./queue.o
 .data          0x0080012b        0x5 ./tasks.o
 .data          0x00800130        0x0 ./timers.o
 .data          0x00800130        0x0 e:/embedded course/tools/sdk/imt_sdk_win_64/winavr/bin/../lib/gcc/avr/4.3.3/avr51\libgcc.a(_divmodhi4.o)
 .data          0x00800130        0x0 e:/embedded course/tools/sdk/imt_sdk_win_64/winavr/bin/../lib/gcc/avr/4.3.3/avr51\libgcc.a(_exit.o)
 .data          0x00800130        0x0 e:/embedded course/tools/sdk/imt_sdk_win_64/winavr/bin/../lib/gcc/avr/4.3.3/avr51\libgcc.a(_clear_bss.o)
 .data          0x00800130        0x0 e:/embedded course/tools/sdk/imt_sdk_win_64/winavr/bin/../lib/gcc/avr/4.3.3/avr51\libgcc.a(_addsub_sf.o)
 .data          0x00800130        0x0 e:/embedded course/tools/sdk/imt_sdk_win_64/winavr/bin/../lib/gcc/avr/4.3.3/avr51\libgcc.a(_mul_sf.o)
 .data          0x00800130        0x0 e:/embedded course/tools/sdk/imt_sdk_win_64/winavr/bin/../lib/gcc/avr/4.3.3/avr51\libgcc.a(_div_sf.o)
 .data          0x00800130        0x0 e:/embedded course/tools/sdk/imt_sdk_win_64/winavr/bin/../lib/gcc/avr/4.3.3/avr51\libgcc.a(_si_to_sf.o)
 .data          0x00800130        0x8 e:/embedded course/tools/sdk/imt_sdk_win_64/winavr/bin/../lib/gcc/avr/4.3.3/avr51\libgcc.a(_thenan_sf.o)
                0x00800130                __thenan_sf
 .data          0x00800138        0x0 e:/embedded course/tools/sdk/imt_sdk_win_64/winavr/bin/../lib/gcc/avr/4.3.3/avr51\libgcc.a(_udivmodhi4.o)
 .data          0x00800138        0x0 e:/embedded course/tools/sdk/imt_sdk_win_64/winavr/bin/../lib/gcc/avr/4.3.3/avr51\libgcc.a(_prologue.o)
 .data          0x00800138        0x0 e:/embedded course/tools/sdk/imt_sdk_win_64/winavr/bin/../lib/gcc/avr/4.3.3/avr51\libgcc.a(_epilogue.o)
 .data          0x00800138        0x0 e:/embedded course/tools/sdk/imt_sdk_win_64/winavr/bin/../lib/gcc/avr/4.3.3/avr51\libgcc.a(_clzsi2.o)
 .data          0x00800138        0x0 e:/embedded course/tools/sdk/imt_sdk_win_64/winavr/bin/../lib/gcc/avr/4.3.3/avr51\libgcc.a(_pack_sf.o)
 .data          0x00800138        0x0 e:/embedded course/tools/sdk/imt_sdk_win_64/winavr/bin/../lib/gcc/avr/4.3.3/avr51\libgcc.a(_unpack_sf.o)
 .data          0x00800138      0x100 e:/embedded course/tools/sdk/imt_sdk_win_64/winavr/bin/../lib/gcc/avr/4.3.3/avr51\libgcc.a(_clz.o)
                0x00800138                __clz_tab
 .data          0x00800238        0x0 e:/embedded course/tools/sdk/imt_sdk_win_64/winavr/bin/../lib/gcc/avr/4.3.3/../../../../avr/lib/avr51\libc.a(memcpy.o)
 .data          0x00800238        0x0 e:/embedded course/tools/sdk/imt_sdk_win_64/winavr/bin/../lib/gcc/avr/4.3.3/../../../../avr/lib/avr51\libc.a(memset.o)
 .data          0x00800238        0x0 e:/embedded course/tools/sdk/imt_sdk_win_64/winavr/bin/../lib/gcc/avr/4.3.3/../../../../avr/lib/avr51\libc.a(strncpy.o)
 .data          0x00800238        0x0 e:/embedded course/tools/sdk/imt_sdk_win_64/winavr/bin/../lib/gcc/avr/4.3.3/../../../../avr/lib/avr51\libc.a(cos.o)
 .data          0x00800238        0x0 e:/embedded course/tools/sdk/imt_sdk_win_64/winavr/bin/../lib/gcc/avr/4.3.3/../../../../avr/lib/avr51\libc.a(fp_rempio2.o)
 .data          0x00800238        0x0 e:/embedded course/tools/sdk/imt_sdk_win_64/winavr/bin/../lib/gcc/avr/4.3.3/../../../../avr/lib/avr51\libc.a(fp_sinus.o)
 .data          0x00800238        0x0 e:/embedded course/tools/sdk/imt_sdk_win_64/winavr/bin/../lib/gcc/avr/4.3.3/../../../../avr/lib/avr51\libc.a(fp_split3.o)
 .data          0x00800238        0x0 e:/embedded course/tools/sdk/imt_sdk_win_64/winavr/bin/../lib/gcc/avr/4.3.3/../../../../avr/lib/avr51\libc.a(sin.o)
 .data          0x00800238        0x0 e:/embedded course/tools/sdk/imt_sdk_win_64/winavr/bin/../lib/gcc/avr/4.3.3/../../../../avr/lib/avr51\libc.a(tan.o)
 .data          0x00800238        0x0 e:/embedded course/tools/sdk/imt_sdk_win_64/winavr/bin/../lib/gcc/avr/4.3.3/../../../../avr/lib/avr51\libc.a(addsf3x.o)
 .data          0x00800238        0x0 e:/embedded course/tools/sdk/imt_sdk_win_64/winavr/bin/../lib/gcc/avr/4.3.3/../../../../avr/lib/avr51\libc.a(fp_inf.o)
 .data          0x00800238        0x0 e:/embedded course/tools/sdk/imt_sdk_win_64/winavr/bin/../lib/gcc/avr/4.3.3/../../../../avr/lib/avr51\libc.a(fp_mpack.o)
 .data          0x00800238        0x0 e:/embedded course/tools/sdk/imt_sdk_win_64/winavr/bin/../lib/gcc/avr/4.3.3/../../../../avr/lib/avr51\libc.a(fp_nan.o)
 .data          0x00800238        0x0 e:/embedded course/tools/sdk/imt_sdk_win_64/winavr/bin/../lib/gcc/avr/4.3.3/../../../../avr/lib/avr51\libc.a(fp_powsodd.o)
 .data          0x00800238        0x0 e:/embedded course/tools/sdk/imt_sdk_win_64/winavr/bin/../lib/gcc/avr/4.3.3/../../../../avr/lib/avr51\libc.a(fp_pscA.o)
 .data          0x00800238        0x0 e:/embedded course/tools/sdk/imt_sdk_win_64/winavr/bin/../lib/gcc/avr/4.3.3/../../../../avr/lib/avr51\libc.a(fp_pscB.o)
 .data          0x00800238        0x0 e:/embedded course/tools/sdk/imt_sdk_win_64/winavr/bin/../lib/gcc/avr/4.3.3/../../../../avr/lib/avr51\libc.a(fp_round.o)
 .data          0x00800238        0x0 e:/embedded course/tools/sdk/imt_sdk_win_64/winavr/bin/../lib/gcc/avr/4.3.3/../../../../avr/lib/avr51\libc.a(fp_zero.o)
 .data          0x00800238        0x0 e:/embedded course/tools/sdk/imt_sdk_win_64/winavr/bin/../lib/gcc/avr/4.3.3/../../../../avr/lib/avr51\libc.a(inverse.o)
 .data          0x00800238        0x0 e:/embedded course/tools/sdk/imt_sdk_win_64/winavr/bin/../lib/gcc/avr/4.3.3/../../../../avr/lib/avr51\libc.a(fp_powser.o)
 .data          0x00800238        0x0 e:/embedded course/tools/sdk/imt_sdk_win_64/winavr/bin/../lib/gcc/avr/4.3.3/../../../../avr/lib/avr51\libc.a(mulsf3x.o)
 *(.data*)
 .data.kp_rate  0x00800238        0x1 ./Blocks.o
                0x00800238                kp_rate
 .data.Ixx      0x00800239        0x1 ./Blocks.o
                0x00800239                Ixx
 .data.Iyy      0x0080023a        0x1 ./Blocks.o
                0x0080023a                Iyy
 .data.Izz      0x0080023b        0x1 ./Blocks.o
                0x0080023b                Izz
 .data.m        0x0080023c        0x1 ./Blocks.o
                0x0080023c                m
 .data.kp_bank  0x0080023d        0x1 ./Blocks.o
                0x0080023d                kp_bank
 .data.g        0x0080023e        0x1 ./Blocks.o
                0x0080023e                g
 .data.xNextTaskUnblockTime
                0x0080023f        0x2 ./tasks.o
 *(.rodata)
 *(.rodata*)
 *(.gnu.linkonce.d*)
                0x00800242                . = ALIGN (0x2)
 *fill*         0x00800241        0x1 00
                0x00800242                _edata = .
                0x00800242                PROVIDE (__data_end, .)

.bss            0x00800242      0x2e8
                0x00800242                PROVIDE (__bss_start, .)
 *(.bss)
 .bss           0x00800242        0x0 e:/embedded course/tools/sdk/imt_sdk_win_64/winavr/bin/../lib/gcc/avr/4.3.3/../../../../avr/lib/avr51/crtm128.o
 .bss           0x00800242        0x0 ./Blocks.o
 .bss           0x00800242        0x0 ./RTOS_test_EX2.o
 .bss           0x00800242        0x0 ./croutine.o
 .bss           0x00800242        0x0 ./heap_1.o
 .bss           0x00800242        0x0 ./list.o
 .bss           0x00800242        0x0 ./main.o
 .bss           0x00800242        0x0 ./port.o
 .bss           0x00800242        0x0 ./queue.o
 .bss           0x00800242        0x0 ./tasks.o
 .bss           0x00800242        0x0 ./timers.o
 .bss           0x00800242        0x0 e:/embedded course/tools/sdk/imt_sdk_win_64/winavr/bin/../lib/gcc/avr/4.3.3/avr51\libgcc.a(_divmodhi4.o)
 .bss           0x00800242        0x0 e:/embedded course/tools/sdk/imt_sdk_win_64/winavr/bin/../lib/gcc/avr/4.3.3/avr51\libgcc.a(_exit.o)
 .bss           0x00800242        0x0 e:/embedded course/tools/sdk/imt_sdk_win_64/winavr/bin/../lib/gcc/avr/4.3.3/avr51\libgcc.a(_clear_bss.o)
 .bss           0x00800242        0x0 e:/embedded course/tools/sdk/imt_sdk_win_64/winavr/bin/../lib/gcc/avr/4.3.3/avr51\libgcc.a(_addsub_sf.o)
 .bss           0x00800242        0x0 e:/embedded course/tools/sdk/imt_sdk_win_64/winavr/bin/../lib/gcc/avr/4.3.3/avr51\libgcc.a(_mul_sf.o)
 .bss           0x00800242        0x0 e:/embedded course/tools/sdk/imt_sdk_win_64/winavr/bin/../lib/gcc/avr/4.3.3/avr51\libgcc.a(_div_sf.o)
 .bss           0x00800242        0x0 e:/embedded course/tools/sdk/imt_sdk_win_64/winavr/bin/../lib/gcc/avr/4.3.3/avr51\libgcc.a(_si_to_sf.o)
 .bss           0x00800242        0x0 e:/embedded course/tools/sdk/imt_sdk_win_64/winavr/bin/../lib/gcc/avr/4.3.3/avr51\libgcc.a(_thenan_sf.o)
 .bss           0x00800242        0x0 e:/embedded course/tools/sdk/imt_sdk_win_64/winavr/bin/../lib/gcc/avr/4.3.3/avr51\libgcc.a(_udivmodhi4.o)
 .bss           0x00800242        0x0 e:/embedded course/tools/sdk/imt_sdk_win_64/winavr/bin/../lib/gcc/avr/4.3.3/avr51\libgcc.a(_prologue.o)
 .bss           0x00800242        0x0 e:/embedded course/tools/sdk/imt_sdk_win_64/winavr/bin/../lib/gcc/avr/4.3.3/avr51\libgcc.a(_epilogue.o)
 .bss           0x00800242        0x0 e:/embedded course/tools/sdk/imt_sdk_win_64/winavr/bin/../lib/gcc/avr/4.3.3/avr51\libgcc.a(_clzsi2.o)
 .bss           0x00800242        0x0 e:/embedded course/tools/sdk/imt_sdk_win_64/winavr/bin/../lib/gcc/avr/4.3.3/avr51\libgcc.a(_pack_sf.o)
 .bss           0x00800242        0x0 e:/embedded course/tools/sdk/imt_sdk_win_64/winavr/bin/../lib/gcc/avr/4.3.3/avr51\libgcc.a(_unpack_sf.o)
 .bss           0x00800242        0x0 e:/embedded course/tools/sdk/imt_sdk_win_64/winavr/bin/../lib/gcc/avr/4.3.3/avr51\libgcc.a(_clz.o)
 .bss           0x00800242        0x0 e:/embedded course/tools/sdk/imt_sdk_win_64/winavr/bin/../lib/gcc/avr/4.3.3/../../../../avr/lib/avr51\libc.a(memcpy.o)
 .bss           0x00800242        0x0 e:/embedded course/tools/sdk/imt_sdk_win_64/winavr/bin/../lib/gcc/avr/4.3.3/../../../../avr/lib/avr51\libc.a(memset.o)
 .bss           0x00800242        0x0 e:/embedded course/tools/sdk/imt_sdk_win_64/winavr/bin/../lib/gcc/avr/4.3.3/../../../../avr/lib/avr51\libc.a(strncpy.o)
 .bss           0x00800242        0x0 e:/embedded course/tools/sdk/imt_sdk_win_64/winavr/bin/../lib/gcc/avr/4.3.3/../../../../avr/lib/avr51\libc.a(cos.o)
 .bss           0x00800242        0x0 e:/embedded course/tools/sdk/imt_sdk_win_64/winavr/bin/../lib/gcc/avr/4.3.3/../../../../avr/lib/avr51\libc.a(fp_rempio2.o)
 .bss           0x00800242        0x0 e:/embedded course/tools/sdk/imt_sdk_win_64/winavr/bin/../lib/gcc/avr/4.3.3/../../../../avr/lib/avr51\libc.a(fp_sinus.o)
 .bss           0x00800242        0x0 e:/embedded course/tools/sdk/imt_sdk_win_64/winavr/bin/../lib/gcc/avr/4.3.3/../../../../avr/lib/avr51\libc.a(fp_split3.o)
 .bss           0x00800242        0x0 e:/embedded course/tools/sdk/imt_sdk_win_64/winavr/bin/../lib/gcc/avr/4.3.3/../../../../avr/lib/avr51\libc.a(sin.o)
 .bss           0x00800242        0x0 e:/embedded course/tools/sdk/imt_sdk_win_64/winavr/bin/../lib/gcc/avr/4.3.3/../../../../avr/lib/avr51\libc.a(tan.o)
 .bss           0x00800242        0x0 e:/embedded course/tools/sdk/imt_sdk_win_64/winavr/bin/../lib/gcc/avr/4.3.3/../../../../avr/lib/avr51\libc.a(addsf3x.o)
 .bss           0x00800242        0x0 e:/embedded course/tools/sdk/imt_sdk_win_64/winavr/bin/../lib/gcc/avr/4.3.3/../../../../avr/lib/avr51\libc.a(fp_inf.o)
 .bss           0x00800242        0x0 e:/embedded course/tools/sdk/imt_sdk_win_64/winavr/bin/../lib/gcc/avr/4.3.3/../../../../avr/lib/avr51\libc.a(fp_mpack.o)
 .bss           0x00800242        0x0 e:/embedded course/tools/sdk/imt_sdk_win_64/winavr/bin/../lib/gcc/avr/4.3.3/../../../../avr/lib/avr51\libc.a(fp_nan.o)
 .bss           0x00800242        0x0 e:/embedded course/tools/sdk/imt_sdk_win_64/winavr/bin/../lib/gcc/avr/4.3.3/../../../../avr/lib/avr51\libc.a(fp_powsodd.o)
 .bss           0x00800242        0x0 e:/embedded course/tools/sdk/imt_sdk_win_64/winavr/bin/../lib/gcc/avr/4.3.3/../../../../avr/lib/avr51\libc.a(fp_pscA.o)
 .bss           0x00800242        0x0 e:/embedded course/tools/sdk/imt_sdk_win_64/winavr/bin/../lib/gcc/avr/4.3.3/../../../../avr/lib/avr51\libc.a(fp_pscB.o)
 .bss           0x00800242        0x0 e:/embedded course/tools/sdk/imt_sdk_win_64/winavr/bin/../lib/gcc/avr/4.3.3/../../../../avr/lib/avr51\libc.a(fp_round.o)
 .bss           0x00800242        0x0 e:/embedded course/tools/sdk/imt_sdk_win_64/winavr/bin/../lib/gcc/avr/4.3.3/../../../../avr/lib/avr51\libc.a(fp_zero.o)
 .bss           0x00800242        0x0 e:/embedded course/tools/sdk/imt_sdk_win_64/winavr/bin/../lib/gcc/avr/4.3.3/../../../../avr/lib/avr51\libc.a(inverse.o)
 .bss           0x00800242        0x0 e:/embedded course/tools/sdk/imt_sdk_win_64/winavr/bin/../lib/gcc/avr/4.3.3/../../../../avr/lib/avr51\libc.a(fp_powser.o)
 .bss           0x00800242        0x0 e:/embedded course/tools/sdk/imt_sdk_win_64/winavr/bin/../lib/gcc/avr/4.3.3/../../../../avr/lib/avr51\libc.a(mulsf3x.o)
 *(.bss*)
 .bss.pxCurrentCoRoutine
                0x00800242        0x2 ./croutine.o
                0x00800242                pxCurrentCoRoutine
 .bss.uxTopCoRoutineReadyPriority
                0x00800244        0x1 ./croutine.o
 .bss.xCoRoutineTickCount
                0x00800245        0x2 ./croutine.o
 .bss.xLastTickCount
                0x00800247        0x2 ./croutine.o
 .bss.xPassedTicks
                0x00800249        0x2 ./croutine.o
 .bss.pxReadyCoRoutineLists
                0x0080024b       0x12 ./croutine.o
 .bss.xDelayedCoRoutineList1
                0x0080025d        0x9 ./croutine.o
 .bss.xDelayedCoRoutineList2
                0x00800266        0x9 ./croutine.o
 .bss.pxDelayedCoRoutineList
                0x0080026f        0x2 ./croutine.o
 .bss.pxOverflowDelayedCoRoutineList
                0x00800271        0x2 ./croutine.o
 .bss.xPendingReadyCoRoutineList
                0x00800273        0x9 ./croutine.o
 .bss.xNextFreeByte
                0x0080027c        0x2 ./heap_1.o
 .bss.xHeap     0x0080027e      0x258 ./heap_1.o
 .bss.pxCurrentTCB
                0x008004d6        0x2 ./tasks.o
                0x008004d6                pxCurrentTCB
 .bss.uxTasksDeleted
                0x008004d8        0x1 ./tasks.o
 .bss.uxCurrentNumberOfTasks
                0x008004d9        0x1 ./tasks.o
 .bss.xTickCount
                0x008004da        0x2 ./tasks.o
 .bss.uxTopUsedPriority
                0x008004dc        0x1 ./tasks.o
 .bss.uxTopReadyPriority
                0x008004dd        0x1 ./tasks.o
 .bss.xSchedulerRunning
                0x008004de        0x1 ./tasks.o
 .bss.uxSchedulerSuspended
                0x008004df        0x1 ./tasks.o
 .bss.uxMissedTicks
                0x008004e0        0x1 ./tasks.o
 .bss.xMissedYield
                0x008004e1        0x1 ./tasks.o
 .bss.xNumOfOverflows
                0x008004e2        0x1 ./tasks.o
 .bss.uxTaskNumber
                0x008004e3        0x1 ./tasks.o
 .bss.pxReadyTasksLists
                0x008004e4       0x1b ./tasks.o
 .bss.xDelayedTaskList1
                0x008004ff        0x9 ./tasks.o
 .bss.xDelayedTaskList2
                0x00800508        0x9 ./tasks.o
 .bss.pxDelayedTaskList
                0x00800511        0x2 ./tasks.o
 .bss.pxOverflowDelayedTaskList
                0x00800513        0x2 ./tasks.o
 .bss.xPendingReadyList
                0x00800515        0x9 ./tasks.o
 .bss.xTasksWaitingTermination
                0x0080051e        0x9 ./tasks.o
 *(COMMON)
 COMMON         0x00800527        0x1 ./Blocks.o
                0x00800527                kd
 COMMON         0x00800528        0x2 ./RTOS_test_EX2.o
                0x00800528                Push_sem
                0x0080052a                PROVIDE (__bss_end, .)
                0x00004610                __data_load_start = LOADADDR (.data)
                0x00004752                __data_load_end = (__data_load_start + SIZEOF (.data))

.noinit         0x0080052a        0x0
                0x0080052a                PROVIDE (__noinit_start, .)
 *(.noinit*)
                0x0080052a                PROVIDE (__noinit_end, .)
                0x0080052a                _end = .
                0x0080052a                PROVIDE (__heap_start, .)

.eeprom         0x00810000        0x0
 *(.eeprom*)
                0x00810000                __eeprom_end = .

.fuse
 *(.fuse)
 *(.lfuse)
 *(.hfuse)
 *(.efuse)

.lock
 *(.lock*)

.signature
 *(.signature*)

.stab           0x00000000     0x4c80
 *(.stab)
 .stab          0x00000000      0x66c ./Blocks.o
 .stab          0x0000066c      0x60c ./RTOS_test_EX2.o
                                0x618 (size before relaxing)
 .stab          0x00000c78      0x84c ./croutine.o
                                0xb40 (size before relaxing)
 .stab          0x000014c4      0x354 ./heap_1.o
                                0x624 (size before relaxing)
 .stab          0x00001818      0x474 ./list.o
                                0x750 (size before relaxing)
 .stab          0x00001c8c      0x1f8 ./main.o
                                0x570 (size before relaxing)
 .stab          0x00001e84      0x840 ./port.o
                                0xb70 (size before relaxing)
 .stab          0x000026c4      0xe94 ./queue.o
                               0x11d0 (size before relaxing)
 .stab          0x00003558     0x1578 ./tasks.o
                               0x17d0 (size before relaxing)
 .stab          0x00004ad0      0x1b0 ./timers.o
                                0x4c8 (size before relaxing)

.stabstr        0x00000000     0x3086
 *(.stabstr)
 .stabstr       0x00000000     0x3086 ./Blocks.o

.stab.excl
 *(.stab.excl)

.stab.exclstr
 *(.stab.exclstr)

.stab.index
 *(.stab.index)

.stab.indexstr
 *(.stab.indexstr)

.comment
 *(.comment)

.debug
 *(.debug)

.line
 *(.line)

.debug_srcinfo
 *(.debug_srcinfo)

.debug_sfnames
 *(.debug_sfnames)

.debug_aranges  0x00000000       0xe0
 *(.debug_aranges)
 .debug_aranges
                0x00000000       0x20 e:/embedded course/tools/sdk/imt_sdk_win_64/winavr/bin/../lib/gcc/avr/4.3.3/avr51\libgcc.a(_addsub_sf.o)
 .debug_aranges
                0x00000020       0x20 e:/embedded course/tools/sdk/imt_sdk_win_64/winavr/bin/../lib/gcc/avr/4.3.3/avr51\libgcc.a(_mul_sf.o)
 .debug_aranges
                0x00000040       0x20 e:/embedded course/tools/sdk/imt_sdk_win_64/winavr/bin/../lib/gcc/avr/4.3.3/avr51\libgcc.a(_div_sf.o)
 .debug_aranges
                0x00000060       0x20 e:/embedded course/tools/sdk/imt_sdk_win_64/winavr/bin/../lib/gcc/avr/4.3.3/avr51\libgcc.a(_si_to_sf.o)
 .debug_aranges
                0x00000080       0x20 e:/embedded course/tools/sdk/imt_sdk_win_64/winavr/bin/../lib/gcc/avr/4.3.3/avr51\libgcc.a(_clzsi2.o)
 .debug_aranges
                0x000000a0       0x20 e:/embedded course/tools/sdk/imt_sdk_win_64/winavr/bin/../lib/gcc/avr/4.3.3/avr51\libgcc.a(_pack_sf.o)
 .debug_aranges
                0x000000c0       0x20 e:/embedded course/tools/sdk/imt_sdk_win_64/winavr/bin/../lib/gcc/avr/4.3.3/avr51\libgcc.a(_unpack_sf.o)

.debug_pubnames
                0x00000000      0x12d
 *(.debug_pubnames)
 .debug_pubnames
                0x00000000       0x2c e:/embedded course/tools/sdk/imt_sdk_win_64/winavr/bin/../lib/gcc/avr/4.3.3/avr51\libgcc.a(_addsub_sf.o)
 .debug_pubnames
                0x0000002c       0x1f e:/embedded course/tools/sdk/imt_sdk_win_64/winavr/bin/../lib/gcc/avr/4.3.3/avr51\libgcc.a(_mul_sf.o)
 .debug_pubnames
                0x0000004b       0x1f e:/embedded course/tools/sdk/imt_sdk_win_64/winavr/bin/../lib/gcc/avr/4.3.3/avr51\libgcc.a(_div_sf.o)
 .debug_pubnames
                0x0000006a       0x22 e:/embedded course/tools/sdk/imt_sdk_win_64/winavr/bin/../lib/gcc/avr/4.3.3/avr51\libgcc.a(_si_to_sf.o)
 .debug_pubnames
                0x0000008c       0x22 e:/embedded course/tools/sdk/imt_sdk_win_64/winavr/bin/../lib/gcc/avr/4.3.3/avr51\libgcc.a(_thenan_sf.o)
 .debug_pubnames
                0x000000ae       0x1f e:/embedded course/tools/sdk/imt_sdk_win_64/winavr/bin/../lib/gcc/avr/4.3.3/avr51\libgcc.a(_clzsi2.o)
 .debug_pubnames
                0x000000cd       0x1f e:/embedded course/tools/sdk/imt_sdk_win_64/winavr/bin/../lib/gcc/avr/4.3.3/avr51\libgcc.a(_pack_sf.o)
 .debug_pubnames
                0x000000ec       0x21 e:/embedded course/tools/sdk/imt_sdk_win_64/winavr/bin/../lib/gcc/avr/4.3.3/avr51\libgcc.a(_unpack_sf.o)
 .debug_pubnames
                0x0000010d       0x20 e:/embedded course/tools/sdk/imt_sdk_win_64/winavr/bin/../lib/gcc/avr/4.3.3/avr51\libgcc.a(_clz.o)

.debug_info     0x00000000     0x171e
 *(.debug_info)
 .debug_info    0x00000000      0x47a e:/embedded course/tools/sdk/imt_sdk_win_64/winavr/bin/../lib/gcc/avr/4.3.3/avr51\libgcc.a(_addsub_sf.o)
 .debug_info    0x0000047a      0x485 e:/embedded course/tools/sdk/imt_sdk_win_64/winavr/bin/../lib/gcc/avr/4.3.3/avr51\libgcc.a(_mul_sf.o)
 .debug_info    0x000008ff      0x3fc e:/embedded course/tools/sdk/imt_sdk_win_64/winavr/bin/../lib/gcc/avr/4.3.3/avr51\libgcc.a(_div_sf.o)
 .debug_info    0x00000cfb      0x207 e:/embedded course/tools/sdk/imt_sdk_win_64/winavr/bin/../lib/gcc/avr/4.3.3/avr51\libgcc.a(_si_to_sf.o)
 .debug_info    0x00000f02      0x12c e:/embedded course/tools/sdk/imt_sdk_win_64/winavr/bin/../lib/gcc/avr/4.3.3/avr51\libgcc.a(_thenan_sf.o)
 .debug_info    0x0000102e      0x117 e:/embedded course/tools/sdk/imt_sdk_win_64/winavr/bin/../lib/gcc/avr/4.3.3/avr51\libgcc.a(_clzsi2.o)
 .debug_info    0x00001145      0x2df e:/embedded course/tools/sdk/imt_sdk_win_64/winavr/bin/../lib/gcc/avr/4.3.3/avr51\libgcc.a(_pack_sf.o)
 .debug_info    0x00001424      0x251 e:/embedded course/tools/sdk/imt_sdk_win_64/winavr/bin/../lib/gcc/avr/4.3.3/avr51\libgcc.a(_unpack_sf.o)
 .debug_info    0x00001675       0xa9 e:/embedded course/tools/sdk/imt_sdk_win_64/winavr/bin/../lib/gcc/avr/4.3.3/avr51\libgcc.a(_clz.o)
 *(.gnu.linkonce.wi.*)

.debug_abbrev   0x00000000      0xc52
 *(.debug_abbrev)
 .debug_abbrev  0x00000000      0x1ea e:/embedded course/tools/sdk/imt_sdk_win_64/winavr/bin/../lib/gcc/avr/4.3.3/avr51\libgcc.a(_addsub_sf.o)
 .debug_abbrev  0x000001ea      0x21b e:/embedded course/tools/sdk/imt_sdk_win_64/winavr/bin/../lib/gcc/avr/4.3.3/avr51\libgcc.a(_mul_sf.o)
 .debug_abbrev  0x00000405      0x216 e:/embedded course/tools/sdk/imt_sdk_win_64/winavr/bin/../lib/gcc/avr/4.3.3/avr51\libgcc.a(_div_sf.o)
 .debug_abbrev  0x0000061b      0x148 e:/embedded course/tools/sdk/imt_sdk_win_64/winavr/bin/../lib/gcc/avr/4.3.3/avr51\libgcc.a(_si_to_sf.o)
 .debug_abbrev  0x00000763       0xad e:/embedded course/tools/sdk/imt_sdk_win_64/winavr/bin/../lib/gcc/avr/4.3.3/avr51\libgcc.a(_thenan_sf.o)
 .debug_abbrev  0x00000810       0xc4 e:/embedded course/tools/sdk/imt_sdk_win_64/winavr/bin/../lib/gcc/avr/4.3.3/avr51\libgcc.a(_clzsi2.o)
 .debug_abbrev  0x000008d4      0x1c0 e:/embedded course/tools/sdk/imt_sdk_win_64/winavr/bin/../lib/gcc/avr/4.3.3/avr51\libgcc.a(_pack_sf.o)
 .debug_abbrev  0x00000a94      0x154 e:/embedded course/tools/sdk/imt_sdk_win_64/winavr/bin/../lib/gcc/avr/4.3.3/avr51\libgcc.a(_unpack_sf.o)
 .debug_abbrev  0x00000be8       0x6a e:/embedded course/tools/sdk/imt_sdk_win_64/winavr/bin/../lib/gcc/avr/4.3.3/avr51\libgcc.a(_clz.o)

.debug_line     0x00000000      0xc78
 *(.debug_line)
 .debug_line    0x00000000      0x2af e:/embedded course/tools/sdk/imt_sdk_win_64/winavr/bin/../lib/gcc/avr/4.3.3/avr51\libgcc.a(_addsub_sf.o)
 .debug_line    0x000002af      0x239 e:/embedded course/tools/sdk/imt_sdk_win_64/winavr/bin/../lib/gcc/avr/4.3.3/avr51\libgcc.a(_mul_sf.o)
 .debug_line    0x000004e8      0x1d5 e:/embedded course/tools/sdk/imt_sdk_win_64/winavr/bin/../lib/gcc/avr/4.3.3/avr51\libgcc.a(_div_sf.o)
 .debug_line    0x000006bd      0x135 e:/embedded course/tools/sdk/imt_sdk_win_64/winavr/bin/../lib/gcc/avr/4.3.3/avr51\libgcc.a(_si_to_sf.o)
 .debug_line    0x000007f2       0x90 e:/embedded course/tools/sdk/imt_sdk_win_64/winavr/bin/../lib/gcc/avr/4.3.3/avr51\libgcc.a(_thenan_sf.o)
 .debug_line    0x00000882       0xa5 e:/embedded course/tools/sdk/imt_sdk_win_64/winavr/bin/../lib/gcc/avr/4.3.3/avr51\libgcc.a(_clzsi2.o)
 .debug_line    0x00000927      0x18a e:/embedded course/tools/sdk/imt_sdk_win_64/winavr/bin/../lib/gcc/avr/4.3.3/avr51\libgcc.a(_pack_sf.o)
 .debug_line    0x00000ab1      0x14b e:/embedded course/tools/sdk/imt_sdk_win_64/winavr/bin/../lib/gcc/avr/4.3.3/avr51\libgcc.a(_unpack_sf.o)
 .debug_line    0x00000bfc       0x7c e:/embedded course/tools/sdk/imt_sdk_win_64/winavr/bin/../lib/gcc/avr/4.3.3/avr51\libgcc.a(_clz.o)

.debug_frame    0x00000000      0x100
 *(.debug_frame)
 .debug_frame   0x00000000       0x40 e:/embedded course/tools/sdk/imt_sdk_win_64/winavr/bin/../lib/gcc/avr/4.3.3/avr51\libgcc.a(_addsub_sf.o)
 .debug_frame   0x00000040       0x20 e:/embedded course/tools/sdk/imt_sdk_win_64/winavr/bin/../lib/gcc/avr/4.3.3/avr51\libgcc.a(_mul_sf.o)
 .debug_frame   0x00000060       0x20 e:/embedded course/tools/sdk/imt_sdk_win_64/winavr/bin/../lib/gcc/avr/4.3.3/avr51\libgcc.a(_div_sf.o)
 .debug_frame   0x00000080       0x20 e:/embedded course/tools/sdk/imt_sdk_win_64/winavr/bin/../lib/gcc/avr/4.3.3/avr51\libgcc.a(_si_to_sf.o)
 .debug_frame   0x000000a0       0x20 e:/embedded course/tools/sdk/imt_sdk_win_64/winavr/bin/../lib/gcc/avr/4.3.3/avr51\libgcc.a(_clzsi2.o)
 .debug_frame   0x000000c0       0x20 e:/embedded course/tools/sdk/imt_sdk_win_64/winavr/bin/../lib/gcc/avr/4.3.3/avr51\libgcc.a(_pack_sf.o)
 .debug_frame   0x000000e0       0x20 e:/embedded course/tools/sdk/imt_sdk_win_64/winavr/bin/../lib/gcc/avr/4.3.3/avr51\libgcc.a(_unpack_sf.o)

.debug_str      0x00000000      0x2b5
 *(.debug_str)
 .debug_str     0x00000000      0x19f e:/embedded course/tools/sdk/imt_sdk_win_64/winavr/bin/../lib/gcc/avr/4.3.3/avr51\libgcc.a(_addsub_sf.o)
                                0x207 (size before relaxing)
 .debug_str     0x0000019f       0x27 e:/embedded course/tools/sdk/imt_sdk_win_64/winavr/bin/../lib/gcc/avr/4.3.3/avr51\libgcc.a(_mul_sf.o)
                                0x1c0 (size before relaxing)
 .debug_str     0x000001c6       0x35 e:/embedded course/tools/sdk/imt_sdk_win_64/winavr/bin/../lib/gcc/avr/4.3.3/avr51\libgcc.a(_div_sf.o)
                                0x1c9 (size before relaxing)
 .debug_str     0x000001fb       0x1e e:/embedded course/tools/sdk/imt_sdk_win_64/winavr/bin/../lib/gcc/avr/4.3.3/avr51\libgcc.a(_si_to_sf.o)
                                0x17c (size before relaxing)
 .debug_str     0x00000000      0x104 e:/embedded course/tools/sdk/imt_sdk_win_64/winavr/bin/../lib/gcc/avr/4.3.3/avr51\libgcc.a(_thenan_sf.o)
 .debug_str     0x00000219       0x81 e:/embedded course/tools/sdk/imt_sdk_win_64/winavr/bin/../lib/gcc/avr/4.3.3/avr51\libgcc.a(_clzsi2.o)
                                0x112 (size before relaxing)
 .debug_str     0x0000029a       0x10 e:/embedded course/tools/sdk/imt_sdk_win_64/winavr/bin/../lib/gcc/avr/4.3.3/avr51\libgcc.a(_pack_sf.o)
                                0x19e (size before relaxing)
 .debug_str     0x000002aa        0xb e:/embedded course/tools/sdk/imt_sdk_win_64/winavr/bin/../lib/gcc/avr/4.3.3/avr51\libgcc.a(_unpack_sf.o)
                                0x180 (size before relaxing)
 .debug_str     0x00000000       0xf5 e:/embedded course/tools/sdk/imt_sdk_win_64/winavr/bin/../lib/gcc/avr/4.3.3/avr51\libgcc.a(_clz.o)

.debug_loc      0x00000000      0x818
 *(.debug_loc)
 .debug_loc     0x00000000      0x32a e:/embedded course/tools/sdk/imt_sdk_win_64/winavr/bin/../lib/gcc/avr/4.3.3/avr51\libgcc.a(_addsub_sf.o)
 .debug_loc     0x0000032a      0x104 e:/embedded course/tools/sdk/imt_sdk_win_64/winavr/bin/../lib/gcc/avr/4.3.3/avr51\libgcc.a(_mul_sf.o)
 .debug_loc     0x0000042e       0xc0 e:/embedded course/tools/sdk/imt_sdk_win_64/winavr/bin/../lib/gcc/avr/4.3.3/avr51\libgcc.a(_div_sf.o)
 .debug_loc     0x000004ee       0xac e:/embedded course/tools/sdk/imt_sdk_win_64/winavr/bin/../lib/gcc/avr/4.3.3/avr51\libgcc.a(_si_to_sf.o)
 .debug_loc     0x0000059a       0x94 e:/embedded course/tools/sdk/imt_sdk_win_64/winavr/bin/../lib/gcc/avr/4.3.3/avr51\libgcc.a(_clzsi2.o)
 .debug_loc     0x0000062e      0x13e e:/embedded course/tools/sdk/imt_sdk_win_64/winavr/bin/../lib/gcc/avr/4.3.3/avr51\libgcc.a(_pack_sf.o)
 .debug_loc     0x0000076c       0xac e:/embedded course/tools/sdk/imt_sdk_win_64/winavr/bin/../lib/gcc/avr/4.3.3/avr51\libgcc.a(_unpack_sf.o)

.debug_macinfo
 *(.debug_macinfo)
OUTPUT(Control.elf elf32-avr)
LOAD linker stubs

.debug_ranges   0x00000000       0x50
 .debug_ranges  0x00000000       0x50 e:/embedded course/tools/sdk/imt_sdk_win_64/winavr/bin/../lib/gcc/avr/4.3.3/avr51\libgcc.a(_mul_sf.o)
